<!DOCTYPE html>
<html devsite="">
  <head>
    <meta name="project_path" value="/nodejs/docs/reference/_project.yaml">
    <meta name="book_path" value="/nodejs/docs/reference/scheduler/latest/_book.yaml">
  </head>
  <body>
    {% verbatim %}
    <div>
      <article data-uid="@google-cloud/scheduler!google.cloud.scheduler.v1.IRunJobRequest:interface">
<h1 class="page-title">Interface google.cloud.scheduler.v1.IRunJobRequest (2.1.1)</h1>
  
  
  <div class="markdown level0 summary"><p>Properties of a RunJobRequest.</p>
</div>
  <h2>Package</h2>
  <span class="xref">@google-cloud/scheduler!</span>
  <h2 id="properties">Properties
  </h2>
  <h3 id="_google_cloud_scheduler_google_cloud_scheduler_v1_IRunJobRequest_name_member" data-uid="@google-cloud/scheduler!google.cloud.scheduler.v1.IRunJobRequest#name:member" class="notranslate">name</h3>
  <div class="codewrapper">
    <pre class="prettyprint"><code>name?: (string|null);</code></pre>
  </div>
  <div class="markdown level1 summary"><p>RunJobRequest name</p>
</div>
  <strong>Property Value</strong>
  <table class="responsive">
    <tbody>
      <tr>
        <td><strong>Type</strong></td>
        <td><strong>Description</strong></td>
      </tr>
      <tr>
        <td><span class="xref">(string|null)</span></td>
        <td></td>
      </tr>
    </tbody>
  </table>
</article>
    </div>
    {% endverbatim %}
  </body>
</html>
