<!DOCTYPE html>
<html devsite="">
  <head>
    <meta name="project_path" value="/nodejs/_project.yaml">
    <meta name="book_path" value="/nodejs/_book.yaml">
  </head>
  <body>
    {% verbatim %}
    <div>
      <article data-uid="@google-cloud/scheduler!google.cloud.scheduler.v1.IRetryConfig:interface">
<h1 class="page-title">Interface google.cloud.scheduler.v1.IRetryConfig
</h1>
  
  
  <div class="markdown level0 summary"><p>Properties of a RetryConfig.</p>
</div>
  <h2>Package</h2>
  <span class="xref">@google-cloud/scheduler!</span>
  <h2 id="properties">Properties
  </h2>
  <h3 id="_google_cloud_scheduler_google_cloud_scheduler_v1_IRetryConfig_maxBackoffDuration_member" data-uid="@google-cloud/scheduler!google.cloud.scheduler.v1.IRetryConfig#maxBackoffDuration:member" class="notranslate">maxBackoffDuration</h3>
  <div class="codewrapper">
    <pre class="prettyprint"><code>maxBackoffDuration?: (google.protobuf.IDuration|null);</code></pre>
  </div>
  <div class="markdown level1 summary"><p>RetryConfig maxBackoffDuration</p>
</div>
  <table class="responsive">
    <thead>
      <tr>
        <th colspan="2"><strong>Property Value</strong></th>
      </tr>
    </thead>
    <tbody>
      <tr>
        <td><strong>Type</strong></td>
        <td><strong>Description</strong></td>
      </tr>
      <tr>
        <td>(<span class="xref">google.protobuf.IDuration</span>|null)</td>
        <td></td>
      </tr>
    </tbody>
  </table>
  <h3 id="_google_cloud_scheduler_google_cloud_scheduler_v1_IRetryConfig_maxDoublings_member" data-uid="@google-cloud/scheduler!google.cloud.scheduler.v1.IRetryConfig#maxDoublings:member" class="notranslate">maxDoublings</h3>
  <div class="codewrapper">
    <pre class="prettyprint"><code>maxDoublings?: (number|null);</code></pre>
  </div>
  <div class="markdown level1 summary"><p>RetryConfig maxDoublings</p>
</div>
  <table class="responsive">
    <thead>
      <tr>
        <th colspan="2"><strong>Property Value</strong></th>
      </tr>
    </thead>
    <tbody>
      <tr>
        <td><strong>Type</strong></td>
        <td><strong>Description</strong></td>
      </tr>
      <tr>
        <td><span class="xref">(number|null)</span></td>
        <td></td>
      </tr>
    </tbody>
  </table>
  <h3 id="_google_cloud_scheduler_google_cloud_scheduler_v1_IRetryConfig_maxRetryDuration_member" data-uid="@google-cloud/scheduler!google.cloud.scheduler.v1.IRetryConfig#maxRetryDuration:member" class="notranslate">maxRetryDuration</h3>
  <div class="codewrapper">
    <pre class="prettyprint"><code>maxRetryDuration?: (google.protobuf.IDuration|null);</code></pre>
  </div>
  <div class="markdown level1 summary"><p>RetryConfig maxRetryDuration</p>
</div>
  <table class="responsive">
    <thead>
      <tr>
        <th colspan="2"><strong>Property Value</strong></th>
      </tr>
    </thead>
    <tbody>
      <tr>
        <td><strong>Type</strong></td>
        <td><strong>Description</strong></td>
      </tr>
      <tr>
        <td>(<span class="xref">google.protobuf.IDuration</span>|null)</td>
        <td></td>
      </tr>
    </tbody>
  </table>
  <h3 id="_google_cloud_scheduler_google_cloud_scheduler_v1_IRetryConfig_minBackoffDuration_member" data-uid="@google-cloud/scheduler!google.cloud.scheduler.v1.IRetryConfig#minBackoffDuration:member" class="notranslate">minBackoffDuration</h3>
  <div class="codewrapper">
    <pre class="prettyprint"><code>minBackoffDuration?: (google.protobuf.IDuration|null);</code></pre>
  </div>
  <div class="markdown level1 summary"><p>RetryConfig minBackoffDuration</p>
</div>
  <table class="responsive">
    <thead>
      <tr>
        <th colspan="2"><strong>Property Value</strong></th>
      </tr>
    </thead>
    <tbody>
      <tr>
        <td><strong>Type</strong></td>
        <td><strong>Description</strong></td>
      </tr>
      <tr>
        <td>(<span class="xref">google.protobuf.IDuration</span>|null)</td>
        <td></td>
      </tr>
    </tbody>
  </table>
  <h3 id="_google_cloud_scheduler_google_cloud_scheduler_v1_IRetryConfig_retryCount_member" data-uid="@google-cloud/scheduler!google.cloud.scheduler.v1.IRetryConfig#retryCount:member" class="notranslate">retryCount</h3>
  <div class="codewrapper">
    <pre class="prettyprint"><code>retryCount?: (number|null);</code></pre>
  </div>
  <div class="markdown level1 summary"><p>RetryConfig retryCount</p>
</div>
  <table class="responsive">
    <thead>
      <tr>
        <th colspan="2"><strong>Property Value</strong></th>
      </tr>
    </thead>
    <tbody>
      <tr>
        <td><strong>Type</strong></td>
        <td><strong>Description</strong></td>
      </tr>
      <tr>
        <td><span class="xref">(number|null)</span></td>
        <td></td>
      </tr>
    </tbody>
  </table>
</article>
    </div>
    {% endverbatim %}
  </body>
</html>
