<!DOCTYPE html>
<html devsite="">
  <head>
    <meta name="project_path" value="/nodejs/_project.yaml">
    <meta name="book_path" value="/nodejs/_book.yaml">
  </head>
  <body>
    <div>
      <article data-uid="@google-cloud/scheduler!google.cloud.scheduler.v1.IOAuthToken:interface">
<h1 class="page-title">Interface google.cloud.scheduler.v1.IOAuthToken
</h1>
  
  
  <div class="markdown level0 summary"><p>Properties of a OAuthToken.</p>
</div>
  <div class="markdown level0 conceptual"></div>
  <h6><strong>Package</strong>: <span class="xref">@google-cloud/scheduler!</span></h6>
  <h3 id="_google_cloud_scheduler_google_cloud_scheduler_v1_IOAuthToken_scope_member" data-uid="@google-cloud/scheduler!google.cloud.scheduler.v1.IOAuthToken#scope:member" class="notranslate">scope</h3>
  <div class="codewrapper">
    <pre><code class="prettyprint">scope?: (string|null);</code></pre>
  </div>
  <div class="markdown level1 summary"><p>OAuthToken scope</p>
</div>
  <div class="markdown level1 conceptual"></div>
  Property Value
  <table class="table table-bordered table-striped table-condensed">
    <thead>
      <tr>
        <th>Type</th>
        <th>Description</th>
      </tr>
    </thead>
    <tbody>
      <tr>
        <td><span class="xref">(string|null)</span></td>
        <td></td>
      </tr>
    </tbody>
  </table>
  <h3 id="_google_cloud_scheduler_google_cloud_scheduler_v1_IOAuthToken_serviceAccountEmail_member" data-uid="@google-cloud/scheduler!google.cloud.scheduler.v1.IOAuthToken#serviceAccountEmail:member" class="notranslate">serviceAccountEmail</h3>
  <div class="codewrapper">
    <pre><code class="prettyprint">serviceAccountEmail?: (string|null);</code></pre>
  </div>
  <div class="markdown level1 summary"><p>OAuthToken serviceAccountEmail</p>
</div>
  <div class="markdown level1 conceptual"></div>
  Property Value
  <table class="table table-bordered table-striped table-condensed">
    <thead>
      <tr>
        <th>Type</th>
        <th>Description</th>
      </tr>
    </thead>
    <tbody>
      <tr>
        <td><span class="xref">(string|null)</span></td>
        <td></td>
      </tr>
    </tbody>
  </table>
</article>
    </div>
  </body>
</html>
