
toc:
- title: 'scheduler'
  section:
  - title: 'CustomHttpPattern'
    path: /nodejs/docs/reference/scheduler/latest/
  - title: 'FieldBehavior'
    path: /nodejs/docs/reference/scheduler/latest/
  - title: 'Http'
    path: /nodejs/docs/reference/scheduler/latest/
  - title: 'HttpRule'
    path: /nodejs/docs/reference/scheduler/latest/
  - title: 'ResourceDescriptor (Class)'
    path: /nodejs/docs/reference/scheduler/latest/
  - title: 'History'
    path: /nodejs/docs/reference/scheduler/latest/
  - title: 'ResourceReference'
    path: /nodejs/docs/reference/scheduler/latest/
  - title: 'AppEngineHttpTarget'
    path: /nodejs/docs/reference/scheduler/latest/google.cloud.scheduler.v1.appenginehttptarget.html
  - title: 'AppEngineRouting'
    path: /nodejs/docs/reference/scheduler/latest/google.cloud.scheduler.v1.appenginerouting.html
  - title: 'CloudScheduler (Class)'
    path: /nodejs/docs/reference/scheduler/latest/google.cloud.scheduler.v1.cloudscheduler-class.html
  - title: 'CreateJobRequest'
    path: /nodejs/docs/reference/scheduler/latest/google.cloud.scheduler.v1.createjobrequest.html
  - title: 'DeleteJobRequest'
    path: /nodejs/docs/reference/scheduler/latest/google.cloud.scheduler.v1.deletejobrequest.html
  - title: 'GetJobRequest'
    path: /nodejs/docs/reference/scheduler/latest/google.cloud.scheduler.v1.getjobrequest.html
  - title: 'HttpMethod'
    path: /nodejs/docs/reference/scheduler/latest/google.cloud.scheduler.v1.httpmethod.html
  - title: 'HttpTarget'
    path: /nodejs/docs/reference/scheduler/latest/google.cloud.scheduler.v1.httptarget.html
  - title: 'Job (Class)'
    path: /nodejs/docs/reference/scheduler/latest/google.cloud.scheduler.v1.job-class.html
  - title: 'State'
    path: /nodejs/docs/reference/scheduler/latest/google.cloud.scheduler.v1.job.state.html
  - title: 'ListJobsRequest'
    path: /nodejs/docs/reference/scheduler/latest/google.cloud.scheduler.v1.listjobsrequest.html
  - title: 'ListJobsResponse'
    path: /nodejs/docs/reference/scheduler/latest/google.cloud.scheduler.v1.listjobsresponse.html
  - title: 'OAuthToken'
    path: /nodejs/docs/reference/scheduler/latest/google.cloud.scheduler.v1.oauthtoken.html
  - title: 'OidcToken'
    path: /nodejs/docs/reference/scheduler/latest/google.cloud.scheduler.v1.oidctoken.html
  - title: 'PauseJobRequest'
    path: /nodejs/docs/reference/scheduler/latest/google.cloud.scheduler.v1.pausejobrequest.html
  - title: 'PubsubTarget'
    path: /nodejs/docs/reference/scheduler/latest/google.cloud.scheduler.v1.pubsubtarget.html
  - title: 'ResumeJobRequest'
    path: /nodejs/docs/reference/scheduler/latest/google.cloud.scheduler.v1.resumejobrequest.html
  - title: 'RetryConfig'
    path: /nodejs/docs/reference/scheduler/latest/google.cloud.scheduler.v1.retryconfig.html
  - title: 'RunJobRequest'
    path: /nodejs/docs/reference/scheduler/latest/google.cloud.scheduler.v1.runjobrequest.html
  - title: 'UpdateJobRequest'
    path: /nodejs/docs/reference/scheduler/latest/google.cloud.scheduler.v1.updatejobrequest.html
  - title: 'AppEngineHttpTarget'
    path: /nodejs/docs/reference/scheduler/latest/
  - title: 'AppEngineRouting'
    path: /nodejs/docs/reference/scheduler/latest/
  - title: 'CloudScheduler (Class)'
    path: /nodejs/docs/reference/scheduler/latest/
  - title: 'CreateJobRequest'
    path: /nodejs/docs/reference/scheduler/latest/
  - title: 'DeleteJobRequest'
    path: /nodejs/docs/reference/scheduler/latest/
  - title: 'GetJobRequest'
    path: /nodejs/docs/reference/scheduler/latest/
  - title: 'HttpMethod'
    path: /nodejs/docs/reference/scheduler/latest/
  - title: 'HttpTarget'
    path: /nodejs/docs/reference/scheduler/latest/
  - title: 'Job (Class)'
    path: /nodejs/docs/reference/scheduler/latest/
  - title: 'State'
    path: /nodejs/docs/reference/scheduler/latest/
  - title: 'ListJobsRequest'
    path: /nodejs/docs/reference/scheduler/latest/
  - title: 'ListJobsResponse'
    path: /nodejs/docs/reference/scheduler/latest/
  - title: 'OAuthToken'
    path: /nodejs/docs/reference/scheduler/latest/
  - title: 'OidcToken'
    path: /nodejs/docs/reference/scheduler/latest/
  - title: 'PauseJobRequest'
    path: /nodejs/docs/reference/scheduler/latest/
  - title: 'PubsubTarget'
    path: /nodejs/docs/reference/scheduler/latest/
  - title: 'ResumeJobRequest'
    path: /nodejs/docs/reference/scheduler/latest/
  - title: 'RetryConfig'
    path: /nodejs/docs/reference/scheduler/latest/
  - title: 'RunJobRequest'
    path: /nodejs/docs/reference/scheduler/latest/
  - title: 'UpdateJobRequest'
    path: /nodejs/docs/reference/scheduler/latest/
  - title: 'Any'
    path: /nodejs/docs/reference/scheduler/latest/
  - title: 'DescriptorProto (Class)'
    path: /nodejs/docs/reference/scheduler/latest/
  - title: 'ExtensionRange'
    path: /nodejs/docs/reference/scheduler/latest/
  - title: 'ReservedRange'
    path: /nodejs/docs/reference/scheduler/latest/
  - title: 'Duration'
    path: /nodejs/docs/reference/scheduler/latest/
  - title: 'Empty'
    path: /nodejs/docs/reference/scheduler/latest/
  - title: 'EnumDescriptorProto (Class)'
    path: /nodejs/docs/reference/scheduler/latest/
  - title: 'EnumReservedRange'
    path: /nodejs/docs/reference/scheduler/latest/
  - title: 'EnumOptions'
    path: /nodejs/docs/reference/scheduler/latest/
  - title: 'EnumValueDescriptorProto'
    path: /nodejs/docs/reference/scheduler/latest/
  - title: 'EnumValueOptions'
    path: /nodejs/docs/reference/scheduler/latest/
  - title: 'ExtensionRangeOptions'
    path: /nodejs/docs/reference/scheduler/latest/
  - title: 'FieldDescriptorProto (Class)'
    path: /nodejs/docs/reference/scheduler/latest/
  - title: 'Label'
    path: /nodejs/docs/reference/scheduler/latest/
  - title: 'Type'
    path: /nodejs/docs/reference/scheduler/latest/
  - title: 'FieldMask'
    path: /nodejs/docs/reference/scheduler/latest/
  - title: 'FieldOptions (Class)'
    path: /nodejs/docs/reference/scheduler/latest/
  - title: 'CType'
    path: /nodejs/docs/reference/scheduler/latest/
  - title: 'JSType'
    path: /nodejs/docs/reference/scheduler/latest/
  - title: 'FileDescriptorProto'
    path: /nodejs/docs/reference/scheduler/latest/
  - title: 'FileDescriptorSet'
    path: /nodejs/docs/reference/scheduler/latest/
  - title: 'FileOptions (Class)'
    path: /nodejs/docs/reference/scheduler/latest/
  - title: 'OptimizeMode'
    path: /nodejs/docs/reference/scheduler/latest/
  - title: 'GeneratedCodeInfo (Class)'
    path: /nodejs/docs/reference/scheduler/latest/
  - title: 'Annotation'
    path: /nodejs/docs/reference/scheduler/latest/
  - title: 'MessageOptions'
    path: /nodejs/docs/reference/scheduler/latest/
  - title: 'MethodDescriptorProto'
    path: /nodejs/docs/reference/scheduler/latest/
  - title: 'MethodOptions (Class)'
    path: /nodejs/docs/reference/scheduler/latest/
  - title: 'IdempotencyLevel'
    path: /nodejs/docs/reference/scheduler/latest/
  - title: 'OneofDescriptorProto'
    path: /nodejs/docs/reference/scheduler/latest/
  - title: 'OneofOptions'
    path: /nodejs/docs/reference/scheduler/latest/
  - title: 'ServiceDescriptorProto'
    path: /nodejs/docs/reference/scheduler/latest/
  - title: 'ServiceOptions'
    path: /nodejs/docs/reference/scheduler/latest/
  - title: 'SourceCodeInfo (Class)'
    path: /nodejs/docs/reference/scheduler/latest/
  - title: 'Location'
    path: /nodejs/docs/reference/scheduler/latest/
  - title: 'Timestamp'
    path: /nodejs/docs/reference/scheduler/latest/
  - title: 'UninterpretedOption (Class)'
    path: /nodejs/docs/reference/scheduler/latest/
  - title: 'NamePart'
    path: /nodejs/docs/reference/scheduler/latest/
  - title: 'Status'
    path: /nodejs/docs/reference/scheduler/latest/
