<!DOCTYPE html>
<html devsite="">
  <head>
    <meta name="project_path" value="/ruby/_project.yaml">
    <meta name="book_path" value="/ruby/_book.yaml">
  </head>
  <body>
    {% verbatim %}
    <div>
      <article data-uid="Google">
<h1 class="page-title">Module Google

</h1>
  
  
</article>
    </div>
    {% endverbatim %}
  </body>
</html>
