<!DOCTYPE html>
<html devsite="">
  <head>
    <meta name="project_path" value="/ruby/_project.yaml">
    <meta name="book_path" value="/ruby/_book.yaml">
  </head>
  <body>
    {% verbatim %}
    <div>
      <article data-uid="Google::Cloud::Vision::V1::ProductSearchResults::GroupedResult">
<h1 class="page-title">Class Google::Cloud::Vision::V1::ProductSearchResults::GroupedResult
</h1>
  
  
  <div class="markdown level0 summary"><p>Information about the products similar to a single product in a query
image.</p>
</div>
  <div class="inheritance">
    <h2>Inherits</h2>
    <ul>
      <li>
        Object
      </li>
    </ul>
  </div>
  <div class="inheritance">
    <h2>Extended By</h2>
    <ul>
      <li>
        Google::Protobuf::MessageExts::ClassMethods
      </li>
    </ul>
  </div>
  <div class="inheritance">
    <h2>Includes</h2>
    <ul>
      <li>
        Google::Protobuf::MessageExts
      </li>
    </ul>
  </div>
  <h2 id="methods">Methods
  </h2>
  <h3 id="Google__Cloud__Vision__V1__ProductSearchResults__GroupedResult_bounding_poly_instance_" data-uid="Google::Cloud::Vision::V1::ProductSearchResults::GroupedResult#bounding_poly(instance)" class="notranslate">#bounding_poly</h3>
  <div class="codewrapper">
    <pre class="prettyprint"><code>def bounding_poly() -&gt; ::Google::Cloud::Vision::V1::BoundingPoly</code></pre>
  </div>
  <div class="level1 summary">
    <strong>Returns</strong>
    <ul>
      <li>
        (<a href="./Google-Cloud-Vision-V1-BoundingPoly">::Google::Cloud::Vision::V1::BoundingPoly</a>) — The bounding polygon around the product detected in the query image.
      </li>
    </ul>
  </div>
  <h3 id="Google__Cloud__Vision__V1__ProductSearchResults__GroupedResult_bounding_poly__instance_" data-uid="Google::Cloud::Vision::V1::ProductSearchResults::GroupedResult#bounding_poly=(instance)" class="notranslate">#bounding_poly=</h3>
  <div class="codewrapper">
    <pre class="prettyprint"><code>def bounding_poly=(value) -&gt; ::Google::Cloud::Vision::V1::BoundingPoly</code></pre>
  </div>
  <div class="level1 summary">
    <strong>Parameter</strong>
    <ul>
      <li>
        <strong>value</strong> (<a href="./Google-Cloud-Vision-V1-BoundingPoly">::Google::Cloud::Vision::V1::BoundingPoly</a>) — The bounding polygon around the product detected in the query image.
      </li>
    </ul>
  </div>
  <div class="level1 summary">
    <strong>Returns</strong>
    <ul>
      <li>
        (<a href="./Google-Cloud-Vision-V1-BoundingPoly">::Google::Cloud::Vision::V1::BoundingPoly</a>) — The bounding polygon around the product detected in the query image.
      </li>
    </ul>
  </div>
  <h3 id="Google__Cloud__Vision__V1__ProductSearchResults__GroupedResult_object_annotations_instance_" data-uid="Google::Cloud::Vision::V1::ProductSearchResults::GroupedResult#object_annotations(instance)" class="notranslate">#object_annotations</h3>
  <div class="codewrapper">
    <pre class="prettyprint"><code>def object_annotations() -&gt; ::Array&lt;::Google::Cloud::Vision::V1::ProductSearchResults::ObjectAnnotation&gt;</code></pre>
  </div>
  <div class="level1 summary">
    <strong>Returns</strong>
    <ul>
      <li>
        (::Array&lt;<a href="./Google-Cloud-Vision-V1-ProductSearchResults-ObjectAnnotation">::Google::Cloud::Vision::V1::ProductSearchResults::ObjectAnnotation</a>&gt;) — List of generic predictions for the object in the bounding box.
      </li>
    </ul>
  </div>
  <h3 id="Google__Cloud__Vision__V1__ProductSearchResults__GroupedResult_object_annotations__instance_" data-uid="Google::Cloud::Vision::V1::ProductSearchResults::GroupedResult#object_annotations=(instance)" class="notranslate">#object_annotations=</h3>
  <div class="codewrapper">
    <pre class="prettyprint"><code>def object_annotations=(value) -&gt; ::Array&lt;::Google::Cloud::Vision::V1::ProductSearchResults::ObjectAnnotation&gt;</code></pre>
  </div>
  <div class="level1 summary">
    <strong>Parameter</strong>
    <ul>
      <li>
        <strong>value</strong> (::Array&lt;<a href="./Google-Cloud-Vision-V1-ProductSearchResults-ObjectAnnotation">::Google::Cloud::Vision::V1::ProductSearchResults::ObjectAnnotation</a>&gt;) — List of generic predictions for the object in the bounding box.
      </li>
    </ul>
  </div>
  <div class="level1 summary">
    <strong>Returns</strong>
    <ul>
      <li>
        (::Array&lt;<a href="./Google-Cloud-Vision-V1-ProductSearchResults-ObjectAnnotation">::Google::Cloud::Vision::V1::ProductSearchResults::ObjectAnnotation</a>&gt;) — List of generic predictions for the object in the bounding box.
      </li>
    </ul>
  </div>
  <h3 id="Google__Cloud__Vision__V1__ProductSearchResults__GroupedResult_results_instance_" data-uid="Google::Cloud::Vision::V1::ProductSearchResults::GroupedResult#results(instance)" class="notranslate">#results</h3>
  <div class="codewrapper">
    <pre class="prettyprint"><code>def results() -&gt; ::Array&lt;::Google::Cloud::Vision::V1::ProductSearchResults::Result&gt;</code></pre>
  </div>
  <div class="level1 summary">
    <strong>Returns</strong>
    <ul>
      <li>
        (::Array&lt;<a href="./Google-Cloud-Vision-V1-ProductSearchResults-Result">::Google::Cloud::Vision::V1::ProductSearchResults::Result</a>&gt;) — List of results, one for each product match.
      </li>
    </ul>
  </div>
  <h3 id="Google__Cloud__Vision__V1__ProductSearchResults__GroupedResult_results__instance_" data-uid="Google::Cloud::Vision::V1::ProductSearchResults::GroupedResult#results=(instance)" class="notranslate">#results=</h3>
  <div class="codewrapper">
    <pre class="prettyprint"><code>def results=(value) -&gt; ::Array&lt;::Google::Cloud::Vision::V1::ProductSearchResults::Result&gt;</code></pre>
  </div>
  <div class="level1 summary">
    <strong>Parameter</strong>
    <ul>
      <li>
        <strong>value</strong> (::Array&lt;<a href="./Google-Cloud-Vision-V1-ProductSearchResults-Result">::Google::Cloud::Vision::V1::ProductSearchResults::Result</a>&gt;) — List of results, one for each product match.
      </li>
    </ul>
  </div>
  <div class="level1 summary">
    <strong>Returns</strong>
    <ul>
      <li>
        (::Array&lt;<a href="./Google-Cloud-Vision-V1-ProductSearchResults-Result">::Google::Cloud::Vision::V1::ProductSearchResults::Result</a>&gt;) — List of results, one for each product match.
      </li>
    </ul>
  </div>
</article>
    </div>
    {% endverbatim %}
  </body>
</html>
