<!DOCTYPE html>
<html devsite="">
  <head>
    <meta name="project_path" value="/ruby/docs/reference/_project.yaml">
    <meta name="book_path" value="/ruby/docs/reference/google-cloud-vision-v1/latest/_book.yaml">
  </head>
  <body>
    {% verbatim %}
    <div>
      <article data-uid="Google::Cloud::Vision::V1::BatchAnnotateFilesRequest">
<h1 class="page-title">Cloud Vision V1 API - Class Google::Cloud::Vision::V1::BatchAnnotateFilesRequest (v0.6.4)</h1>
  
  
  <div class="markdown level0 summary"><p>Reference documentation and code samples for the Cloud Vision V1 API class Google::Cloud::Vision::V1::BatchAnnotateFilesRequest.</p><p>A list of requests to annotate files using the BatchAnnotateFiles API.</p>
</div>
  <div class="inheritance">
    <h2>Inherits</h2>
    <ul>
      <li>
        Object
      </li>
    </ul>
  </div>
  <div class="inheritance">
    <h2>Extended By</h2>
    <ul>
      <li>
        Google::Protobuf::MessageExts::ClassMethods
      </li>
    </ul>
  </div>
  <div class="inheritance">
    <h2>Includes</h2>
    <ul>
      <li>
        Google::Protobuf::MessageExts
      </li>
    </ul>
  </div>
  <h2 id="methods">Methods
  </h2>
  <h3 id="Google__Cloud__Vision__V1__BatchAnnotateFilesRequest_parent_instance_" data-uid="Google::Cloud::Vision::V1::BatchAnnotateFilesRequest#parent(instance)" class="notranslate">#parent</h3>
  <div class="codewrapper">
    <pre class="prettyprint"><code>def parent() -&gt; ::String</code></pre>
  </div>
  <div class="level1 summary">
    <strong>Returns</strong>
    <ul>
      <li>
        (::String) — Optional. Target project and location to make a call.<p>

<p>Format: <code>projects/{project-id}/locations/{location-id}</code>.</p>

<p>If no parent is specified, a region will be chosen automatically.</p>

<p>Supported location-ids:
    <code>us</code>: USA country only,
    <code>asia</code>: East asia areas, like Japan, Taiwan,
    <code>eu</code>: The European Union.</p>

<p>Example: <code>projects/project-A/locations/eu</code>.
      </li>
    </ul>
  </div>
  <h3 id="Google__Cloud__Vision__V1__BatchAnnotateFilesRequest_parent__instance_" data-uid="Google::Cloud::Vision::V1::BatchAnnotateFilesRequest#parent=(instance)" class="notranslate">#parent=</h3>
  <div class="codewrapper">
    <pre class="prettyprint"><code>def parent=(value) -&gt; ::String</code></pre>
  </div>
  <div class="level1 summary">
    <strong>Parameter</strong>
    <ul>
      <li>
        <strong>value</strong> (::String) — Optional. Target project and location to make a call.<p>

<p>Format: <code>projects/{project-id}/locations/{location-id}</code>.</p>

<p>If no parent is specified, a region will be chosen automatically.</p>

<p>Supported location-ids:
    <code>us</code>: USA country only,
    <code>asia</code>: East asia areas, like Japan, Taiwan,
    <code>eu</code>: The European Union.</p>

<p>Example: <code>projects/project-A/locations/eu</code>.
      </li>
    </ul>
  </div>
  <div class="level1 summary">
    <strong>Returns</strong>
    <ul>
      <li>
        (::String) — Optional. Target project and location to make a call.<p>

<p>Format: <code>projects/{project-id}/locations/{location-id}</code>.</p>

<p>If no parent is specified, a region will be chosen automatically.</p>

<p>Supported location-ids:
    <code>us</code>: USA country only,
    <code>asia</code>: East asia areas, like Japan, Taiwan,
    <code>eu</code>: The European Union.</p>

<p>Example: <code>projects/project-A/locations/eu</code>.
      </li>
    </ul>
  </div>
  <h3 id="Google__Cloud__Vision__V1__BatchAnnotateFilesRequest_requests_instance_" data-uid="Google::Cloud::Vision::V1::BatchAnnotateFilesRequest#requests(instance)" class="notranslate">#requests</h3>
  <div class="codewrapper">
    <pre class="prettyprint"><code>def requests() -&gt; ::Array&lt;::Google::Cloud::Vision::V1::AnnotateFileRequest&gt;</code></pre>
  </div>
  <div class="level1 summary">
    <strong>Returns</strong>
    <ul>
      <li>
        (::Array&lt;<a href="./Google-Cloud-Vision-V1-AnnotateFileRequest">::Google::Cloud::Vision::V1::AnnotateFileRequest</a>&gt;) — Required. The list of file annotation requests. Right now we support only
one AnnotateFileRequest in BatchAnnotateFilesRequest.
      </li>
    </ul>
  </div>
  <h3 id="Google__Cloud__Vision__V1__BatchAnnotateFilesRequest_requests__instance_" data-uid="Google::Cloud::Vision::V1::BatchAnnotateFilesRequest#requests=(instance)" class="notranslate">#requests=</h3>
  <div class="codewrapper">
    <pre class="prettyprint"><code>def requests=(value) -&gt; ::Array&lt;::Google::Cloud::Vision::V1::AnnotateFileRequest&gt;</code></pre>
  </div>
  <div class="level1 summary">
    <strong>Parameter</strong>
    <ul>
      <li>
        <strong>value</strong> (::Array&lt;<a href="./Google-Cloud-Vision-V1-AnnotateFileRequest">::Google::Cloud::Vision::V1::AnnotateFileRequest</a>&gt;) — Required. The list of file annotation requests. Right now we support only
one AnnotateFileRequest in BatchAnnotateFilesRequest.
      </li>
    </ul>
  </div>
  <div class="level1 summary">
    <strong>Returns</strong>
    <ul>
      <li>
        (::Array&lt;<a href="./Google-Cloud-Vision-V1-AnnotateFileRequest">::Google::Cloud::Vision::V1::AnnotateFileRequest</a>&gt;) — Required. The list of file annotation requests. Right now we support only
one AnnotateFileRequest in BatchAnnotateFilesRequest.
      </li>
    </ul>
  </div>
</article>
    </div>
    {% endverbatim %}
  </body>
</html>
