<!DOCTYPE html>
<html devsite="">
  <head>
    <meta name="project_path" value="/ruby/docs/reference/_project.yaml">
    <meta name="book_path" value="/ruby/docs/reference/google-cloud-vision-v1/latest/_book.yaml">
  </head>
  <body>
    {% verbatim %}
    <div>
      <article data-uid="Google::Cloud::Vision::V1::ImageProperties">
<h1 class="page-title">Cloud Vision V1 API - Class Google::Cloud::Vision::V1::ImageProperties (v0.6.4)</h1>
  
  
  <div class="markdown level0 summary"><p>Reference documentation and code samples for the Cloud Vision V1 API class Google::Cloud::Vision::V1::ImageProperties.</p><p>Stores image properties, such as dominant colors.</p>
</div>
  <div class="inheritance">
    <h2>Inherits</h2>
    <ul>
      <li>
        Object
      </li>
    </ul>
  </div>
  <div class="inheritance">
    <h2>Extended By</h2>
    <ul>
      <li>
        Google::Protobuf::MessageExts::ClassMethods
      </li>
    </ul>
  </div>
  <div class="inheritance">
    <h2>Includes</h2>
    <ul>
      <li>
        Google::Protobuf::MessageExts
      </li>
    </ul>
  </div>
  <h2 id="methods">Methods
  </h2>
  <h3 id="Google__Cloud__Vision__V1__ImageProperties_dominant_colors_instance_" data-uid="Google::Cloud::Vision::V1::ImageProperties#dominant_colors(instance)" class="notranslate">#dominant_colors</h3>
  <div class="codewrapper">
    <pre class="prettyprint"><code>def dominant_colors() -&gt; ::Google::Cloud::Vision::V1::DominantColorsAnnotation</code></pre>
  </div>
  <div class="level1 summary">
    <strong>Returns</strong>
    <ul>
      <li>
        (<a href="./Google-Cloud-Vision-V1-DominantColorsAnnotation">::Google::Cloud::Vision::V1::DominantColorsAnnotation</a>) — If present, dominant colors completed successfully.
      </li>
    </ul>
  </div>
  <h3 id="Google__Cloud__Vision__V1__ImageProperties_dominant_colors__instance_" data-uid="Google::Cloud::Vision::V1::ImageProperties#dominant_colors=(instance)" class="notranslate">#dominant_colors=</h3>
  <div class="codewrapper">
    <pre class="prettyprint"><code>def dominant_colors=(value) -&gt; ::Google::Cloud::Vision::V1::DominantColorsAnnotation</code></pre>
  </div>
  <div class="level1 summary">
    <strong>Parameter</strong>
    <ul>
      <li>
        <strong>value</strong> (<a href="./Google-Cloud-Vision-V1-DominantColorsAnnotation">::Google::Cloud::Vision::V1::DominantColorsAnnotation</a>) — If present, dominant colors completed successfully.
      </li>
    </ul>
  </div>
  <div class="level1 summary">
    <strong>Returns</strong>
    <ul>
      <li>
        (<a href="./Google-Cloud-Vision-V1-DominantColorsAnnotation">::Google::Cloud::Vision::V1::DominantColorsAnnotation</a>) — If present, dominant colors completed successfully.
      </li>
    </ul>
  </div>
</article>
    </div>
    {% endverbatim %}
  </body>
</html>
