<!DOCTYPE html>
<html devsite="">
  <head>
    <meta name="project_path" value="/ruby/_project.yaml">
    <meta name="book_path" value="/ruby/_book.yaml">
  </head>
  <body>
    {% verbatim %}
    <div>
      <article data-uid="Google::Cloud::Vision::V1::UpdateProductSetRequest">
<h1 class="page-title">Class Google::Cloud::Vision::V1::UpdateProductSetRequest
</h1>
  
  
  <div class="markdown level0 summary"><p>Request message for the <code>UpdateProductSet</code> method.</p>
</div>
  <h2 id="methods">Methods
  </h2>
  <h3 id="Google__Cloud__Vision__V1__UpdateProductSetRequest_product_set_instance_" data-uid="Google::Cloud::Vision::V1::UpdateProductSetRequest#product_set(instance)" class="notranslate">#product_set</h3>
  <div class="codewrapper">
    <pre><code class="prettyprint">def product_set =&gt; ::Google::Cloud::Vision::V1::ProductSet</code></pre>
  </div>
  <h3 id="Google__Cloud__Vision__V1__UpdateProductSetRequest_product_set__instance_" data-uid="Google::Cloud::Vision::V1::UpdateProductSetRequest#product_set=(instance)" class="notranslate">#product_set=</h3>
  <div class="codewrapper">
    <pre><code class="prettyprint">def product_set=(value) =&gt; ::Google::Cloud::Vision::V1::ProductSet</code></pre>
  </div>
  <h3 id="Google__Cloud__Vision__V1__UpdateProductSetRequest_update_mask_instance_" data-uid="Google::Cloud::Vision::V1::UpdateProductSetRequest#update_mask(instance)" class="notranslate">#update_mask</h3>
  <div class="codewrapper">
    <pre><code class="prettyprint">def update_mask =&gt; ::Google::Protobuf::FieldMask</code></pre>
  </div>
  <h3 id="Google__Cloud__Vision__V1__UpdateProductSetRequest_update_mask__instance_" data-uid="Google::Cloud::Vision::V1::UpdateProductSetRequest#update_mask=(instance)" class="notranslate">#update_mask=</h3>
  <div class="codewrapper">
    <pre><code class="prettyprint">def update_mask=(value) =&gt; ::Google::Protobuf::FieldMask</code></pre>
  </div>
</article>
    </div>
    {% endverbatim %}
  </body>
</html>
