<!DOCTYPE html>
<html devsite="">
  <head>
    <meta name="project_path" value="/ruby/_project.yaml">
    <meta name="book_path" value="/ruby/_book.yaml">
  </head>
  <body>
    {% verbatim %}
    <div>
      <article data-uid="Google::Cloud::Vision::V1::ProductSet">
<h1 class="page-title">Class Google::Cloud::Vision::V1::ProductSet</h1>
  
  
  <div class="markdown level0 summary"><p>A ProductSet contains Products. A ProductSet can contain a maximum of 1
million reference images. If the limit is exceeded, periodic indexing will
fail.</p>
</div>
  <div class="inheritance">
    <h2>Inherits</h2>
    <ul>
      <li>
        Object
      </li>
    </ul>
  </div>
  <div class="inheritance">
    <h2>Extended By</h2>
    <ul>
      <li>
        Google::Protobuf::MessageExts::ClassMethods
      </li>
    </ul>
  </div>
  <div class="inheritance">
    <h2>Includes</h2>
    <ul>
      <li>
        Google::Protobuf::MessageExts
      </li>
    </ul>
  </div>
  <h2 id="methods">Methods
  </h2>
  <h3 id="Google__Cloud__Vision__V1__ProductSet_display_name_instance_" data-uid="Google::Cloud::Vision::V1::ProductSet#display_name(instance)" class="notranslate">#display_name</h3>
  <div class="codewrapper">
    <pre class="prettyprint"><code>def display_name() -&gt; ::String</code></pre>
  </div>
  <div class="level1 summary">
    <strong>Returns</strong>
    <ul>
      <li>
        (::String) — The user-provided name for this ProductSet. Must not be empty. Must be at
most 4096 characters long.
      </li>
    </ul>
  </div>
  <h3 id="Google__Cloud__Vision__V1__ProductSet_display_name__instance_" data-uid="Google::Cloud::Vision::V1::ProductSet#display_name=(instance)" class="notranslate">#display_name=</h3>
  <div class="codewrapper">
    <pre class="prettyprint"><code>def display_name=(value) -&gt; ::String</code></pre>
  </div>
  <div class="level1 summary">
    <strong>Parameter</strong>
    <ul>
      <li>
        <strong>value</strong> (::String) — The user-provided name for this ProductSet. Must not be empty. Must be at
most 4096 characters long.
      </li>
    </ul>
  </div>
  <div class="level1 summary">
    <strong>Returns</strong>
    <ul>
      <li>
        (::String) — The user-provided name for this ProductSet. Must not be empty. Must be at
most 4096 characters long.
      </li>
    </ul>
  </div>
  <h3 id="Google__Cloud__Vision__V1__ProductSet_index_error_instance_" data-uid="Google::Cloud::Vision::V1::ProductSet#index_error(instance)" class="notranslate">#index_error</h3>
  <div class="codewrapper">
    <pre class="prettyprint"><code>def index_error() -&gt; ::Google::Rpc::Status</code></pre>
  </div>
  <div class="level1 summary">
    <strong>Returns</strong>
    <ul>
      <li>
        (<a href="./Google-Rpc-Status">::Google::Rpc::Status</a>) — Output only. If there was an error with indexing the product set, the field
is populated.<p>

<p>This field is ignored when creating a ProductSet.
      </li>
    </ul>
  </div>
  <h3 id="Google__Cloud__Vision__V1__ProductSet_index_time_instance_" data-uid="Google::Cloud::Vision::V1::ProductSet#index_time(instance)" class="notranslate">#index_time</h3>
  <div class="codewrapper">
    <pre class="prettyprint"><code>def index_time() -&gt; ::Google::Protobuf::Timestamp</code></pre>
  </div>
  <div class="level1 summary">
    <strong>Returns</strong>
    <ul>
      <li>
        (<a href="./Google-Protobuf-Timestamp">::Google::Protobuf::Timestamp</a>) — Output only. The time at which this ProductSet was last indexed. Query
results will reflect all updates before this time. If this ProductSet has
never been indexed, this timestamp is the default value
&quot;1970-01-01T00:00:00Z&quot;.<p>

<p>This field is ignored when creating a ProductSet.
      </li>
    </ul>
  </div>
  <h3 id="Google__Cloud__Vision__V1__ProductSet_name_instance_" data-uid="Google::Cloud::Vision::V1::ProductSet#name(instance)" class="notranslate">#name</h3>
  <div class="codewrapper">
    <pre class="prettyprint"><code>def name() -&gt; ::String</code></pre>
  </div>
  <div class="level1 summary">
    <strong>Returns</strong>
    <ul>
      <li>
        (::String) — The resource name of the ProductSet.<p>

<p>Format is:
<code>projects/PROJECT_ID/locations/LOC_ID/productSets/PRODUCT_SET_ID</code>.</p>

<p>This field is ignored when creating a ProductSet.
      </li>
    </ul>
  </div>
  <h3 id="Google__Cloud__Vision__V1__ProductSet_name__instance_" data-uid="Google::Cloud::Vision::V1::ProductSet#name=(instance)" class="notranslate">#name=</h3>
  <div class="codewrapper">
    <pre class="prettyprint"><code>def name=(value) -&gt; ::String</code></pre>
  </div>
  <div class="level1 summary">
    <strong>Parameter</strong>
    <ul>
      <li>
        <strong>value</strong> (::String) — The resource name of the ProductSet.<p>

<p>Format is:
<code>projects/PROJECT_ID/locations/LOC_ID/productSets/PRODUCT_SET_ID</code>.</p>

<p>This field is ignored when creating a ProductSet.
      </li>
    </ul>
  </div>
  <div class="level1 summary">
    <strong>Returns</strong>
    <ul>
      <li>
        (::String) — The resource name of the ProductSet.<p>

<p>Format is:
<code>projects/PROJECT_ID/locations/LOC_ID/productSets/PRODUCT_SET_ID</code>.</p>

<p>This field is ignored when creating a ProductSet.
      </li>
    </ul>
  </div>
</article>
    </div>
    {% endverbatim %}
  </body>
</html>
