<!DOCTYPE html>
<html devsite="">
  <head>
    <meta name="project_path" value="/ruby/_project.yaml">
    <meta name="book_path" value="/ruby/_book.yaml">
  </head>
  <body>
    {% verbatim %}
    <div>
      <article data-uid="Google::Cloud::Vision::V1::OperationMetadata">
<h1 class="page-title">Class Google::Cloud::Vision::V1::OperationMetadata
</h1>
  
  
  <div class="markdown level0 summary"><p>Contains metadata for the BatchAnnotateImages operation.</p>
</div>
  <h2 id="methods">Methods
  </h2>
  <h3 id="Google__Cloud__Vision__V1__OperationMetadata_state" data-uid="Google::Cloud::Vision::V1::OperationMetadata#state" class="notranslate">#state</h3>
  <div class="codewrapper">
    <pre><code class="prettyprint">#state =&gt; ::Google::Cloud::Vision::V1::OperationMetadata::State</code></pre>
  </div>
  <strong>Returns</strong>
  <table class="table table-bordered table-striped table-condensed">
    <thead>
      <tr>
        <th>Type</th>
        <th>Description</th>
      </tr>
    </thead>
    <tbody>
      <tr>
        <td><span class="xref">::Google::Cloud::Vision::V1::OperationMetadata::State</span></td>
        <td><p>Current state of the batch operation.</p>
</td>
      </tr>
    </tbody>
  </table>
  <h3 id="Google__Cloud__Vision__V1__OperationMetadata_state_" data-uid="Google::Cloud::Vision::V1::OperationMetadata#state=" class="notranslate">#state=</h3>
  <div class="codewrapper">
    <pre><code class="prettyprint">#state=(value) =&gt; ::Google::Cloud::Vision::V1::OperationMetadata::State</code></pre>
  </div>
  <strong>Returns</strong>
  <table class="table table-bordered table-striped table-condensed">
    <thead>
      <tr>
        <th>Type</th>
        <th>Description</th>
      </tr>
    </thead>
    <tbody>
      <tr>
        <td><span class="xref">::Google::Cloud::Vision::V1::OperationMetadata::State</span></td>
        <td><p>Current state of the batch operation.</p>
</td>
      </tr>
    </tbody>
  </table>
  <h3 id="Google__Cloud__Vision__V1__OperationMetadata_create_time" data-uid="Google::Cloud::Vision::V1::OperationMetadata#create_time" class="notranslate">#create_time</h3>
  <div class="codewrapper">
    <pre><code class="prettyprint">#create_time =&gt; ::Google::Protobuf::Timestamp</code></pre>
  </div>
  <strong>Returns</strong>
  <table class="table table-bordered table-striped table-condensed">
    <thead>
      <tr>
        <th>Type</th>
        <th>Description</th>
      </tr>
    </thead>
    <tbody>
      <tr>
        <td><span class="xref">::Google::Protobuf::Timestamp</span></td>
        <td><p>The time when the batch request was received.</p>
</td>
      </tr>
    </tbody>
  </table>
  <h3 id="Google__Cloud__Vision__V1__OperationMetadata_create_time_" data-uid="Google::Cloud::Vision::V1::OperationMetadata#create_time=" class="notranslate">#create_time=</h3>
  <div class="codewrapper">
    <pre><code class="prettyprint">#create_time=(value) =&gt; ::Google::Protobuf::Timestamp</code></pre>
  </div>
  <strong>Returns</strong>
  <table class="table table-bordered table-striped table-condensed">
    <thead>
      <tr>
        <th>Type</th>
        <th>Description</th>
      </tr>
    </thead>
    <tbody>
      <tr>
        <td><span class="xref">::Google::Protobuf::Timestamp</span></td>
        <td><p>The time when the batch request was received.</p>
</td>
      </tr>
    </tbody>
  </table>
  <h3 id="Google__Cloud__Vision__V1__OperationMetadata_update_time" data-uid="Google::Cloud::Vision::V1::OperationMetadata#update_time" class="notranslate">#update_time</h3>
  <div class="codewrapper">
    <pre><code class="prettyprint">#update_time =&gt; ::Google::Protobuf::Timestamp</code></pre>
  </div>
  <strong>Returns</strong>
  <table class="table table-bordered table-striped table-condensed">
    <thead>
      <tr>
        <th>Type</th>
        <th>Description</th>
      </tr>
    </thead>
    <tbody>
      <tr>
        <td><span class="xref">::Google::Protobuf::Timestamp</span></td>
        <td><p>The time when the operation result was last updated.</p>
</td>
      </tr>
    </tbody>
  </table>
  <h3 id="Google__Cloud__Vision__V1__OperationMetadata_update_time_" data-uid="Google::Cloud::Vision::V1::OperationMetadata#update_time=" class="notranslate">#update_time=</h3>
  <div class="codewrapper">
    <pre><code class="prettyprint">#update_time=(value) =&gt; ::Google::Protobuf::Timestamp</code></pre>
  </div>
  <strong>Returns</strong>
  <table class="table table-bordered table-striped table-condensed">
    <thead>
      <tr>
        <th>Type</th>
        <th>Description</th>
      </tr>
    </thead>
    <tbody>
      <tr>
        <td><span class="xref">::Google::Protobuf::Timestamp</span></td>
        <td><p>The time when the operation result was last updated.</p>
</td>
      </tr>
    </tbody>
  </table>
</article>
    </div>
    {% endverbatim %}
  </body>
</html>
