<!DOCTYPE html>
<html devsite="">
  <head>
    <meta name="project_path" value="/ruby/_project.yaml">
    <meta name="book_path" value="/ruby/_book.yaml">
  </head>
  <body>
    {% verbatim %}
    <div>
      <article data-uid="Google::Cloud::Vision::V1::UpdateProductRequest">
<h1 class="page-title">Cloud Vision V1 API - Class Google::Cloud::Vision::V1::UpdateProductRequest (v0.6.4)</h1>
  
  
  <div class="markdown level0 summary"><p>Reference documentation and code samples for the Cloud Vision V1 API class Google::Cloud::Vision::V1::UpdateProductRequest.</p><p>Request message for the <code>UpdateProduct</code> method.</p>
</div>
  <div class="inheritance">
    <h2>Inherits</h2>
    <ul>
      <li>
        Object
      </li>
    </ul>
  </div>
  <div class="inheritance">
    <h2>Extended By</h2>
    <ul>
      <li>
        Google::Protobuf::MessageExts::ClassMethods
      </li>
    </ul>
  </div>
  <div class="inheritance">
    <h2>Includes</h2>
    <ul>
      <li>
        Google::Protobuf::MessageExts
      </li>
    </ul>
  </div>
  <h2 id="methods">Methods
  </h2>
  <h3 id="Google__Cloud__Vision__V1__UpdateProductRequest_product_instance_" data-uid="Google::Cloud::Vision::V1::UpdateProductRequest#product(instance)" class="notranslate">#product</h3>
  <div class="codewrapper">
    <pre class="prettyprint"><code>def product() -&gt; ::Google::Cloud::Vision::V1::Product</code></pre>
  </div>
  <div class="level1 summary">
    <strong>Returns</strong>
    <ul>
      <li>
        (<a href="./Google-Cloud-Vision-V1-Product">::Google::Cloud::Vision::V1::Product</a>) — Required. The Product resource which replaces the one on the server.
product.name is immutable.
      </li>
    </ul>
  </div>
  <h3 id="Google__Cloud__Vision__V1__UpdateProductRequest_product__instance_" data-uid="Google::Cloud::Vision::V1::UpdateProductRequest#product=(instance)" class="notranslate">#product=</h3>
  <div class="codewrapper">
    <pre class="prettyprint"><code>def product=(value) -&gt; ::Google::Cloud::Vision::V1::Product</code></pre>
  </div>
  <div class="level1 summary">
    <strong>Parameter</strong>
    <ul>
      <li>
        <strong>value</strong> (<a href="./Google-Cloud-Vision-V1-Product">::Google::Cloud::Vision::V1::Product</a>) — Required. The Product resource which replaces the one on the server.
product.name is immutable.
      </li>
    </ul>
  </div>
  <div class="level1 summary">
    <strong>Returns</strong>
    <ul>
      <li>
        (<a href="./Google-Cloud-Vision-V1-Product">::Google::Cloud::Vision::V1::Product</a>) — Required. The Product resource which replaces the one on the server.
product.name is immutable.
      </li>
    </ul>
  </div>
  <h3 id="Google__Cloud__Vision__V1__UpdateProductRequest_update_mask_instance_" data-uid="Google::Cloud::Vision::V1::UpdateProductRequest#update_mask(instance)" class="notranslate">#update_mask</h3>
  <div class="codewrapper">
    <pre class="prettyprint"><code>def update_mask() -&gt; ::Google::Protobuf::FieldMask</code></pre>
  </div>
  <div class="level1 summary">
    <strong>Returns</strong>
    <ul>
      <li>
        (<a href="./Google-Protobuf-FieldMask">::Google::Protobuf::FieldMask</a>) — The <span class='object_link'><a href="Google-Protobuf-FieldMask" title="Google::Protobuf::FieldMask (class)">FieldMask</a></span> that specifies which fields
to update.
If update_mask isn&#39;t specified, all mutable fields are to be updated.
Valid mask paths include <code>product_labels</code>, <code>display_name</code>, and
<code>description</code>.
      </li>
    </ul>
  </div>
  <h3 id="Google__Cloud__Vision__V1__UpdateProductRequest_update_mask__instance_" data-uid="Google::Cloud::Vision::V1::UpdateProductRequest#update_mask=(instance)" class="notranslate">#update_mask=</h3>
  <div class="codewrapper">
    <pre class="prettyprint"><code>def update_mask=(value) -&gt; ::Google::Protobuf::FieldMask</code></pre>
  </div>
  <div class="level1 summary">
    <strong>Parameter</strong>
    <ul>
      <li>
        <strong>value</strong> (<a href="./Google-Protobuf-FieldMask">::Google::Protobuf::FieldMask</a>) — The <span class='object_link'><a href="Google-Protobuf-FieldMask" title="Google::Protobuf::FieldMask (class)">FieldMask</a></span> that specifies which fields
to update.
If update_mask isn&#39;t specified, all mutable fields are to be updated.
Valid mask paths include <code>product_labels</code>, <code>display_name</code>, and
<code>description</code>.
      </li>
    </ul>
  </div>
  <div class="level1 summary">
    <strong>Returns</strong>
    <ul>
      <li>
        (<a href="./Google-Protobuf-FieldMask">::Google::Protobuf::FieldMask</a>) — The <span class='object_link'><a href="Google-Protobuf-FieldMask" title="Google::Protobuf::FieldMask (class)">FieldMask</a></span> that specifies which fields
to update.
If update_mask isn&#39;t specified, all mutable fields are to be updated.
Valid mask paths include <code>product_labels</code>, <code>display_name</code>, and
<code>description</code>.
      </li>
    </ul>
  </div>
</article>
    </div>
    {% endverbatim %}
  </body>
</html>
