<!DOCTYPE html>
<html devsite="">
  <head>
    <meta name="project_path" value="/ruby/_project.yaml">
    <meta name="book_path" value="/ruby/_book.yaml">
  </head>
  <body>
    {% verbatim %}
    <div>
      <article data-uid="Google::Cloud::Vision::V1::AsyncBatchAnnotateFilesRequest">
<h1 class="page-title">Cloud Vision V1 API - Class Google::Cloud::Vision::V1::AsyncBatchAnnotateFilesRequest</h1>
  
  
  <div class="markdown level0 summary"><p>Reference documentation and code samples for the Cloud Vision V1 API class Google::Cloud::Vision::V1::AsyncBatchAnnotateFilesRequest.</p><p>Multiple async file annotation requests are batched into a single service
call.</p>
</div>
  <div class="inheritance">
    <h2>Inherits</h2>
    <ul>
      <li>
        Object
      </li>
    </ul>
  </div>
  <div class="inheritance">
    <h2>Extended By</h2>
    <ul>
      <li>
        Google::Protobuf::MessageExts::ClassMethods
      </li>
    </ul>
  </div>
  <div class="inheritance">
    <h2>Includes</h2>
    <ul>
      <li>
        Google::Protobuf::MessageExts
      </li>
    </ul>
  </div>
  <h2 id="methods">Methods
  </h2>
  <h3 id="Google__Cloud__Vision__V1__AsyncBatchAnnotateFilesRequest_parent_instance_" data-uid="Google::Cloud::Vision::V1::AsyncBatchAnnotateFilesRequest#parent(instance)" class="notranslate">#parent</h3>
  <div class="codewrapper">
    <pre class="prettyprint"><code>def parent() -&gt; ::String</code></pre>
  </div>
  <div class="level1 summary">
    <strong>Returns</strong>
    <ul>
      <li>
        (::String) — Optional. Target project and location to make a call.<p>

<p>Format: <code>projects/{project-id}/locations/{location-id}</code>.</p>

<p>If no parent is specified, a region will be chosen automatically.</p>

<p>Supported location-ids:
    <code>us</code>: USA country only,
    <code>asia</code>: East asia areas, like Japan, Taiwan,
    <code>eu</code>: The European Union.</p>

<p>Example: <code>projects/project-A/locations/eu</code>.
      </li>
    </ul>
  </div>
  <h3 id="Google__Cloud__Vision__V1__AsyncBatchAnnotateFilesRequest_parent__instance_" data-uid="Google::Cloud::Vision::V1::AsyncBatchAnnotateFilesRequest#parent=(instance)" class="notranslate">#parent=</h3>
  <div class="codewrapper">
    <pre class="prettyprint"><code>def parent=(value) -&gt; ::String</code></pre>
  </div>
  <div class="level1 summary">
    <strong>Parameter</strong>
    <ul>
      <li>
        <strong>value</strong> (::String) — Optional. Target project and location to make a call.<p>

<p>Format: <code>projects/{project-id}/locations/{location-id}</code>.</p>

<p>If no parent is specified, a region will be chosen automatically.</p>

<p>Supported location-ids:
    <code>us</code>: USA country only,
    <code>asia</code>: East asia areas, like Japan, Taiwan,
    <code>eu</code>: The European Union.</p>

<p>Example: <code>projects/project-A/locations/eu</code>.
      </li>
    </ul>
  </div>
  <div class="level1 summary">
    <strong>Returns</strong>
    <ul>
      <li>
        (::String) — Optional. Target project and location to make a call.<p>

<p>Format: <code>projects/{project-id}/locations/{location-id}</code>.</p>

<p>If no parent is specified, a region will be chosen automatically.</p>

<p>Supported location-ids:
    <code>us</code>: USA country only,
    <code>asia</code>: East asia areas, like Japan, Taiwan,
    <code>eu</code>: The European Union.</p>

<p>Example: <code>projects/project-A/locations/eu</code>.
      </li>
    </ul>
  </div>
  <h3 id="Google__Cloud__Vision__V1__AsyncBatchAnnotateFilesRequest_requests_instance_" data-uid="Google::Cloud::Vision::V1::AsyncBatchAnnotateFilesRequest#requests(instance)" class="notranslate">#requests</h3>
  <div class="codewrapper">
    <pre class="prettyprint"><code>def requests() -&gt; ::Array&lt;::Google::Cloud::Vision::V1::AsyncAnnotateFileRequest&gt;</code></pre>
  </div>
  <div class="level1 summary">
    <strong>Returns</strong>
    <ul>
      <li>
        (::Array&lt;<a href="./Google-Cloud-Vision-V1-AsyncAnnotateFileRequest">::Google::Cloud::Vision::V1::AsyncAnnotateFileRequest</a>&gt;) — Required. Individual async file annotation requests for this batch.
      </li>
    </ul>
  </div>
  <h3 id="Google__Cloud__Vision__V1__AsyncBatchAnnotateFilesRequest_requests__instance_" data-uid="Google::Cloud::Vision::V1::AsyncBatchAnnotateFilesRequest#requests=(instance)" class="notranslate">#requests=</h3>
  <div class="codewrapper">
    <pre class="prettyprint"><code>def requests=(value) -&gt; ::Array&lt;::Google::Cloud::Vision::V1::AsyncAnnotateFileRequest&gt;</code></pre>
  </div>
  <div class="level1 summary">
    <strong>Parameter</strong>
    <ul>
      <li>
        <strong>value</strong> (::Array&lt;<a href="./Google-Cloud-Vision-V1-AsyncAnnotateFileRequest">::Google::Cloud::Vision::V1::AsyncAnnotateFileRequest</a>&gt;) — Required. Individual async file annotation requests for this batch.
      </li>
    </ul>
  </div>
  <div class="level1 summary">
    <strong>Returns</strong>
    <ul>
      <li>
        (::Array&lt;<a href="./Google-Cloud-Vision-V1-AsyncAnnotateFileRequest">::Google::Cloud::Vision::V1::AsyncAnnotateFileRequest</a>&gt;) — Required. Individual async file annotation requests for this batch.
      </li>
    </ul>
  </div>
</article>
    </div>
    {% endverbatim %}
  </body>
</html>
