<!DOCTYPE html>
<html devsite="">
  <head>
    <meta name="project_path" value="/ruby/_project.yaml">
    <meta name="book_path" value="/ruby/_book.yaml">
  </head>
  <body>
    {% verbatim %}
    <div>
      <article data-uid="Google::Cloud::Vision::V1::CropHintsAnnotation">
<h1 class="page-title">Class Google::Cloud::Vision::V1::CropHintsAnnotation
</h1>
  
  
  <div class="markdown level0 summary"><p>Set of crop hints that are used to generate new crops when serving images.</p>
</div>
  <div class="inheritance">
    <h2>Inherits</h2>
    <ul>
      <li>
        Object
      </li>
    </ul>
  </div>
  <div class="inheritance">
    <h2>Extended By</h2>
    <ul>
      <li>
        Google::Protobuf::MessageExts::ClassMethods
      </li>
    </ul>
  </div>
  <div class="inheritance">
    <h2>Includes</h2>
    <ul>
      <li>
        Google::Protobuf::MessageExts
      </li>
    </ul>
  </div>
  <h2 id="methods">Methods
  </h2>
  <h3 id="Google__Cloud__Vision__V1__CropHintsAnnotation_crop_hints_instance_" data-uid="Google::Cloud::Vision::V1::CropHintsAnnotation#crop_hints(instance)" class="notranslate">#crop_hints</h3>
  <div class="codewrapper">
    <pre><code class="prettyprint">def crop_hints =&gt; ::Array&lt;::Google::Cloud::Vision::V1::CropHint&gt;</code></pre>
  </div>
  <div class="level1 summary">
    <strong>Returns</strong>
    <ul>
      <li>
        (::Array&lt;<a href="./Google-Cloud-Vision-V1-CropHint">::Google::Cloud::Vision::V1::CropHint</a>&gt;) — Crop hint results.
      </li>
    </ul>
  </div>
  <h3 id="Google__Cloud__Vision__V1__CropHintsAnnotation_crop_hints__instance_" data-uid="Google::Cloud::Vision::V1::CropHintsAnnotation#crop_hints=(instance)" class="notranslate">#crop_hints=</h3>
  <div class="codewrapper">
    <pre><code class="prettyprint">def crop_hints=(value) =&gt; ::Array&lt;::Google::Cloud::Vision::V1::CropHint&gt;</code></pre>
  </div>
  <div class="level1 summary">
    <strong>Returns</strong>
    <ul>
      <li>
        (::Array&lt;<a href="./Google-Cloud-Vision-V1-CropHint">::Google::Cloud::Vision::V1::CropHint</a>&gt;) — Crop hint results.
      </li>
    </ul>
  </div>
</article>
    </div>
    {% endverbatim %}
  </body>
</html>
