<!DOCTYPE html>
<html devsite="">
  <head>
    <meta name="project_path" value="/ruby/docs/reference/_project.yaml">
    <meta name="book_path" value="/ruby/docs/reference/google-cloud-vision-v1/latest/_book.yaml">
  </head>
  <body>
    {% verbatim %}
    <div>
      <article data-uid="Google::Cloud::Vision::V1::ProductSearch::Credentials">
<h1 class="page-title">Cloud Vision V1 API - Class Google::Cloud::Vision::V1::ProductSearch::Credentials (v0.6.4)</h1>
  
  
  <div class="markdown level0 summary"><p>Reference documentation and code samples for the Cloud Vision V1 API class Google::Cloud::Vision::V1::ProductSearch::Credentials.</p><p>Credentials for the ProductSearch API.</p>
</div>
  <div class="inheritance">
    <h2>Inherits</h2>
    <ul>
      <li>
        Google::Auth::Credentials
      </li>
    </ul>
  </div>
</article>
    </div>
    {% endverbatim %}
  </body>
</html>
