<!DOCTYPE html>
<html devsite="">
  <head>
    <meta name="project_path" value="/ruby/_project.yaml">
    <meta name="book_path" value="/ruby/_book.yaml">
  </head>
  <body>
    {% verbatim %}
    <div>
      <article data-uid="Google::Cloud::Vision::V1::BatchAnnotateImagesRequest">
<h1 class="page-title">Class Google::Cloud::Vision::V1::BatchAnnotateImagesRequest
</h1>
  
  
  <div class="markdown level0 summary"><p>Multiple image annotation requests are batched into a single service call.</p>
</div>
  <h2 id="methods">Methods
  </h2>
  <h3 id="Google__Cloud__Vision__V1__BatchAnnotateImagesRequest_requests_instance_" data-uid="Google::Cloud::Vision::V1::BatchAnnotateImagesRequest#requests(instance)" class="notranslate">#requests</h3>
  <div class="codewrapper">
    <pre><code class="prettyprint">def requests =&gt; ::Array&lt;::Google::Cloud::Vision::V1::AnnotateImageRequest&gt;</code></pre>
  </div>
  <h3 id="Google__Cloud__Vision__V1__BatchAnnotateImagesRequest_requests__instance_" data-uid="Google::Cloud::Vision::V1::BatchAnnotateImagesRequest#requests=(instance)" class="notranslate">#requests=</h3>
  <div class="codewrapper">
    <pre><code class="prettyprint">def requests=(value) =&gt; ::Array&lt;::Google::Cloud::Vision::V1::AnnotateImageRequest&gt;</code></pre>
  </div>
  <h3 id="Google__Cloud__Vision__V1__BatchAnnotateImagesRequest_parent_instance_" data-uid="Google::Cloud::Vision::V1::BatchAnnotateImagesRequest#parent(instance)" class="notranslate">#parent</h3>
  <div class="codewrapper">
    <pre><code class="prettyprint">def parent =&gt; ::String</code></pre>
  </div>
  <h3 id="Google__Cloud__Vision__V1__BatchAnnotateImagesRequest_parent__instance_" data-uid="Google::Cloud::Vision::V1::BatchAnnotateImagesRequest#parent=(instance)" class="notranslate">#parent=</h3>
  <div class="codewrapper">
    <pre><code class="prettyprint">def parent=(value) =&gt; ::String</code></pre>
  </div>
</article>
    </div>
    {% endverbatim %}
  </body>
</html>
