<!DOCTYPE html>
<html devsite="">
  <head>
    <meta name="project_path" value="/ruby/_project.yaml">
    <meta name="book_path" value="/ruby/_book.yaml">
  </head>
  <body>
    {% verbatim %}
    <div>
      <article data-uid="Google::Longrunning::GetOperationRequest">
<h1 class="page-title">
Class Google::Longrunning::GetOperationRequest

</h1>
  
  
  <div class="markdown level0 summary"><p>The request message for Operations.GetOperation.</p>
</div>
  <div class="inheritance">
    <h2>Inherits</h2>
    <ul>
      <li>
        Object
      </li>
    </ul>
  </div>
  <div class="inheritance">
    <h2>Extended By</h2>
    <ul>
      <li>
        Google::Protobuf::MessageExts::ClassMethods
      </li>
    </ul>
  </div>
  <div class="inheritance">
    <h2>Includes</h2>
    <ul>
      <li>
        Google::Protobuf::MessageExts
      </li>
    </ul>
  </div>
  <h2 id="methods">Methods
  </h2>
  <h3 id="Google__Longrunning__GetOperationRequest_name_instance_" data-uid="Google::Longrunning::GetOperationRequest#name(instance)" class="notranslate">#name</h3>
  <div class="codewrapper">
    <pre class="prettyprint"><code>def name() -&gt; ::String</code></pre>
  </div>
  <div class="level1 summary">
    <strong>Returns</strong>
    <ul>
      <li>
        (::String) — The name of the operation resource.
      </li>
    </ul>
  </div>
  <h3 id="Google__Longrunning__GetOperationRequest_name__instance_" data-uid="Google::Longrunning::GetOperationRequest#name=(instance)" class="notranslate">#name=</h3>
  <div class="codewrapper">
    <pre class="prettyprint"><code>def name=(value) -&gt; ::String</code></pre>
  </div>
  <div class="level1 summary">
    <strong>Parameter</strong>
    <ul>
      <li>
        <strong>value</strong> (::String) — The name of the operation resource.
      </li>
    </ul>
  </div>
  <div class="level1 summary">
    <strong>Returns</strong>
    <ul>
      <li>
        (::String) — The name of the operation resource.
      </li>
    </ul>
  </div>
</article>
    </div>
    {% endverbatim %}
  </body>
</html>
