<!DOCTYPE html>
<html devsite="">
  <head>
    <meta name="project_path" value="/java/_project.yaml">
    <meta name="book_path" value="/java/_book.yaml">
  </head>
  <body>
    <div>
      <article data-uid="com.google.cloud.speech.v1p1beta1.PhraseSetName">
<h1 class="page-title">Class PhraseSetName
</h1>
  
  
  <div class="codewrapper">
    <pre><code class="prettyprint">public class PhraseSetName implements ResourceName</code></pre>
  </div>
  <div class="markdown level0 summary"></div>
  <div class="markdown level0 conceptual"></div>
  <div class="inheritance">
    <h2>Inheritance</h2>
    <span><span class="xref">java.lang.Object</span></span> <span> &gt; </span>
    <span class="xref">PhraseSetName</span>
  </div>
  <div classs="implements">
    <h2>Implements</h2>
    <span><span class="xref">com.google.api.resourcenames.ResourceName</span></span>
  </div>
  <div class="inheritedMembers">
    <h2>Inherited Members</h2>
    <div>
      <span class="xref">java.lang.Object.clone()</span>
    </div>
    <div>
      <span class="xref">java.lang.Object.equals(java.lang.Object)</span>
    </div>
    <div>
      <span class="xref">java.lang.Object.finalize()</span>
    </div>
    <div>
      <span class="xref">java.lang.Object.getClass()</span>
    </div>
    <div>
      <span class="xref">java.lang.Object.hashCode()</span>
    </div>
    <div>
      <span class="xref">java.lang.Object.notify()</span>
    </div>
    <div>
      <span class="xref">java.lang.Object.notifyAll()</span>
    </div>
    <div>
      <span class="xref">java.lang.Object.toString()</span>
    </div>
    <div>
      <span class="xref">java.lang.Object.wait()</span>
    </div>
    <div>
      <span class="xref">java.lang.Object.wait(long)</span>
    </div>
    <div>
      <span class="xref">java.lang.Object.wait(long,int)</span>
    </div>
  </div>
  <h2>Namespace</h2>
  
  <h2>Assembly</h2>
  <p>.dll</p>
  <h2 id="constructors">Constructors
  </h2>
  <a id="com_google_cloud_speech_v1p1beta1_PhraseSetName_PhraseSetName_" data-uid="com.google.cloud.speech.v1p1beta1.PhraseSetName.PhraseSetName*"></a>
  <h3 id="com_google_cloud_speech_v1p1beta1_PhraseSetName_PhraseSetName__" data-uid="com.google.cloud.speech.v1p1beta1.PhraseSetName.PhraseSetName()" class="notranslate">PhraseSetName()</h3>
  <div class="codewrapper">
    <pre><code class="prettyprint">protected PhraseSetName()</code></pre>
  </div>
  <div class="markdown level1 summary"></div>
  <div class="markdown level1 conceptual"></div>
  <h2 id="methods">Methods
  </h2>
  <a id="com_google_cloud_speech_v1p1beta1_PhraseSetName_equals_" data-uid="com.google.cloud.speech.v1p1beta1.PhraseSetName.equals*"></a>
  <h3 id="com_google_cloud_speech_v1p1beta1_PhraseSetName_equals_java_lang_Object_" data-uid="com.google.cloud.speech.v1p1beta1.PhraseSetName.equals(java.lang.Object)" class="notranslate">equals(Object o)</h3>
  <div class="codewrapper">
    <pre><code class="prettyprint">public boolean equals(Object o)</code></pre>
  </div>
  <div class="markdown level1 summary"></div>
  <div class="markdown level1 conceptual"></div>
  <strong>Parameters</strong>
  <table class="table table-bordered table-striped table-condensed">
    <thead>
      <tr>
        <th>Type</th>
        <th>Name</th>
        <th>Description</th>
      </tr>
    </thead>
    <tbody>
      <tr>
        <td><span class="xref">java.lang.Object</span></td>
        <td><span class="parametername">o</span></td>
        <td></td>
      </tr>
    </tbody>
  </table>
  <strong>Returns</strong>
  <table class="table table-bordered table-striped table-condensed">
    <thead>
      <tr>
        <th>Type</th>
        <th>Description</th>
      </tr>
    </thead>
    <tbody>
      <tr>
        <td><span class="xref">boolean</span></td>
        <td></td>
      </tr>
    </tbody>
  </table>
  <strong>Overrides</strong>
  <div><span class="xref">java.lang.Object.equals(java.lang.Object)</span></div>
  <a id="com_google_cloud_speech_v1p1beta1_PhraseSetName_format_" data-uid="com.google.cloud.speech.v1p1beta1.PhraseSetName.format*"></a>
  <h3 id="com_google_cloud_speech_v1p1beta1_PhraseSetName_format_java_lang_String_java_lang_String_java_lang_String_" data-uid="com.google.cloud.speech.v1p1beta1.PhraseSetName.format(java.lang.String,java.lang.String,java.lang.String)" class="notranslate">format(String project, String location, String phraseSet)</h3>
  <div class="codewrapper">
    <pre><code class="prettyprint">public static String format(String project, String location, String phraseSet)</code></pre>
  </div>
  <div class="markdown level1 summary"></div>
  <div class="markdown level1 conceptual"></div>
  <strong>Parameters</strong>
  <table class="table table-bordered table-striped table-condensed">
    <thead>
      <tr>
        <th>Type</th>
        <th>Name</th>
        <th>Description</th>
      </tr>
    </thead>
    <tbody>
      <tr>
        <td><span class="xref">java.lang.String</span></td>
        <td><span class="parametername">project</span></td>
        <td></td>
      </tr>
      <tr>
        <td><span class="xref">java.lang.String</span></td>
        <td><span class="parametername">location</span></td>
        <td></td>
      </tr>
      <tr>
        <td><span class="xref">java.lang.String</span></td>
        <td><span class="parametername">phraseSet</span></td>
        <td></td>
      </tr>
    </tbody>
  </table>
  <strong>Returns</strong>
  <table class="table table-bordered table-striped table-condensed">
    <thead>
      <tr>
        <th>Type</th>
        <th>Description</th>
      </tr>
    </thead>
    <tbody>
      <tr>
        <td><span class="xref">java.lang.String</span></td>
        <td></td>
      </tr>
    </tbody>
  </table>
  <a id="com_google_cloud_speech_v1p1beta1_PhraseSetName_getFieldValue_" data-uid="com.google.cloud.speech.v1p1beta1.PhraseSetName.getFieldValue*"></a>
  <h3 id="com_google_cloud_speech_v1p1beta1_PhraseSetName_getFieldValue_java_lang_String_" data-uid="com.google.cloud.speech.v1p1beta1.PhraseSetName.getFieldValue(java.lang.String)" class="notranslate">getFieldValue(String fieldName)</h3>
  <div class="codewrapper">
    <pre><code class="prettyprint">public String getFieldValue(String fieldName)</code></pre>
  </div>
  <div class="markdown level1 summary"></div>
  <div class="markdown level1 conceptual"></div>
  <strong>Parameters</strong>
  <table class="table table-bordered table-striped table-condensed">
    <thead>
      <tr>
        <th>Type</th>
        <th>Name</th>
        <th>Description</th>
      </tr>
    </thead>
    <tbody>
      <tr>
        <td><span class="xref">java.lang.String</span></td>
        <td><span class="parametername">fieldName</span></td>
        <td></td>
      </tr>
    </tbody>
  </table>
  <strong>Returns</strong>
  <table class="table table-bordered table-striped table-condensed">
    <thead>
      <tr>
        <th>Type</th>
        <th>Description</th>
      </tr>
    </thead>
    <tbody>
      <tr>
        <td><span class="xref">java.lang.String</span></td>
        <td></td>
      </tr>
    </tbody>
  </table>
  <a id="com_google_cloud_speech_v1p1beta1_PhraseSetName_getFieldValuesMap_" data-uid="com.google.cloud.speech.v1p1beta1.PhraseSetName.getFieldValuesMap*"></a>
  <h3 id="com_google_cloud_speech_v1p1beta1_PhraseSetName_getFieldValuesMap__" data-uid="com.google.cloud.speech.v1p1beta1.PhraseSetName.getFieldValuesMap()" class="notranslate">getFieldValuesMap()</h3>
  <div class="codewrapper">
    <pre><code class="prettyprint">public Map&lt;String,String&gt; getFieldValuesMap()</code></pre>
  </div>
  <div class="markdown level1 summary"></div>
  <div class="markdown level1 conceptual"></div>
  <strong>Returns</strong>
  <table class="table table-bordered table-striped table-condensed">
    <thead>
      <tr>
        <th>Type</th>
        <th>Description</th>
      </tr>
    </thead>
    <tbody>
      <tr>
        <td><span class="xref">java.util.Map</span>&lt;<span class="xref">java.lang.String</span>,<span class="xref">java.lang.String</span>&gt;</td>
        <td></td>
      </tr>
    </tbody>
  </table>
  <a id="com_google_cloud_speech_v1p1beta1_PhraseSetName_getLocation_" data-uid="com.google.cloud.speech.v1p1beta1.PhraseSetName.getLocation*"></a>
  <h3 id="com_google_cloud_speech_v1p1beta1_PhraseSetName_getLocation__" data-uid="com.google.cloud.speech.v1p1beta1.PhraseSetName.getLocation()" class="notranslate">getLocation()</h3>
  <div class="codewrapper">
    <pre><code class="prettyprint">public String getLocation()</code></pre>
  </div>
  <div class="markdown level1 summary"></div>
  <div class="markdown level1 conceptual"></div>
  <strong>Returns</strong>
  <table class="table table-bordered table-striped table-condensed">
    <thead>
      <tr>
        <th>Type</th>
        <th>Description</th>
      </tr>
    </thead>
    <tbody>
      <tr>
        <td><span class="xref">java.lang.String</span></td>
        <td></td>
      </tr>
    </tbody>
  </table>
  <a id="com_google_cloud_speech_v1p1beta1_PhraseSetName_getPhraseSet_" data-uid="com.google.cloud.speech.v1p1beta1.PhraseSetName.getPhraseSet*"></a>
  <h3 id="com_google_cloud_speech_v1p1beta1_PhraseSetName_getPhraseSet__" data-uid="com.google.cloud.speech.v1p1beta1.PhraseSetName.getPhraseSet()" class="notranslate">getPhraseSet()</h3>
  <div class="codewrapper">
    <pre><code class="prettyprint">public String getPhraseSet()</code></pre>
  </div>
  <div class="markdown level1 summary"></div>
  <div class="markdown level1 conceptual"></div>
  <strong>Returns</strong>
  <table class="table table-bordered table-striped table-condensed">
    <thead>
      <tr>
        <th>Type</th>
        <th>Description</th>
      </tr>
    </thead>
    <tbody>
      <tr>
        <td><span class="xref">java.lang.String</span></td>
        <td></td>
      </tr>
    </tbody>
  </table>
  <a id="com_google_cloud_speech_v1p1beta1_PhraseSetName_getProject_" data-uid="com.google.cloud.speech.v1p1beta1.PhraseSetName.getProject*"></a>
  <h3 id="com_google_cloud_speech_v1p1beta1_PhraseSetName_getProject__" data-uid="com.google.cloud.speech.v1p1beta1.PhraseSetName.getProject()" class="notranslate">getProject()</h3>
  <div class="codewrapper">
    <pre><code class="prettyprint">public String getProject()</code></pre>
  </div>
  <div class="markdown level1 summary"></div>
  <div class="markdown level1 conceptual"></div>
  <strong>Returns</strong>
  <table class="table table-bordered table-striped table-condensed">
    <thead>
      <tr>
        <th>Type</th>
        <th>Description</th>
      </tr>
    </thead>
    <tbody>
      <tr>
        <td><span class="xref">java.lang.String</span></td>
        <td></td>
      </tr>
    </tbody>
  </table>
  <a id="com_google_cloud_speech_v1p1beta1_PhraseSetName_hashCode_" data-uid="com.google.cloud.speech.v1p1beta1.PhraseSetName.hashCode*"></a>
  <h3 id="com_google_cloud_speech_v1p1beta1_PhraseSetName_hashCode__" data-uid="com.google.cloud.speech.v1p1beta1.PhraseSetName.hashCode()" class="notranslate">hashCode()</h3>
  <div class="codewrapper">
    <pre><code class="prettyprint">public int hashCode()</code></pre>
  </div>
  <div class="markdown level1 summary"></div>
  <div class="markdown level1 conceptual"></div>
  <strong>Returns</strong>
  <table class="table table-bordered table-striped table-condensed">
    <thead>
      <tr>
        <th>Type</th>
        <th>Description</th>
      </tr>
    </thead>
    <tbody>
      <tr>
        <td><span class="xref">int</span></td>
        <td></td>
      </tr>
    </tbody>
  </table>
  <strong>Overrides</strong>
  <div><span class="xref">java.lang.Object.hashCode()</span></div>
  <a id="com_google_cloud_speech_v1p1beta1_PhraseSetName_isParsableFrom_" data-uid="com.google.cloud.speech.v1p1beta1.PhraseSetName.isParsableFrom*"></a>
  <h3 id="com_google_cloud_speech_v1p1beta1_PhraseSetName_isParsableFrom_java_lang_String_" data-uid="com.google.cloud.speech.v1p1beta1.PhraseSetName.isParsableFrom(java.lang.String)" class="notranslate">isParsableFrom(String formattedString)</h3>
  <div class="codewrapper">
    <pre><code class="prettyprint">public static boolean isParsableFrom(String formattedString)</code></pre>
  </div>
  <div class="markdown level1 summary"></div>
  <div class="markdown level1 conceptual"></div>
  <strong>Parameters</strong>
  <table class="table table-bordered table-striped table-condensed">
    <thead>
      <tr>
        <th>Type</th>
        <th>Name</th>
        <th>Description</th>
      </tr>
    </thead>
    <tbody>
      <tr>
        <td><span class="xref">java.lang.String</span></td>
        <td><span class="parametername">formattedString</span></td>
        <td></td>
      </tr>
    </tbody>
  </table>
  <strong>Returns</strong>
  <table class="table table-bordered table-striped table-condensed">
    <thead>
      <tr>
        <th>Type</th>
        <th>Description</th>
      </tr>
    </thead>
    <tbody>
      <tr>
        <td><span class="xref">boolean</span></td>
        <td></td>
      </tr>
    </tbody>
  </table>
  <a id="com_google_cloud_speech_v1p1beta1_PhraseSetName_newBuilder_" data-uid="com.google.cloud.speech.v1p1beta1.PhraseSetName.newBuilder*"></a>
  <h3 id="com_google_cloud_speech_v1p1beta1_PhraseSetName_newBuilder__" data-uid="com.google.cloud.speech.v1p1beta1.PhraseSetName.newBuilder()" class="notranslate">newBuilder()</h3>
  <div class="codewrapper">
    <pre><code class="prettyprint">public static PhraseSetName.Builder newBuilder()</code></pre>
  </div>
  <div class="markdown level1 summary"></div>
  <div class="markdown level1 conceptual"></div>
  <strong>Returns</strong>
  <table class="table table-bordered table-striped table-condensed">
    <thead>
      <tr>
        <th>Type</th>
        <th>Description</th>
      </tr>
    </thead>
    <tbody>
      <tr>
        <td><a class="xref" href="com.google.cloud.speech.v1p1beta1.PhraseSetName.Builder.html#com_google_cloud_speech_v1p1beta1_PhraseSetName_Builder">PhraseSetName.Builder</a></td>
        <td></td>
      </tr>
    </tbody>
  </table>
  <a id="com_google_cloud_speech_v1p1beta1_PhraseSetName_of_" data-uid="com.google.cloud.speech.v1p1beta1.PhraseSetName.of*"></a>
  <h3 id="com_google_cloud_speech_v1p1beta1_PhraseSetName_of_java_lang_String_java_lang_String_java_lang_String_" data-uid="com.google.cloud.speech.v1p1beta1.PhraseSetName.of(java.lang.String,java.lang.String,java.lang.String)" class="notranslate">of(String project, String location, String phraseSet)</h3>
  <div class="codewrapper">
    <pre><code class="prettyprint">public static PhraseSetName of(String project, String location, String phraseSet)</code></pre>
  </div>
  <div class="markdown level1 summary"></div>
  <div class="markdown level1 conceptual"></div>
  <strong>Parameters</strong>
  <table class="table table-bordered table-striped table-condensed">
    <thead>
      <tr>
        <th>Type</th>
        <th>Name</th>
        <th>Description</th>
      </tr>
    </thead>
    <tbody>
      <tr>
        <td><span class="xref">java.lang.String</span></td>
        <td><span class="parametername">project</span></td>
        <td></td>
      </tr>
      <tr>
        <td><span class="xref">java.lang.String</span></td>
        <td><span class="parametername">location</span></td>
        <td></td>
      </tr>
      <tr>
        <td><span class="xref">java.lang.String</span></td>
        <td><span class="parametername">phraseSet</span></td>
        <td></td>
      </tr>
    </tbody>
  </table>
  <strong>Returns</strong>
  <table class="table table-bordered table-striped table-condensed">
    <thead>
      <tr>
        <th>Type</th>
        <th>Description</th>
      </tr>
    </thead>
    <tbody>
      <tr>
        <td></td>
        <td></td>
      </tr>
    </tbody>
  </table>
  <a id="com_google_cloud_speech_v1p1beta1_PhraseSetName_parse_" data-uid="com.google.cloud.speech.v1p1beta1.PhraseSetName.parse*"></a>
  <h3 id="com_google_cloud_speech_v1p1beta1_PhraseSetName_parse_java_lang_String_" data-uid="com.google.cloud.speech.v1p1beta1.PhraseSetName.parse(java.lang.String)" class="notranslate">parse(String formattedString)</h3>
  <div class="codewrapper">
    <pre><code class="prettyprint">public static PhraseSetName parse(String formattedString)</code></pre>
  </div>
  <div class="markdown level1 summary"></div>
  <div class="markdown level1 conceptual"></div>
  <strong>Parameters</strong>
  <table class="table table-bordered table-striped table-condensed">
    <thead>
      <tr>
        <th>Type</th>
        <th>Name</th>
        <th>Description</th>
      </tr>
    </thead>
    <tbody>
      <tr>
        <td><span class="xref">java.lang.String</span></td>
        <td><span class="parametername">formattedString</span></td>
        <td></td>
      </tr>
    </tbody>
  </table>
  <strong>Returns</strong>
  <table class="table table-bordered table-striped table-condensed">
    <thead>
      <tr>
        <th>Type</th>
        <th>Description</th>
      </tr>
    </thead>
    <tbody>
      <tr>
        <td></td>
        <td></td>
      </tr>
    </tbody>
  </table>
  <a id="com_google_cloud_speech_v1p1beta1_PhraseSetName_parseList_" data-uid="com.google.cloud.speech.v1p1beta1.PhraseSetName.parseList*"></a>
  <h3 id="com_google_cloud_speech_v1p1beta1_PhraseSetName_parseList_java_util_List_java_lang_String__" data-uid="com.google.cloud.speech.v1p1beta1.PhraseSetName.parseList(java.util.List&lt;java.lang.String&gt;)" class="notranslate">parseList(List&lt;String&gt; formattedStrings)</h3>
  <div class="codewrapper">
    <pre><code class="prettyprint">public static List&lt;PhraseSetName&gt; parseList(List&lt;String&gt; formattedStrings)</code></pre>
  </div>
  <div class="markdown level1 summary"></div>
  <div class="markdown level1 conceptual"></div>
  <strong>Parameters</strong>
  <table class="table table-bordered table-striped table-condensed">
    <thead>
      <tr>
        <th>Type</th>
        <th>Name</th>
        <th>Description</th>
      </tr>
    </thead>
    <tbody>
      <tr>
        <td><span class="xref">java.util.List</span>&lt;<span class="xref">java.lang.String</span>&gt;</td>
        <td><span class="parametername">formattedStrings</span></td>
        <td></td>
      </tr>
    </tbody>
  </table>
  <strong>Returns</strong>
  <table class="table table-bordered table-striped table-condensed">
    <thead>
      <tr>
        <th>Type</th>
        <th>Description</th>
      </tr>
    </thead>
    <tbody>
      <tr>
        <td><span class="xref">java.util.List</span>&lt;<a class="xref" href="com.google.cloud.speech.v1p1beta1.PhraseSetName.html">PhraseSetName</a>&gt;</td>
        <td></td>
      </tr>
    </tbody>
  </table>
  <a id="com_google_cloud_speech_v1p1beta1_PhraseSetName_toBuilder_" data-uid="com.google.cloud.speech.v1p1beta1.PhraseSetName.toBuilder*"></a>
  <h3 id="com_google_cloud_speech_v1p1beta1_PhraseSetName_toBuilder__" data-uid="com.google.cloud.speech.v1p1beta1.PhraseSetName.toBuilder()" class="notranslate">toBuilder()</h3>
  <div class="codewrapper">
    <pre><code class="prettyprint">public PhraseSetName.Builder toBuilder()</code></pre>
  </div>
  <div class="markdown level1 summary"></div>
  <div class="markdown level1 conceptual"></div>
  <strong>Returns</strong>
  <table class="table table-bordered table-striped table-condensed">
    <thead>
      <tr>
        <th>Type</th>
        <th>Description</th>
      </tr>
    </thead>
    <tbody>
      <tr>
        <td><a class="xref" href="com.google.cloud.speech.v1p1beta1.PhraseSetName.Builder.html#com_google_cloud_speech_v1p1beta1_PhraseSetName_Builder">PhraseSetName.Builder</a></td>
        <td></td>
      </tr>
    </tbody>
  </table>
  <a id="com_google_cloud_speech_v1p1beta1_PhraseSetName_toString_" data-uid="com.google.cloud.speech.v1p1beta1.PhraseSetName.toString*"></a>
  <h3 id="com_google_cloud_speech_v1p1beta1_PhraseSetName_toString__" data-uid="com.google.cloud.speech.v1p1beta1.PhraseSetName.toString()" class="notranslate">toString()</h3>
  <div class="codewrapper">
    <pre><code class="prettyprint">public String toString()</code></pre>
  </div>
  <div class="markdown level1 summary"></div>
  <div class="markdown level1 conceptual"></div>
  <strong>Returns</strong>
  <table class="table table-bordered table-striped table-condensed">
    <thead>
      <tr>
        <th>Type</th>
        <th>Description</th>
      </tr>
    </thead>
    <tbody>
      <tr>
        <td><span class="xref">java.lang.String</span></td>
        <td></td>
      </tr>
    </tbody>
  </table>
  <strong>Overrides</strong>
  <div><span class="xref">java.lang.Object.toString()</span></div>
  <a id="com_google_cloud_speech_v1p1beta1_PhraseSetName_toStringList_" data-uid="com.google.cloud.speech.v1p1beta1.PhraseSetName.toStringList*"></a>
  <h3 id="com_google_cloud_speech_v1p1beta1_PhraseSetName_toStringList_java_util_List_com_google_cloud_speech_v1p1beta1_PhraseSetName__" data-uid="com.google.cloud.speech.v1p1beta1.PhraseSetName.toStringList(java.util.List&lt;com.google.cloud.speech.v1p1beta1.PhraseSetName&gt;)" class="notranslate">toStringList(List&lt;PhraseSetName&gt; values)</h3>
  <div class="codewrapper">
    <pre><code class="prettyprint">public static List&lt;String&gt; toStringList(List&lt;PhraseSetName&gt; values)</code></pre>
  </div>
  <div class="markdown level1 summary"></div>
  <div class="markdown level1 conceptual"></div>
  <strong>Parameters</strong>
  <table class="table table-bordered table-striped table-condensed">
    <thead>
      <tr>
        <th>Type</th>
        <th>Name</th>
        <th>Description</th>
      </tr>
    </thead>
    <tbody>
      <tr>
        <td><span class="xref">java.util.List</span>&lt;<a class="xref" href="com.google.cloud.speech.v1p1beta1.PhraseSetName.html">PhraseSetName</a>&gt;</td>
        <td><span class="parametername">values</span></td>
        <td></td>
      </tr>
    </tbody>
  </table>
  <strong>Returns</strong>
  <table class="table table-bordered table-striped table-condensed">
    <thead>
      <tr>
        <th>Type</th>
        <th>Description</th>
      </tr>
    </thead>
    <tbody>
      <tr>
        <td><span class="xref">java.util.List</span>&lt;<span class="xref">java.lang.String</span>&gt;</td>
        <td></td>
      </tr>
    </tbody>
  </table>
  <h2 id="implements">Implements</h2>
  <div>
      <span class="xref">com.google.api.resourcenames.ResourceName</span>
  </div>
</article>
    </div>
  </body>
</html>
