<!DOCTYPE html>
<html devsite="">
  <head>
    <meta name="project_path" value="/java/_project.yaml">
    <meta name="book_path" value="/java/_book.yaml">
  </head>
  <body>
    <div>
      <article data-uid="com.google.cloud.speech.v1.StreamingRecognitionResultOrBuilder">
<h1 class="page-title">Interface StreamingRecognitionResultOrBuilder
</h1>
  
  
  {% verbatim %}
  <div class="codewrapper">
    <pre><code class="prettyprint">public interface StreamingRecognitionResultOrBuilder extends MessageOrBuilder</code></pre>
  </div>
  <div classs="implements">
    <h2>Implements</h2>
    <span><span class="xref">com.google.protobuf.MessageOrBuilder</span></span>
  </div>
  {% endverbatim %}
  <h2 id="methods">Methods
  </h2>
  <a id="com_google_cloud_speech_v1_StreamingRecognitionResultOrBuilder_getAlternatives_" data-uid="com.google.cloud.speech.v1.StreamingRecognitionResultOrBuilder.getAlternatives*"></a>
  <h3 id="com_google_cloud_speech_v1_StreamingRecognitionResultOrBuilder_getAlternatives_int_" data-uid="com.google.cloud.speech.v1.StreamingRecognitionResultOrBuilder.getAlternatives(int)" class="notranslate">getAlternatives(int index)</h3>
  <div class="codewrapper">
    <pre><code class="prettyprint">public abstract SpeechRecognitionAlternative getAlternatives(int index)</code></pre>
  </div>
  <div class="markdown level1 summary"><pre><code>May contain one or more recognition hypotheses (up to the
 maximum specified in `max_alternatives`).
 These alternatives are ordered in terms of accuracy, with the top (first)
 alternative being the most probable, as ranked by the recognizer.
</code></pre><p><code>repeated .google.cloud.speech.v1.SpeechRecognitionAlternative alternatives = 1;</code></p>
</div>
  <strong>Parameters</strong>
  <table class="table table-bordered table-striped table-condensed">
    <thead>
      <tr>
        <th>Type</th>
        <th>Name</th>
        <th>Description</th>
      </tr>
    </thead>
    <tbody>
      <tr>
        <td><span class="xref">int</span></td>
        <td><span class="parametername">index</span></td>
        <td></td>
      </tr>
    </tbody>
  </table>
  <strong>Returns</strong>
  <table class="table table-bordered table-striped table-condensed">
    <thead>
      <tr>
        <th>Type</th>
        <th>Description</th>
      </tr>
    </thead>
    <tbody>
      <tr>
        <td><a class="xref" href="com.google.cloud.speech.v1.SpeechRecognitionAlternative.html">SpeechRecognitionAlternative</a></td>
        <td></td>
      </tr>
    </tbody>
  </table>
  <a id="com_google_cloud_speech_v1_StreamingRecognitionResultOrBuilder_getAlternativesCount_" data-uid="com.google.cloud.speech.v1.StreamingRecognitionResultOrBuilder.getAlternativesCount*"></a>
  <h3 id="com_google_cloud_speech_v1_StreamingRecognitionResultOrBuilder_getAlternativesCount__" data-uid="com.google.cloud.speech.v1.StreamingRecognitionResultOrBuilder.getAlternativesCount()" class="notranslate">getAlternativesCount()</h3>
  <div class="codewrapper">
    <pre><code class="prettyprint">public abstract int getAlternativesCount()</code></pre>
  </div>
  <div class="markdown level1 summary"><pre><code>May contain one or more recognition hypotheses (up to the
 maximum specified in `max_alternatives`).
 These alternatives are ordered in terms of accuracy, with the top (first)
 alternative being the most probable, as ranked by the recognizer.
</code></pre><p><code>repeated .google.cloud.speech.v1.SpeechRecognitionAlternative alternatives = 1;</code></p>
</div>
  <strong>Returns</strong>
  <table class="table table-bordered table-striped table-condensed">
    <thead>
      <tr>
        <th>Type</th>
        <th>Description</th>
      </tr>
    </thead>
    <tbody>
      <tr>
        <td><span class="xref">int</span></td>
        <td></td>
      </tr>
    </tbody>
  </table>
  <a id="com_google_cloud_speech_v1_StreamingRecognitionResultOrBuilder_getAlternativesList_" data-uid="com.google.cloud.speech.v1.StreamingRecognitionResultOrBuilder.getAlternativesList*"></a>
  <h3 id="com_google_cloud_speech_v1_StreamingRecognitionResultOrBuilder_getAlternativesList__" data-uid="com.google.cloud.speech.v1.StreamingRecognitionResultOrBuilder.getAlternativesList()" class="notranslate">getAlternativesList()</h3>
  <div class="codewrapper">
    <pre><code class="prettyprint">public abstract List&lt;SpeechRecognitionAlternative&gt; getAlternativesList()</code></pre>
  </div>
  <div class="markdown level1 summary"><pre><code>May contain one or more recognition hypotheses (up to the
 maximum specified in `max_alternatives`).
 These alternatives are ordered in terms of accuracy, with the top (first)
 alternative being the most probable, as ranked by the recognizer.
</code></pre><p><code>repeated .google.cloud.speech.v1.SpeechRecognitionAlternative alternatives = 1;</code></p>
</div>
  <strong>Returns</strong>
  <table class="table table-bordered table-striped table-condensed">
    <thead>
      <tr>
        <th>Type</th>
        <th>Description</th>
      </tr>
    </thead>
    <tbody>
      <tr>
        <td><span class="xref">java.util.List</span>&lt;<a class="xref" href="com.google.cloud.speech.v1.SpeechRecognitionAlternative.html">SpeechRecognitionAlternative</a>&gt;</td>
        <td></td>
      </tr>
    </tbody>
  </table>
  <a id="com_google_cloud_speech_v1_StreamingRecognitionResultOrBuilder_getAlternativesOrBuilder_" data-uid="com.google.cloud.speech.v1.StreamingRecognitionResultOrBuilder.getAlternativesOrBuilder*"></a>
  <h3 id="com_google_cloud_speech_v1_StreamingRecognitionResultOrBuilder_getAlternativesOrBuilder_int_" data-uid="com.google.cloud.speech.v1.StreamingRecognitionResultOrBuilder.getAlternativesOrBuilder(int)" class="notranslate">getAlternativesOrBuilder(int index)</h3>
  <div class="codewrapper">
    <pre><code class="prettyprint">public abstract SpeechRecognitionAlternativeOrBuilder getAlternativesOrBuilder(int index)</code></pre>
  </div>
  <div class="markdown level1 summary"><pre><code>May contain one or more recognition hypotheses (up to the
 maximum specified in `max_alternatives`).
 These alternatives are ordered in terms of accuracy, with the top (first)
 alternative being the most probable, as ranked by the recognizer.
</code></pre><p><code>repeated .google.cloud.speech.v1.SpeechRecognitionAlternative alternatives = 1;</code></p>
</div>
  <strong>Parameters</strong>
  <table class="table table-bordered table-striped table-condensed">
    <thead>
      <tr>
        <th>Type</th>
        <th>Name</th>
        <th>Description</th>
      </tr>
    </thead>
    <tbody>
      <tr>
        <td><span class="xref">int</span></td>
        <td><span class="parametername">index</span></td>
        <td></td>
      </tr>
    </tbody>
  </table>
  <strong>Returns</strong>
  <table class="table table-bordered table-striped table-condensed">
    <thead>
      <tr>
        <th>Type</th>
        <th>Description</th>
      </tr>
    </thead>
    <tbody>
      <tr>
        <td><a class="xref" href="com.google.cloud.speech.v1.SpeechRecognitionAlternativeOrBuilder.html">SpeechRecognitionAlternativeOrBuilder</a></td>
        <td></td>
      </tr>
    </tbody>
  </table>
  <a id="com_google_cloud_speech_v1_StreamingRecognitionResultOrBuilder_getAlternativesOrBuilderList_" data-uid="com.google.cloud.speech.v1.StreamingRecognitionResultOrBuilder.getAlternativesOrBuilderList*"></a>
  <h3 id="com_google_cloud_speech_v1_StreamingRecognitionResultOrBuilder_getAlternativesOrBuilderList__" data-uid="com.google.cloud.speech.v1.StreamingRecognitionResultOrBuilder.getAlternativesOrBuilderList()" class="notranslate">getAlternativesOrBuilderList()</h3>
  <div class="codewrapper">
    <pre><code class="prettyprint">public abstract List&lt;? extends SpeechRecognitionAlternativeOrBuilder&gt; getAlternativesOrBuilderList()</code></pre>
  </div>
  <div class="markdown level1 summary"><pre><code>May contain one or more recognition hypotheses (up to the
 maximum specified in `max_alternatives`).
 These alternatives are ordered in terms of accuracy, with the top (first)
 alternative being the most probable, as ranked by the recognizer.
</code></pre><p><code>repeated .google.cloud.speech.v1.SpeechRecognitionAlternative alternatives = 1;</code></p>
</div>
  <strong>Returns</strong>
  <table class="table table-bordered table-striped table-condensed">
    <thead>
      <tr>
        <th>Type</th>
        <th>Description</th>
      </tr>
    </thead>
    <tbody>
      <tr>
        <td><span class="xref">java.util.List</span>&lt;<span class="xref">? extends com.google.cloud.speech.v1.SpeechRecognitionAlternativeOrBuilder</span>&gt;</td>
        <td></td>
      </tr>
    </tbody>
  </table>
  <a id="com_google_cloud_speech_v1_StreamingRecognitionResultOrBuilder_getChannelTag_" data-uid="com.google.cloud.speech.v1.StreamingRecognitionResultOrBuilder.getChannelTag*"></a>
  <h3 id="com_google_cloud_speech_v1_StreamingRecognitionResultOrBuilder_getChannelTag__" data-uid="com.google.cloud.speech.v1.StreamingRecognitionResultOrBuilder.getChannelTag()" class="notranslate">getChannelTag()</h3>
  <div class="codewrapper">
    <pre><code class="prettyprint">public abstract int getChannelTag()</code></pre>
  </div>
  <div class="markdown level1 summary"><pre><code>For multi-channel audio, this is the channel number corresponding to the
 recognized result for the audio from that channel.
 For audio_channel_count = N, its output values can range from &#39;1&#39; to &#39;N&#39;.
</code></pre><p><code>int32 channel_tag = 5;</code></p>
</div>
  <strong>Returns</strong>
  <table class="table table-bordered table-striped table-condensed">
    <thead>
      <tr>
        <th>Type</th>
        <th>Description</th>
      </tr>
    </thead>
    <tbody>
      <tr>
        <td><span class="xref">int</span></td>
        <td><p>The channelTag.</p>
</td>
      </tr>
    </tbody>
  </table>
  <a id="com_google_cloud_speech_v1_StreamingRecognitionResultOrBuilder_getIsFinal_" data-uid="com.google.cloud.speech.v1.StreamingRecognitionResultOrBuilder.getIsFinal*"></a>
  <h3 id="com_google_cloud_speech_v1_StreamingRecognitionResultOrBuilder_getIsFinal__" data-uid="com.google.cloud.speech.v1.StreamingRecognitionResultOrBuilder.getIsFinal()" class="notranslate">getIsFinal()</h3>
  <div class="codewrapper">
    <pre><code class="prettyprint">public abstract boolean getIsFinal()</code></pre>
  </div>
  <div class="markdown level1 summary"><pre><code>If `false`, this `StreamingRecognitionResult` represents an
 interim result that may change. If `true`, this is the final time the
 speech service will return this particular `StreamingRecognitionResult`,
 the recognizer will not return any further hypotheses for this portion of
 the transcript and corresponding audio.
</code></pre><p><code>bool is_final = 2;</code></p>
</div>
  <strong>Returns</strong>
  <table class="table table-bordered table-striped table-condensed">
    <thead>
      <tr>
        <th>Type</th>
        <th>Description</th>
      </tr>
    </thead>
    <tbody>
      <tr>
        <td><span class="xref">boolean</span></td>
        <td><p>The isFinal.</p>
</td>
      </tr>
    </tbody>
  </table>
  <a id="com_google_cloud_speech_v1_StreamingRecognitionResultOrBuilder_getLanguageCode_" data-uid="com.google.cloud.speech.v1.StreamingRecognitionResultOrBuilder.getLanguageCode*"></a>
  <h3 id="com_google_cloud_speech_v1_StreamingRecognitionResultOrBuilder_getLanguageCode__" data-uid="com.google.cloud.speech.v1.StreamingRecognitionResultOrBuilder.getLanguageCode()" class="notranslate">getLanguageCode()</h3>
  <div class="codewrapper">
    <pre><code class="prettyprint">public abstract String getLanguageCode()</code></pre>
  </div>
  <div class="markdown level1 summary"><pre><code>The [BCP-47](https://www.rfc-editor.org/rfc/bcp/bcp47.txt) language tag of
 the language in this result. This language code was detected to have the
 most likelihood of being spoken in the audio.
</code></pre><p><code>string language_code = 6 [(.google.api.field_behavior) = OUTPUT_ONLY];</code></p>
</div>
  <strong>Returns</strong>
  <table class="table table-bordered table-striped table-condensed">
    <thead>
      <tr>
        <th>Type</th>
        <th>Description</th>
      </tr>
    </thead>
    <tbody>
      <tr>
        <td><span class="xref">java.lang.String</span></td>
        <td><p>The languageCode.</p>
</td>
      </tr>
    </tbody>
  </table>
  <a id="com_google_cloud_speech_v1_StreamingRecognitionResultOrBuilder_getLanguageCodeBytes_" data-uid="com.google.cloud.speech.v1.StreamingRecognitionResultOrBuilder.getLanguageCodeBytes*"></a>
  <h3 id="com_google_cloud_speech_v1_StreamingRecognitionResultOrBuilder_getLanguageCodeBytes__" data-uid="com.google.cloud.speech.v1.StreamingRecognitionResultOrBuilder.getLanguageCodeBytes()" class="notranslate">getLanguageCodeBytes()</h3>
  <div class="codewrapper">
    <pre><code class="prettyprint">public abstract ByteString getLanguageCodeBytes()</code></pre>
  </div>
  <div class="markdown level1 summary"><pre><code>The [BCP-47](https://www.rfc-editor.org/rfc/bcp/bcp47.txt) language tag of
 the language in this result. This language code was detected to have the
 most likelihood of being spoken in the audio.
</code></pre><p><code>string language_code = 6 [(.google.api.field_behavior) = OUTPUT_ONLY];</code></p>
</div>
  <strong>Returns</strong>
  <table class="table table-bordered table-striped table-condensed">
    <thead>
      <tr>
        <th>Type</th>
        <th>Description</th>
      </tr>
    </thead>
    <tbody>
      <tr>
        <td><span class="xref">com.google.protobuf.ByteString</span></td>
        <td><p>The bytes for languageCode.</p>
</td>
      </tr>
    </tbody>
  </table>
  <a id="com_google_cloud_speech_v1_StreamingRecognitionResultOrBuilder_getResultEndTime_" data-uid="com.google.cloud.speech.v1.StreamingRecognitionResultOrBuilder.getResultEndTime*"></a>
  <h3 id="com_google_cloud_speech_v1_StreamingRecognitionResultOrBuilder_getResultEndTime__" data-uid="com.google.cloud.speech.v1.StreamingRecognitionResultOrBuilder.getResultEndTime()" class="notranslate">getResultEndTime()</h3>
  <div class="codewrapper">
    <pre><code class="prettyprint">public abstract Duration getResultEndTime()</code></pre>
  </div>
  <div class="markdown level1 summary"><pre><code>Time offset of the end of this result relative to the
 beginning of the audio.
</code></pre><p><code>.google.protobuf.Duration result_end_time = 4;</code></p>
</div>
  <strong>Returns</strong>
  <table class="table table-bordered table-striped table-condensed">
    <thead>
      <tr>
        <th>Type</th>
        <th>Description</th>
      </tr>
    </thead>
    <tbody>
      <tr>
        <td><span class="xref">com.google.protobuf.Duration</span></td>
        <td><p>The resultEndTime.</p>
</td>
      </tr>
    </tbody>
  </table>
  <a id="com_google_cloud_speech_v1_StreamingRecognitionResultOrBuilder_getResultEndTimeOrBuilder_" data-uid="com.google.cloud.speech.v1.StreamingRecognitionResultOrBuilder.getResultEndTimeOrBuilder*"></a>
  <h3 id="com_google_cloud_speech_v1_StreamingRecognitionResultOrBuilder_getResultEndTimeOrBuilder__" data-uid="com.google.cloud.speech.v1.StreamingRecognitionResultOrBuilder.getResultEndTimeOrBuilder()" class="notranslate">getResultEndTimeOrBuilder()</h3>
  <div class="codewrapper">
    <pre><code class="prettyprint">public abstract DurationOrBuilder getResultEndTimeOrBuilder()</code></pre>
  </div>
  <div class="markdown level1 summary"><pre><code>Time offset of the end of this result relative to the
 beginning of the audio.
</code></pre><p><code>.google.protobuf.Duration result_end_time = 4;</code></p>
</div>
  <strong>Returns</strong>
  <table class="table table-bordered table-striped table-condensed">
    <thead>
      <tr>
        <th>Type</th>
        <th>Description</th>
      </tr>
    </thead>
    <tbody>
      <tr>
        <td><span class="xref">com.google.protobuf.DurationOrBuilder</span></td>
        <td></td>
      </tr>
    </tbody>
  </table>
  <a id="com_google_cloud_speech_v1_StreamingRecognitionResultOrBuilder_getStability_" data-uid="com.google.cloud.speech.v1.StreamingRecognitionResultOrBuilder.getStability*"></a>
  <h3 id="com_google_cloud_speech_v1_StreamingRecognitionResultOrBuilder_getStability__" data-uid="com.google.cloud.speech.v1.StreamingRecognitionResultOrBuilder.getStability()" class="notranslate">getStability()</h3>
  <div class="codewrapper">
    <pre><code class="prettyprint">public abstract float getStability()</code></pre>
  </div>
  <div class="markdown level1 summary"><pre><code>An estimate of the likelihood that the recognizer will not
 change its guess about this interim result. Values range from 0.0
 (completely unstable) to 1.0 (completely stable).
 This field is only provided for interim results (`is_final=false`).
 The default of 0.0 is a sentinel value indicating `stability` was not set.
</code></pre><p><code>float stability = 3;</code></p>
</div>
  <strong>Returns</strong>
  <table class="table table-bordered table-striped table-condensed">
    <thead>
      <tr>
        <th>Type</th>
        <th>Description</th>
      </tr>
    </thead>
    <tbody>
      <tr>
        <td><span class="xref">float</span></td>
        <td><p>The stability.</p>
</td>
      </tr>
    </tbody>
  </table>
  <a id="com_google_cloud_speech_v1_StreamingRecognitionResultOrBuilder_hasResultEndTime_" data-uid="com.google.cloud.speech.v1.StreamingRecognitionResultOrBuilder.hasResultEndTime*"></a>
  <h3 id="com_google_cloud_speech_v1_StreamingRecognitionResultOrBuilder_hasResultEndTime__" data-uid="com.google.cloud.speech.v1.StreamingRecognitionResultOrBuilder.hasResultEndTime()" class="notranslate">hasResultEndTime()</h3>
  <div class="codewrapper">
    <pre><code class="prettyprint">public abstract boolean hasResultEndTime()</code></pre>
  </div>
  <div class="markdown level1 summary"><pre><code>Time offset of the end of this result relative to the
 beginning of the audio.
</code></pre><p><code>.google.protobuf.Duration result_end_time = 4;</code></p>
</div>
  <strong>Returns</strong>
  <table class="table table-bordered table-striped table-condensed">
    <thead>
      <tr>
        <th>Type</th>
        <th>Description</th>
      </tr>
    </thead>
    <tbody>
      <tr>
        <td><span class="xref">boolean</span></td>
        <td><p>Whether the resultEndTime field is set.</p>
</td>
      </tr>
    </tbody>
  </table>
  <h2 id="implements">Implements</h2>
  <div>
      <span class="xref">com.google.protobuf.MessageOrBuilder</span>
  </div>
</article>
    </div>
  </body>
</html>
