<!DOCTYPE html>
<html devsite="">
  <head>
    <meta name="project_path" value="/java/_project.yaml">
    <meta name="book_path" value="/java/_book.yaml">
  </head>
  <body>
    <div>
      <article data-uid="com.google.cloud.memcache.v1beta2.ZoneMetadata.Builder">
<h1 class="page-title">Class ZoneMetadata.Builder
</h1>
  
  
  <div class="markdown level0 summary"><p>Protobuf type <code>google.cloud.memcache.v1beta2.ZoneMetadata</code></p>
</div>
  <div class="markdown level0 conceptual"></div>
  <div class="inheritance">
    <h5>Inheritance</h5>
    <span><span class="xref">java.lang.Object</span></span> <span> &gt; </span>
    <span><span class="xref">com.google.protobuf.AbstractMessageLite.Builder</span></span> <span> &gt; </span>
    <span><span class="xref">com.google.protobuf.AbstractMessage.Builder</span></span> <span> &gt; </span>
    <span><span class="xref">com.google.protobuf.GeneratedMessageV3.Builder</span></span> <span> &gt; </span>
    <span class="xref">ZoneMetadata.Builder</span>
  </div>
  <div classs="implements">
    <h5>Implements</h5>
    <span><a class="xref" href="com.google.cloud.memcache.v1beta2.ZoneMetadataOrBuilder.html">ZoneMetadataOrBuilder</a></span>
  </div>
  <div class="inheritedMembers">
    <h5>Inherited Members</h5>
    <div>
      <span class="xref">com.google.protobuf.AbstractMessage.Builder.findInitializationErrors()</span>
    </div>
    <div>
      <span class="xref">com.google.protobuf.AbstractMessage.Builder.getInitializationErrorString()</span>
    </div>
    <div>
      <span class="xref">com.google.protobuf.AbstractMessage.Builder.internalMergeFrom(com.google.protobuf.AbstractMessageLite)</span>
    </div>
    <div>
      <span class="xref">com.google.protobuf.AbstractMessage.Builder.mergeDelimitedFrom(java.io.InputStream)</span>
    </div>
    <div>
      <span class="xref">com.google.protobuf.AbstractMessage.Builder.mergeDelimitedFrom(java.io.InputStream,com.google.protobuf.ExtensionRegistryLite)</span>
    </div>
    <div>
      <span class="xref">com.google.protobuf.AbstractMessage.Builder.mergeFrom(byte[])</span>
    </div>
    <div>
      <span class="xref">com.google.protobuf.AbstractMessage.Builder.mergeFrom(byte[],com.google.protobuf.ExtensionRegistryLite)</span>
    </div>
    <div>
      <span class="xref">com.google.protobuf.AbstractMessage.Builder.mergeFrom(byte[],int,int)</span>
    </div>
    <div>
      <span class="xref">com.google.protobuf.AbstractMessage.Builder.mergeFrom(byte[],int,int,com.google.protobuf.ExtensionRegistryLite)</span>
    </div>
    <div>
      <span class="xref">com.google.protobuf.AbstractMessage.Builder.mergeFrom(com.google.protobuf.ByteString)</span>
    </div>
    <div>
      <span class="xref">com.google.protobuf.AbstractMessage.Builder.mergeFrom(com.google.protobuf.ByteString,com.google.protobuf.ExtensionRegistryLite)</span>
    </div>
    <div>
      <span class="xref">com.google.protobuf.AbstractMessage.Builder.mergeFrom(com.google.protobuf.CodedInputStream)</span>
    </div>
    <div>
      <span class="xref">com.google.protobuf.AbstractMessage.Builder.mergeFrom(com.google.protobuf.CodedInputStream,com.google.protobuf.ExtensionRegistryLite)</span>
    </div>
    <div>
      <span class="xref">com.google.protobuf.AbstractMessage.Builder.mergeFrom(com.google.protobuf.Message)</span>
    </div>
    <div>
      <span class="xref">com.google.protobuf.AbstractMessage.Builder.mergeFrom(java.io.InputStream)</span>
    </div>
    <div>
      <span class="xref">com.google.protobuf.AbstractMessage.Builder.mergeFrom(java.io.InputStream,com.google.protobuf.ExtensionRegistryLite)</span>
    </div>
    <div>
      <span class="xref">com.google.protobuf.AbstractMessage.Builder.newUninitializedMessageException(com.google.protobuf.Message)</span>
    </div>
    <div>
      <span class="xref">com.google.protobuf.AbstractMessage.Builder.toString()</span>
    </div>
    <div>
      <span class="xref">com.google.protobuf.AbstractMessageLite.Builder.&lt;T&gt;addAll(java.lang.Iterable&lt;T&gt;,java.util.Collection&lt;? super T&gt;)</span>
    </div>
    <div>
      <span class="xref">com.google.protobuf.AbstractMessageLite.Builder.&lt;T&gt;addAll(java.lang.Iterable&lt;T&gt;,java.util.List&lt;? super T&gt;)</span>
    </div>
    <div>
      <span class="xref">com.google.protobuf.AbstractMessageLite.Builder.internalMergeFrom(MessageType)</span>
    </div>
    <div>
      <span class="xref">com.google.protobuf.AbstractMessageLite.Builder.mergeFrom(com.google.protobuf.MessageLite)</span>
    </div>
    <div>
      <span class="xref">com.google.protobuf.AbstractMessageLite.Builder.newUninitializedMessageException(com.google.protobuf.MessageLite)</span>
    </div>
    <div>
      <span class="xref">com.google.protobuf.GeneratedMessageV3.Builder.addRepeatedField(com.google.protobuf.Descriptors.FieldDescriptor,java.lang.Object)</span>
    </div>
    <div>
      <span class="xref">com.google.protobuf.GeneratedMessageV3.Builder.clear()</span>
    </div>
    <div>
      <span class="xref">com.google.protobuf.GeneratedMessageV3.Builder.clearField(com.google.protobuf.Descriptors.FieldDescriptor)</span>
    </div>
    <div>
      <span class="xref">com.google.protobuf.GeneratedMessageV3.Builder.clearOneof(com.google.protobuf.Descriptors.OneofDescriptor)</span>
    </div>
    <div>
      <span class="xref">com.google.protobuf.GeneratedMessageV3.Builder.clone()</span>
    </div>
    <div>
      <span class="xref">com.google.protobuf.GeneratedMessageV3.Builder.getAllFields()</span>
    </div>
    <div>
      <span class="xref">com.google.protobuf.GeneratedMessageV3.Builder.getDescriptorForType()</span>
    </div>
    <div>
      <span class="xref">com.google.protobuf.GeneratedMessageV3.Builder.getField(com.google.protobuf.Descriptors.FieldDescriptor)</span>
    </div>
    <div>
      <span class="xref">com.google.protobuf.GeneratedMessageV3.Builder.getFieldBuilder(com.google.protobuf.Descriptors.FieldDescriptor)</span>
    </div>
    <div>
      <span class="xref">com.google.protobuf.GeneratedMessageV3.Builder.getOneofFieldDescriptor(com.google.protobuf.Descriptors.OneofDescriptor)</span>
    </div>
    <div>
      <span class="xref">com.google.protobuf.GeneratedMessageV3.Builder.getParentForChildren()</span>
    </div>
    <div>
      <span class="xref">com.google.protobuf.GeneratedMessageV3.Builder.getRepeatedField(com.google.protobuf.Descriptors.FieldDescriptor,int)</span>
    </div>
    <div>
      <span class="xref">com.google.protobuf.GeneratedMessageV3.Builder.getRepeatedFieldBuilder(com.google.protobuf.Descriptors.FieldDescriptor,int)</span>
    </div>
    <div>
      <span class="xref">com.google.protobuf.GeneratedMessageV3.Builder.getRepeatedFieldCount(com.google.protobuf.Descriptors.FieldDescriptor)</span>
    </div>
    <div>
      <span class="xref">com.google.protobuf.GeneratedMessageV3.Builder.getUnknownFields()</span>
    </div>
    <div>
      <span class="xref">com.google.protobuf.GeneratedMessageV3.Builder.hasField(com.google.protobuf.Descriptors.FieldDescriptor)</span>
    </div>
    <div>
      <span class="xref">com.google.protobuf.GeneratedMessageV3.Builder.hasOneof(com.google.protobuf.Descriptors.OneofDescriptor)</span>
    </div>
    <div>
      <span class="xref">com.google.protobuf.GeneratedMessageV3.Builder.internalGetFieldAccessorTable()</span>
    </div>
    <div>
      <span class="xref">com.google.protobuf.GeneratedMessageV3.Builder.internalGetMapField(int)</span>
    </div>
    <div>
      <span class="xref">com.google.protobuf.GeneratedMessageV3.Builder.internalGetMutableMapField(int)</span>
    </div>
    <div>
      <span class="xref">com.google.protobuf.GeneratedMessageV3.Builder.isClean()</span>
    </div>
    <div>
      <span class="xref">com.google.protobuf.GeneratedMessageV3.Builder.isInitialized()</span>
    </div>
    <div>
      <span class="xref">com.google.protobuf.GeneratedMessageV3.Builder.markClean()</span>
    </div>
    <div>
      <span class="xref">com.google.protobuf.GeneratedMessageV3.Builder.mergeUnknownFields(com.google.protobuf.UnknownFieldSet)</span>
    </div>
    <div>
      <span class="xref">com.google.protobuf.GeneratedMessageV3.Builder.newBuilderForField(com.google.protobuf.Descriptors.FieldDescriptor)</span>
    </div>
    <div>
      <span class="xref">com.google.protobuf.GeneratedMessageV3.Builder.onBuilt()</span>
    </div>
    <div>
      <span class="xref">com.google.protobuf.GeneratedMessageV3.Builder.onChanged()</span>
    </div>
    <div>
      <span class="xref">com.google.protobuf.GeneratedMessageV3.Builder.setField(com.google.protobuf.Descriptors.FieldDescriptor,java.lang.Object)</span>
    </div>
    <div>
      <span class="xref">com.google.protobuf.GeneratedMessageV3.Builder.setRepeatedField(com.google.protobuf.Descriptors.FieldDescriptor,int,java.lang.Object)</span>
    </div>
    <div>
      <span class="xref">com.google.protobuf.GeneratedMessageV3.Builder.setUnknownFields(com.google.protobuf.UnknownFieldSet)</span>
    </div>
    <div>
      <span class="xref">com.google.protobuf.GeneratedMessageV3.Builder.setUnknownFieldsProto3(com.google.protobuf.UnknownFieldSet)</span>
    </div>
    <div>
      <span class="xref">java.lang.Object.equals(java.lang.Object)</span>
    </div>
    <div>
      <span class="xref">java.lang.Object.finalize()</span>
    </div>
    <div>
      <span class="xref">java.lang.Object.getClass()</span>
    </div>
    <div>
      <span class="xref">java.lang.Object.hashCode()</span>
    </div>
    <div>
      <span class="xref">java.lang.Object.notify()</span>
    </div>
    <div>
      <span class="xref">java.lang.Object.notifyAll()</span>
    </div>
    <div>
      <span class="xref">java.lang.Object.wait()</span>
    </div>
    <div>
      <span class="xref">java.lang.Object.wait(long)</span>
    </div>
    <div>
      <span class="xref">java.lang.Object.wait(long,int)</span>
    </div>
  </div>
  <h6><strong>Namespace</strong>: </h6>
  <h6><strong>Assembly</strong>: .dll</h6>
  <h5 id="com_google_cloud_memcache_v1beta2_ZoneMetadata_Builder_syntax">Syntax</h5>
  <div class="codewrapper">
    <pre><code class="prettyprint">public static final class ZoneMetadata.Builder extends GeneratedMessageV3.Builder&lt;ZoneMetadata.Builder&gt; implements ZoneMetadataOrBuilder</code></pre>
  </div>
  <h2 id="methods">Methods
  </h2>
  <a id="com_google_cloud_memcache_v1beta2_ZoneMetadata_Builder_addRepeatedField_" data-uid="com.google.cloud.memcache.v1beta2.ZoneMetadata.Builder.addRepeatedField*"></a>
  <h3 id="com_google_cloud_memcache_v1beta2_ZoneMetadata_Builder_addRepeatedField_com_google_protobuf_Descriptors_FieldDescriptor_java_lang_Object_" data-uid="com.google.cloud.memcache.v1beta2.ZoneMetadata.Builder.addRepeatedField(com.google.protobuf.Descriptors.FieldDescriptor,java.lang.Object)" class="notranslate">addRepeatedField(Descriptors.FieldDescriptor field, Object value)</h3>
  <div class="codewrapper">
    <pre><code class="prettyprint">public ZoneMetadata.Builder addRepeatedField(Descriptors.FieldDescriptor field, Object value)</code></pre>
  </div>
  <div class="markdown level1 summary"></div>
  <div class="markdown level1 conceptual"></div>
  <strong>Parameters</strong>
  <table class="table table-bordered table-striped table-condensed">
    <thead>
      <tr>
        <th>Type</th>
        <th>Name</th>
        <th>Description</th>
      </tr>
    </thead>
    <tbody>
      <tr>
        <td><span class="xref">com.google.protobuf.Descriptors.FieldDescriptor</span></td>
        <td><span class="parametername">field</span></td>
        <td></td>
      </tr>
      <tr>
        <td><span class="xref">java.lang.Object</span></td>
        <td><span class="parametername">value</span></td>
        <td></td>
      </tr>
    </tbody>
  </table>
  <strong>Returns</strong>
  <table class="table table-bordered table-striped table-condensed">
    <thead>
      <tr>
        <th>Type</th>
        <th>Description</th>
      </tr>
    </thead>
    <tbody>
      <tr>
        <td></td>
        <td></td>
      </tr>
    </tbody>
  </table>
  <strong>Overrides</strong>
  <div><span class="xref">com.google.protobuf.GeneratedMessageV3.Builder.addRepeatedField(com.google.protobuf.Descriptors.FieldDescriptor,java.lang.Object)</span></div>
  <a id="com_google_cloud_memcache_v1beta2_ZoneMetadata_Builder_build_" data-uid="com.google.cloud.memcache.v1beta2.ZoneMetadata.Builder.build*"></a>
  <h3 id="com_google_cloud_memcache_v1beta2_ZoneMetadata_Builder_build__" data-uid="com.google.cloud.memcache.v1beta2.ZoneMetadata.Builder.build()" class="notranslate">build()</h3>
  <div class="codewrapper">
    <pre><code class="prettyprint">public ZoneMetadata build()</code></pre>
  </div>
  <div class="markdown level1 summary"></div>
  <div class="markdown level1 conceptual"></div>
  <strong>Returns</strong>
  <table class="table table-bordered table-striped table-condensed">
    <thead>
      <tr>
        <th>Type</th>
        <th>Description</th>
      </tr>
    </thead>
    <tbody>
      <tr>
        <td><a class="xref" href="com.google.cloud.memcache.v1beta2.ZoneMetadata.html">ZoneMetadata</a></td>
        <td></td>
      </tr>
    </tbody>
  </table>
  <a id="com_google_cloud_memcache_v1beta2_ZoneMetadata_Builder_buildPartial_" data-uid="com.google.cloud.memcache.v1beta2.ZoneMetadata.Builder.buildPartial*"></a>
  <h3 id="com_google_cloud_memcache_v1beta2_ZoneMetadata_Builder_buildPartial__" data-uid="com.google.cloud.memcache.v1beta2.ZoneMetadata.Builder.buildPartial()" class="notranslate">buildPartial()</h3>
  <div class="codewrapper">
    <pre><code class="prettyprint">public ZoneMetadata buildPartial()</code></pre>
  </div>
  <div class="markdown level1 summary"></div>
  <div class="markdown level1 conceptual"></div>
  <strong>Returns</strong>
  <table class="table table-bordered table-striped table-condensed">
    <thead>
      <tr>
        <th>Type</th>
        <th>Description</th>
      </tr>
    </thead>
    <tbody>
      <tr>
        <td><a class="xref" href="com.google.cloud.memcache.v1beta2.ZoneMetadata.html">ZoneMetadata</a></td>
        <td></td>
      </tr>
    </tbody>
  </table>
  <a id="com_google_cloud_memcache_v1beta2_ZoneMetadata_Builder_clear_" data-uid="com.google.cloud.memcache.v1beta2.ZoneMetadata.Builder.clear*"></a>
  <h3 id="com_google_cloud_memcache_v1beta2_ZoneMetadata_Builder_clear__" data-uid="com.google.cloud.memcache.v1beta2.ZoneMetadata.Builder.clear()" class="notranslate">clear()</h3>
  <div class="codewrapper">
    <pre><code class="prettyprint">public ZoneMetadata.Builder clear()</code></pre>
  </div>
  <div class="markdown level1 summary"></div>
  <div class="markdown level1 conceptual"></div>
  <strong>Returns</strong>
  <table class="table table-bordered table-striped table-condensed">
    <thead>
      <tr>
        <th>Type</th>
        <th>Description</th>
      </tr>
    </thead>
    <tbody>
      <tr>
        <td></td>
        <td></td>
      </tr>
    </tbody>
  </table>
  <strong>Overrides</strong>
  <div><span class="xref">com.google.protobuf.GeneratedMessageV3.Builder.clear()</span></div>
  <a id="com_google_cloud_memcache_v1beta2_ZoneMetadata_Builder_clearField_" data-uid="com.google.cloud.memcache.v1beta2.ZoneMetadata.Builder.clearField*"></a>
  <h3 id="com_google_cloud_memcache_v1beta2_ZoneMetadata_Builder_clearField_com_google_protobuf_Descriptors_FieldDescriptor_" data-uid="com.google.cloud.memcache.v1beta2.ZoneMetadata.Builder.clearField(com.google.protobuf.Descriptors.FieldDescriptor)" class="notranslate">clearField(Descriptors.FieldDescriptor field)</h3>
  <div class="codewrapper">
    <pre><code class="prettyprint">public ZoneMetadata.Builder clearField(Descriptors.FieldDescriptor field)</code></pre>
  </div>
  <div class="markdown level1 summary"></div>
  <div class="markdown level1 conceptual"></div>
  <strong>Parameters</strong>
  <table class="table table-bordered table-striped table-condensed">
    <thead>
      <tr>
        <th>Type</th>
        <th>Name</th>
        <th>Description</th>
      </tr>
    </thead>
    <tbody>
      <tr>
        <td><span class="xref">com.google.protobuf.Descriptors.FieldDescriptor</span></td>
        <td><span class="parametername">field</span></td>
        <td></td>
      </tr>
    </tbody>
  </table>
  <strong>Returns</strong>
  <table class="table table-bordered table-striped table-condensed">
    <thead>
      <tr>
        <th>Type</th>
        <th>Description</th>
      </tr>
    </thead>
    <tbody>
      <tr>
        <td></td>
        <td></td>
      </tr>
    </tbody>
  </table>
  <strong>Overrides</strong>
  <div><span class="xref">com.google.protobuf.GeneratedMessageV3.Builder.clearField(com.google.protobuf.Descriptors.FieldDescriptor)</span></div>
  <a id="com_google_cloud_memcache_v1beta2_ZoneMetadata_Builder_clearOneof_" data-uid="com.google.cloud.memcache.v1beta2.ZoneMetadata.Builder.clearOneof*"></a>
  <h3 id="com_google_cloud_memcache_v1beta2_ZoneMetadata_Builder_clearOneof_com_google_protobuf_Descriptors_OneofDescriptor_" data-uid="com.google.cloud.memcache.v1beta2.ZoneMetadata.Builder.clearOneof(com.google.protobuf.Descriptors.OneofDescriptor)" class="notranslate">clearOneof(Descriptors.OneofDescriptor oneof)</h3>
  <div class="codewrapper">
    <pre><code class="prettyprint">public ZoneMetadata.Builder clearOneof(Descriptors.OneofDescriptor oneof)</code></pre>
  </div>
  <div class="markdown level1 summary"></div>
  <div class="markdown level1 conceptual"></div>
  <strong>Parameters</strong>
  <table class="table table-bordered table-striped table-condensed">
    <thead>
      <tr>
        <th>Type</th>
        <th>Name</th>
        <th>Description</th>
      </tr>
    </thead>
    <tbody>
      <tr>
        <td><span class="xref">com.google.protobuf.Descriptors.OneofDescriptor</span></td>
        <td><span class="parametername">oneof</span></td>
        <td></td>
      </tr>
    </tbody>
  </table>
  <strong>Returns</strong>
  <table class="table table-bordered table-striped table-condensed">
    <thead>
      <tr>
        <th>Type</th>
        <th>Description</th>
      </tr>
    </thead>
    <tbody>
      <tr>
        <td></td>
        <td></td>
      </tr>
    </tbody>
  </table>
  <strong>Overrides</strong>
  <div><span class="xref">com.google.protobuf.GeneratedMessageV3.Builder.clearOneof(com.google.protobuf.Descriptors.OneofDescriptor)</span></div>
  <a id="com_google_cloud_memcache_v1beta2_ZoneMetadata_Builder_clone_" data-uid="com.google.cloud.memcache.v1beta2.ZoneMetadata.Builder.clone*"></a>
  <h3 id="com_google_cloud_memcache_v1beta2_ZoneMetadata_Builder_clone__" data-uid="com.google.cloud.memcache.v1beta2.ZoneMetadata.Builder.clone()" class="notranslate">clone()</h3>
  <div class="codewrapper">
    <pre><code class="prettyprint">public ZoneMetadata.Builder clone()</code></pre>
  </div>
  <div class="markdown level1 summary"></div>
  <div class="markdown level1 conceptual"></div>
  <strong>Returns</strong>
  <table class="table table-bordered table-striped table-condensed">
    <thead>
      <tr>
        <th>Type</th>
        <th>Description</th>
      </tr>
    </thead>
    <tbody>
      <tr>
        <td></td>
        <td></td>
      </tr>
    </tbody>
  </table>
  <strong>Overrides</strong>
  <div><span class="xref">com.google.protobuf.GeneratedMessageV3.Builder.clone()</span></div>
  <a id="com_google_cloud_memcache_v1beta2_ZoneMetadata_Builder_getDefaultInstanceForType_" data-uid="com.google.cloud.memcache.v1beta2.ZoneMetadata.Builder.getDefaultInstanceForType*"></a>
  <h3 id="com_google_cloud_memcache_v1beta2_ZoneMetadata_Builder_getDefaultInstanceForType__" data-uid="com.google.cloud.memcache.v1beta2.ZoneMetadata.Builder.getDefaultInstanceForType()" class="notranslate">getDefaultInstanceForType()</h3>
  <div class="codewrapper">
    <pre><code class="prettyprint">public ZoneMetadata getDefaultInstanceForType()</code></pre>
  </div>
  <div class="markdown level1 summary"></div>
  <div class="markdown level1 conceptual"></div>
  <strong>Returns</strong>
  <table class="table table-bordered table-striped table-condensed">
    <thead>
      <tr>
        <th>Type</th>
        <th>Description</th>
      </tr>
    </thead>
    <tbody>
      <tr>
        <td><a class="xref" href="com.google.cloud.memcache.v1beta2.ZoneMetadata.html">ZoneMetadata</a></td>
        <td></td>
      </tr>
    </tbody>
  </table>
  <a id="com_google_cloud_memcache_v1beta2_ZoneMetadata_Builder_getDescriptor_" data-uid="com.google.cloud.memcache.v1beta2.ZoneMetadata.Builder.getDescriptor*"></a>
  <h3 id="com_google_cloud_memcache_v1beta2_ZoneMetadata_Builder_getDescriptor__" data-uid="com.google.cloud.memcache.v1beta2.ZoneMetadata.Builder.getDescriptor()" class="notranslate">getDescriptor()</h3>
  <div class="codewrapper">
    <pre><code class="prettyprint">public static final Descriptors.Descriptor getDescriptor()</code></pre>
  </div>
  <div class="markdown level1 summary"></div>
  <div class="markdown level1 conceptual"></div>
  <strong>Returns</strong>
  <table class="table table-bordered table-striped table-condensed">
    <thead>
      <tr>
        <th>Type</th>
        <th>Description</th>
      </tr>
    </thead>
    <tbody>
      <tr>
        <td><span class="xref">com.google.protobuf.Descriptors.Descriptor</span></td>
        <td></td>
      </tr>
    </tbody>
  </table>
  <a id="com_google_cloud_memcache_v1beta2_ZoneMetadata_Builder_getDescriptorForType_" data-uid="com.google.cloud.memcache.v1beta2.ZoneMetadata.Builder.getDescriptorForType*"></a>
  <h3 id="com_google_cloud_memcache_v1beta2_ZoneMetadata_Builder_getDescriptorForType__" data-uid="com.google.cloud.memcache.v1beta2.ZoneMetadata.Builder.getDescriptorForType()" class="notranslate">getDescriptorForType()</h3>
  <div class="codewrapper">
    <pre><code class="prettyprint">public Descriptors.Descriptor getDescriptorForType()</code></pre>
  </div>
  <div class="markdown level1 summary"></div>
  <div class="markdown level1 conceptual"></div>
  <strong>Returns</strong>
  <table class="table table-bordered table-striped table-condensed">
    <thead>
      <tr>
        <th>Type</th>
        <th>Description</th>
      </tr>
    </thead>
    <tbody>
      <tr>
        <td><span class="xref">com.google.protobuf.Descriptors.Descriptor</span></td>
        <td></td>
      </tr>
    </tbody>
  </table>
  <strong>Overrides</strong>
  <div><span class="xref">com.google.protobuf.GeneratedMessageV3.Builder.getDescriptorForType()</span></div>
  <a id="com_google_cloud_memcache_v1beta2_ZoneMetadata_Builder_internalGetFieldAccessorTable_" data-uid="com.google.cloud.memcache.v1beta2.ZoneMetadata.Builder.internalGetFieldAccessorTable*"></a>
  <h3 id="com_google_cloud_memcache_v1beta2_ZoneMetadata_Builder_internalGetFieldAccessorTable__" data-uid="com.google.cloud.memcache.v1beta2.ZoneMetadata.Builder.internalGetFieldAccessorTable()" class="notranslate">internalGetFieldAccessorTable()</h3>
  <div class="codewrapper">
    <pre><code class="prettyprint">protected GeneratedMessageV3.FieldAccessorTable internalGetFieldAccessorTable()</code></pre>
  </div>
  <div class="markdown level1 summary"></div>
  <div class="markdown level1 conceptual"></div>
  <strong>Returns</strong>
  <table class="table table-bordered table-striped table-condensed">
    <thead>
      <tr>
        <th>Type</th>
        <th>Description</th>
      </tr>
    </thead>
    <tbody>
      <tr>
        <td><span class="xref">com.google.protobuf.GeneratedMessageV3.FieldAccessorTable</span></td>
        <td></td>
      </tr>
    </tbody>
  </table>
  <strong>Overrides</strong>
  <div><span class="xref">com.google.protobuf.GeneratedMessageV3.Builder.internalGetFieldAccessorTable()</span></div>
  <a id="com_google_cloud_memcache_v1beta2_ZoneMetadata_Builder_isInitialized_" data-uid="com.google.cloud.memcache.v1beta2.ZoneMetadata.Builder.isInitialized*"></a>
  <h3 id="com_google_cloud_memcache_v1beta2_ZoneMetadata_Builder_isInitialized__" data-uid="com.google.cloud.memcache.v1beta2.ZoneMetadata.Builder.isInitialized()" class="notranslate">isInitialized()</h3>
  <div class="codewrapper">
    <pre><code class="prettyprint">public final boolean isInitialized()</code></pre>
  </div>
  <div class="markdown level1 summary"></div>
  <div class="markdown level1 conceptual"></div>
  <strong>Returns</strong>
  <table class="table table-bordered table-striped table-condensed">
    <thead>
      <tr>
        <th>Type</th>
        <th>Description</th>
      </tr>
    </thead>
    <tbody>
      <tr>
        <td><span class="xref">boolean</span></td>
        <td></td>
      </tr>
    </tbody>
  </table>
  <strong>Overrides</strong>
  <div><span class="xref">com.google.protobuf.GeneratedMessageV3.Builder.isInitialized()</span></div>
  <a id="com_google_cloud_memcache_v1beta2_ZoneMetadata_Builder_mergeFrom_" data-uid="com.google.cloud.memcache.v1beta2.ZoneMetadata.Builder.mergeFrom*"></a>
  <h3 id="com_google_cloud_memcache_v1beta2_ZoneMetadata_Builder_mergeFrom_com_google_cloud_memcache_v1beta2_ZoneMetadata_" data-uid="com.google.cloud.memcache.v1beta2.ZoneMetadata.Builder.mergeFrom(com.google.cloud.memcache.v1beta2.ZoneMetadata)" class="notranslate">mergeFrom(ZoneMetadata other)</h3>
  <div class="codewrapper">
    <pre><code class="prettyprint">public ZoneMetadata.Builder mergeFrom(ZoneMetadata other)</code></pre>
  </div>
  <div class="markdown level1 summary"></div>
  <div class="markdown level1 conceptual"></div>
  <strong>Parameters</strong>
  <table class="table table-bordered table-striped table-condensed">
    <thead>
      <tr>
        <th>Type</th>
        <th>Name</th>
        <th>Description</th>
      </tr>
    </thead>
    <tbody>
      <tr>
        <td><a class="xref" href="com.google.cloud.memcache.v1beta2.ZoneMetadata.html">ZoneMetadata</a></td>
        <td><span class="parametername">other</span></td>
        <td></td>
      </tr>
    </tbody>
  </table>
  <strong>Returns</strong>
  <table class="table table-bordered table-striped table-condensed">
    <thead>
      <tr>
        <th>Type</th>
        <th>Description</th>
      </tr>
    </thead>
    <tbody>
      <tr>
        <td></td>
        <td></td>
      </tr>
    </tbody>
  </table>
  <a id="com_google_cloud_memcache_v1beta2_ZoneMetadata_Builder_mergeFrom_" data-uid="com.google.cloud.memcache.v1beta2.ZoneMetadata.Builder.mergeFrom*"></a>
  <h3 id="com_google_cloud_memcache_v1beta2_ZoneMetadata_Builder_mergeFrom_com_google_protobuf_CodedInputStream_com_google_protobuf_ExtensionRegistryLite_" data-uid="com.google.cloud.memcache.v1beta2.ZoneMetadata.Builder.mergeFrom(com.google.protobuf.CodedInputStream,com.google.protobuf.ExtensionRegistryLite)" class="notranslate">mergeFrom(CodedInputStream input, ExtensionRegistryLite extensionRegistry)</h3>
  <div class="codewrapper">
    <pre><code class="prettyprint">public ZoneMetadata.Builder mergeFrom(CodedInputStream input, ExtensionRegistryLite extensionRegistry)</code></pre>
  </div>
  <div class="markdown level1 summary"></div>
  <div class="markdown level1 conceptual"></div>
  <strong>Parameters</strong>
  <table class="table table-bordered table-striped table-condensed">
    <thead>
      <tr>
        <th>Type</th>
        <th>Name</th>
        <th>Description</th>
      </tr>
    </thead>
    <tbody>
      <tr>
        <td><span class="xref">com.google.protobuf.CodedInputStream</span></td>
        <td><span class="parametername">input</span></td>
        <td></td>
      </tr>
      <tr>
        <td><span class="xref">com.google.protobuf.ExtensionRegistryLite</span></td>
        <td><span class="parametername">extensionRegistry</span></td>
        <td></td>
      </tr>
    </tbody>
  </table>
  <strong>Returns</strong>
  <table class="table table-bordered table-striped table-condensed">
    <thead>
      <tr>
        <th>Type</th>
        <th>Description</th>
      </tr>
    </thead>
    <tbody>
      <tr>
        <td></td>
        <td></td>
      </tr>
    </tbody>
  </table>
  <strong>Overrides</strong>
  <div><span class="xref">com.google.protobuf.AbstractMessage.Builder.mergeFrom(com.google.protobuf.CodedInputStream,com.google.protobuf.ExtensionRegistryLite)</span></div>
  <strong>Exceptions</strong>
  <table class="table table-bordered table-striped table-condensed">
    <thead>
      <tr>
        <th>Type</th>
        <th>Condition</th>
      </tr>
    </thead>
    <tbody>
      <tr>
        <td><span class="xref">java.io.IOException</span></td>
        <td></td>
      </tr>
    </tbody>
  </table>
  <a id="com_google_cloud_memcache_v1beta2_ZoneMetadata_Builder_mergeFrom_" data-uid="com.google.cloud.memcache.v1beta2.ZoneMetadata.Builder.mergeFrom*"></a>
  <h3 id="com_google_cloud_memcache_v1beta2_ZoneMetadata_Builder_mergeFrom_com_google_protobuf_Message_" data-uid="com.google.cloud.memcache.v1beta2.ZoneMetadata.Builder.mergeFrom(com.google.protobuf.Message)" class="notranslate">mergeFrom(Message other)</h3>
  <div class="codewrapper">
    <pre><code class="prettyprint">public ZoneMetadata.Builder mergeFrom(Message other)</code></pre>
  </div>
  <div class="markdown level1 summary"></div>
  <div class="markdown level1 conceptual"></div>
  <strong>Parameters</strong>
  <table class="table table-bordered table-striped table-condensed">
    <thead>
      <tr>
        <th>Type</th>
        <th>Name</th>
        <th>Description</th>
      </tr>
    </thead>
    <tbody>
      <tr>
        <td><span class="xref">com.google.protobuf.Message</span></td>
        <td><span class="parametername">other</span></td>
        <td></td>
      </tr>
    </tbody>
  </table>
  <strong>Returns</strong>
  <table class="table table-bordered table-striped table-condensed">
    <thead>
      <tr>
        <th>Type</th>
        <th>Description</th>
      </tr>
    </thead>
    <tbody>
      <tr>
        <td></td>
        <td></td>
      </tr>
    </tbody>
  </table>
  <strong>Overrides</strong>
  <div><span class="xref">com.google.protobuf.AbstractMessage.Builder.mergeFrom(com.google.protobuf.Message)</span></div>
  <a id="com_google_cloud_memcache_v1beta2_ZoneMetadata_Builder_mergeUnknownFields_" data-uid="com.google.cloud.memcache.v1beta2.ZoneMetadata.Builder.mergeUnknownFields*"></a>
  <h3 id="com_google_cloud_memcache_v1beta2_ZoneMetadata_Builder_mergeUnknownFields_com_google_protobuf_UnknownFieldSet_" data-uid="com.google.cloud.memcache.v1beta2.ZoneMetadata.Builder.mergeUnknownFields(com.google.protobuf.UnknownFieldSet)" class="notranslate">mergeUnknownFields(UnknownFieldSet unknownFields)</h3>
  <div class="codewrapper">
    <pre><code class="prettyprint">public final ZoneMetadata.Builder mergeUnknownFields(UnknownFieldSet unknownFields)</code></pre>
  </div>
  <div class="markdown level1 summary"></div>
  <div class="markdown level1 conceptual"></div>
  <strong>Parameters</strong>
  <table class="table table-bordered table-striped table-condensed">
    <thead>
      <tr>
        <th>Type</th>
        <th>Name</th>
        <th>Description</th>
      </tr>
    </thead>
    <tbody>
      <tr>
        <td><span class="xref">com.google.protobuf.UnknownFieldSet</span></td>
        <td><span class="parametername">unknownFields</span></td>
        <td></td>
      </tr>
    </tbody>
  </table>
  <strong>Returns</strong>
  <table class="table table-bordered table-striped table-condensed">
    <thead>
      <tr>
        <th>Type</th>
        <th>Description</th>
      </tr>
    </thead>
    <tbody>
      <tr>
        <td></td>
        <td></td>
      </tr>
    </tbody>
  </table>
  <strong>Overrides</strong>
  <div><span class="xref">com.google.protobuf.GeneratedMessageV3.Builder.mergeUnknownFields(com.google.protobuf.UnknownFieldSet)</span></div>
  <a id="com_google_cloud_memcache_v1beta2_ZoneMetadata_Builder_setField_" data-uid="com.google.cloud.memcache.v1beta2.ZoneMetadata.Builder.setField*"></a>
  <h3 id="com_google_cloud_memcache_v1beta2_ZoneMetadata_Builder_setField_com_google_protobuf_Descriptors_FieldDescriptor_java_lang_Object_" data-uid="com.google.cloud.memcache.v1beta2.ZoneMetadata.Builder.setField(com.google.protobuf.Descriptors.FieldDescriptor,java.lang.Object)" class="notranslate">setField(Descriptors.FieldDescriptor field, Object value)</h3>
  <div class="codewrapper">
    <pre><code class="prettyprint">public ZoneMetadata.Builder setField(Descriptors.FieldDescriptor field, Object value)</code></pre>
  </div>
  <div class="markdown level1 summary"></div>
  <div class="markdown level1 conceptual"></div>
  <strong>Parameters</strong>
  <table class="table table-bordered table-striped table-condensed">
    <thead>
      <tr>
        <th>Type</th>
        <th>Name</th>
        <th>Description</th>
      </tr>
    </thead>
    <tbody>
      <tr>
        <td><span class="xref">com.google.protobuf.Descriptors.FieldDescriptor</span></td>
        <td><span class="parametername">field</span></td>
        <td></td>
      </tr>
      <tr>
        <td><span class="xref">java.lang.Object</span></td>
        <td><span class="parametername">value</span></td>
        <td></td>
      </tr>
    </tbody>
  </table>
  <strong>Returns</strong>
  <table class="table table-bordered table-striped table-condensed">
    <thead>
      <tr>
        <th>Type</th>
        <th>Description</th>
      </tr>
    </thead>
    <tbody>
      <tr>
        <td></td>
        <td></td>
      </tr>
    </tbody>
  </table>
  <strong>Overrides</strong>
  <div><span class="xref">com.google.protobuf.GeneratedMessageV3.Builder.setField(com.google.protobuf.Descriptors.FieldDescriptor,java.lang.Object)</span></div>
  <a id="com_google_cloud_memcache_v1beta2_ZoneMetadata_Builder_setRepeatedField_" data-uid="com.google.cloud.memcache.v1beta2.ZoneMetadata.Builder.setRepeatedField*"></a>
  <h3 id="com_google_cloud_memcache_v1beta2_ZoneMetadata_Builder_setRepeatedField_com_google_protobuf_Descriptors_FieldDescriptor_int_java_lang_Object_" data-uid="com.google.cloud.memcache.v1beta2.ZoneMetadata.Builder.setRepeatedField(com.google.protobuf.Descriptors.FieldDescriptor,int,java.lang.Object)" class="notranslate">setRepeatedField(Descriptors.FieldDescriptor field, int index, Object value)</h3>
  <div class="codewrapper">
    <pre><code class="prettyprint">public ZoneMetadata.Builder setRepeatedField(Descriptors.FieldDescriptor field, int index, Object value)</code></pre>
  </div>
  <div class="markdown level1 summary"></div>
  <div class="markdown level1 conceptual"></div>
  <strong>Parameters</strong>
  <table class="table table-bordered table-striped table-condensed">
    <thead>
      <tr>
        <th>Type</th>
        <th>Name</th>
        <th>Description</th>
      </tr>
    </thead>
    <tbody>
      <tr>
        <td><span class="xref">com.google.protobuf.Descriptors.FieldDescriptor</span></td>
        <td><span class="parametername">field</span></td>
        <td></td>
      </tr>
      <tr>
        <td><span class="xref">int</span></td>
        <td><span class="parametername">index</span></td>
        <td></td>
      </tr>
      <tr>
        <td><span class="xref">java.lang.Object</span></td>
        <td><span class="parametername">value</span></td>
        <td></td>
      </tr>
    </tbody>
  </table>
  <strong>Returns</strong>
  <table class="table table-bordered table-striped table-condensed">
    <thead>
      <tr>
        <th>Type</th>
        <th>Description</th>
      </tr>
    </thead>
    <tbody>
      <tr>
        <td></td>
        <td></td>
      </tr>
    </tbody>
  </table>
  <strong>Overrides</strong>
  <div><span class="xref">com.google.protobuf.GeneratedMessageV3.Builder.setRepeatedField(com.google.protobuf.Descriptors.FieldDescriptor,int,java.lang.Object)</span></div>
  <a id="com_google_cloud_memcache_v1beta2_ZoneMetadata_Builder_setUnknownFields_" data-uid="com.google.cloud.memcache.v1beta2.ZoneMetadata.Builder.setUnknownFields*"></a>
  <h3 id="com_google_cloud_memcache_v1beta2_ZoneMetadata_Builder_setUnknownFields_com_google_protobuf_UnknownFieldSet_" data-uid="com.google.cloud.memcache.v1beta2.ZoneMetadata.Builder.setUnknownFields(com.google.protobuf.UnknownFieldSet)" class="notranslate">setUnknownFields(UnknownFieldSet unknownFields)</h3>
  <div class="codewrapper">
    <pre><code class="prettyprint">public final ZoneMetadata.Builder setUnknownFields(UnknownFieldSet unknownFields)</code></pre>
  </div>
  <div class="markdown level1 summary"></div>
  <div class="markdown level1 conceptual"></div>
  <strong>Parameters</strong>
  <table class="table table-bordered table-striped table-condensed">
    <thead>
      <tr>
        <th>Type</th>
        <th>Name</th>
        <th>Description</th>
      </tr>
    </thead>
    <tbody>
      <tr>
        <td><span class="xref">com.google.protobuf.UnknownFieldSet</span></td>
        <td><span class="parametername">unknownFields</span></td>
        <td></td>
      </tr>
    </tbody>
  </table>
  <strong>Returns</strong>
  <table class="table table-bordered table-striped table-condensed">
    <thead>
      <tr>
        <th>Type</th>
        <th>Description</th>
      </tr>
    </thead>
    <tbody>
      <tr>
        <td></td>
        <td></td>
      </tr>
    </tbody>
  </table>
  <strong>Overrides</strong>
  <div><span class="xref">com.google.protobuf.GeneratedMessageV3.Builder.setUnknownFields(com.google.protobuf.UnknownFieldSet)</span></div>
  <h2 id="implements">Implements</h2>
  <div>
      <a class="xref" href="com.google.cloud.memcache.v1beta2.ZoneMetadataOrBuilder.html">ZoneMetadataOrBuilder</a>
  </div>
</article>
    </div>
  </body>
</html>
