<!DOCTYPE html>
<html devsite="">
  <head>
    <meta name="project_path" value="/java/_project.yaml">
    <meta name="book_path" value="/java/_book.yaml">
  </head>
  <body>
    <div>
      <article data-uid="com.google.cloud.speech.v1p1beta1.ListPhraseSetResponseOrBuilder">
<h1 class="page-title">Interface ListPhraseSetResponseOrBuilder
</h1>
  
  
  {% verbatim %}
  <div class="codewrapper">
    <pre><code class="prettyprint">public interface ListPhraseSetResponseOrBuilder extends MessageOrBuilder</code></pre>
  </div>
  <div classs="implements">
    <h2>Implements</h2>
    <span><span class="xref">com.google.protobuf.MessageOrBuilder</span></span>
  </div>
  {% endverbatim %}
  <h2 id="methods">Methods
  </h2>
  <a id="com_google_cloud_speech_v1p1beta1_ListPhraseSetResponseOrBuilder_getNextPageToken_" data-uid="com.google.cloud.speech.v1p1beta1.ListPhraseSetResponseOrBuilder.getNextPageToken*"></a>
  <h3 id="com_google_cloud_speech_v1p1beta1_ListPhraseSetResponseOrBuilder_getNextPageToken__" data-uid="com.google.cloud.speech.v1p1beta1.ListPhraseSetResponseOrBuilder.getNextPageToken()" class="notranslate">getNextPageToken()</h3>
  <div class="codewrapper">
    <pre><code class="prettyprint">public abstract String getNextPageToken()</code></pre>
  </div>
  {% verbatim %}
  <div class="markdown level1 summary"><pre><code>A token, which can be sent as `page_token` to retrieve the next page.
 If this field is omitted, there are no subsequent pages.
</code></pre><p><code>string next_page_token = 2;</code></p>
</div>
  {% endverbatim %}
  <strong>Returns</strong>
  <table class="table table-bordered table-striped table-condensed">
    <thead>
      <tr>
        <th>Type</th>
        <th>Description</th>
      </tr>
    </thead>
    <tbody>
      <tr>
        <td><span class="xref">java.lang.String</span></td>
        <td><p>The nextPageToken.</p>
</td>
      </tr>
    </tbody>
  </table>
  <a id="com_google_cloud_speech_v1p1beta1_ListPhraseSetResponseOrBuilder_getNextPageTokenBytes_" data-uid="com.google.cloud.speech.v1p1beta1.ListPhraseSetResponseOrBuilder.getNextPageTokenBytes*"></a>
  <h3 id="com_google_cloud_speech_v1p1beta1_ListPhraseSetResponseOrBuilder_getNextPageTokenBytes__" data-uid="com.google.cloud.speech.v1p1beta1.ListPhraseSetResponseOrBuilder.getNextPageTokenBytes()" class="notranslate">getNextPageTokenBytes()</h3>
  <div class="codewrapper">
    <pre><code class="prettyprint">public abstract ByteString getNextPageTokenBytes()</code></pre>
  </div>
  {% verbatim %}
  <div class="markdown level1 summary"><pre><code>A token, which can be sent as `page_token` to retrieve the next page.
 If this field is omitted, there are no subsequent pages.
</code></pre><p><code>string next_page_token = 2;</code></p>
</div>
  {% endverbatim %}
  <strong>Returns</strong>
  <table class="table table-bordered table-striped table-condensed">
    <thead>
      <tr>
        <th>Type</th>
        <th>Description</th>
      </tr>
    </thead>
    <tbody>
      <tr>
        <td><span class="xref">com.google.protobuf.ByteString</span></td>
        <td><p>The bytes for nextPageToken.</p>
</td>
      </tr>
    </tbody>
  </table>
  <a id="com_google_cloud_speech_v1p1beta1_ListPhraseSetResponseOrBuilder_getPhraseSets_" data-uid="com.google.cloud.speech.v1p1beta1.ListPhraseSetResponseOrBuilder.getPhraseSets*"></a>
  <h3 id="com_google_cloud_speech_v1p1beta1_ListPhraseSetResponseOrBuilder_getPhraseSets_int_" data-uid="com.google.cloud.speech.v1p1beta1.ListPhraseSetResponseOrBuilder.getPhraseSets(int)" class="notranslate">getPhraseSets(int index)</h3>
  <div class="codewrapper">
    <pre><code class="prettyprint">public abstract PhraseSet getPhraseSets(int index)</code></pre>
  </div>
  {% verbatim %}
  <div class="markdown level1 summary"><pre><code>The phrase set.
</code></pre><p><code>repeated .google.cloud.speech.v1p1beta1.PhraseSet phrase_sets = 1;</code></p>
</div>
  {% endverbatim %}
  <strong>Parameter</strong>
  <table class="table table-bordered table-striped table-condensed">
    <thead>
      <tr>
        <th>Type</th>
        <th>Name</th>
        <th>Description</th>
      </tr>
    </thead>
    <tbody>
    {% verbatim %}
      <tr>
        <td><span class="xref">int</span></td>
        <td><span class="parametername">index</span></td>
        <td></td>
      </tr>
    </tbody>
    {% endverbatim %}
  </table>
  <strong>Returns</strong>
  <table class="table table-bordered table-striped table-condensed">
    <thead>
      <tr>
        <th>Type</th>
        <th>Description</th>
      </tr>
    </thead>
    <tbody>
      <tr>
        <td><a class="xref" href="com.google.cloud.speech.v1p1beta1.PhraseSet.html">PhraseSet</a></td>
        <td></td>
      </tr>
    </tbody>
  </table>
  <a id="com_google_cloud_speech_v1p1beta1_ListPhraseSetResponseOrBuilder_getPhraseSetsCount_" data-uid="com.google.cloud.speech.v1p1beta1.ListPhraseSetResponseOrBuilder.getPhraseSetsCount*"></a>
  <h3 id="com_google_cloud_speech_v1p1beta1_ListPhraseSetResponseOrBuilder_getPhraseSetsCount__" data-uid="com.google.cloud.speech.v1p1beta1.ListPhraseSetResponseOrBuilder.getPhraseSetsCount()" class="notranslate">getPhraseSetsCount()</h3>
  <div class="codewrapper">
    <pre><code class="prettyprint">public abstract int getPhraseSetsCount()</code></pre>
  </div>
  {% verbatim %}
  <div class="markdown level1 summary"><pre><code>The phrase set.
</code></pre><p><code>repeated .google.cloud.speech.v1p1beta1.PhraseSet phrase_sets = 1;</code></p>
</div>
  {% endverbatim %}
  <strong>Returns</strong>
  <table class="table table-bordered table-striped table-condensed">
    <thead>
      <tr>
        <th>Type</th>
        <th>Description</th>
      </tr>
    </thead>
    <tbody>
      <tr>
        <td><span class="xref">int</span></td>
        <td></td>
      </tr>
    </tbody>
  </table>
  <a id="com_google_cloud_speech_v1p1beta1_ListPhraseSetResponseOrBuilder_getPhraseSetsList_" data-uid="com.google.cloud.speech.v1p1beta1.ListPhraseSetResponseOrBuilder.getPhraseSetsList*"></a>
  <h3 id="com_google_cloud_speech_v1p1beta1_ListPhraseSetResponseOrBuilder_getPhraseSetsList__" data-uid="com.google.cloud.speech.v1p1beta1.ListPhraseSetResponseOrBuilder.getPhraseSetsList()" class="notranslate">getPhraseSetsList()</h3>
  <div class="codewrapper">
    <pre><code class="prettyprint">public abstract List&lt;PhraseSet&gt; getPhraseSetsList()</code></pre>
  </div>
  {% verbatim %}
  <div class="markdown level1 summary"><pre><code>The phrase set.
</code></pre><p><code>repeated .google.cloud.speech.v1p1beta1.PhraseSet phrase_sets = 1;</code></p>
</div>
  {% endverbatim %}
  <strong>Returns</strong>
  <table class="table table-bordered table-striped table-condensed">
    <thead>
      <tr>
        <th>Type</th>
        <th>Description</th>
      </tr>
    </thead>
    <tbody>
      <tr>
        <td><span class="xref">java.util.List</span>&lt;<a class="xref" href="com.google.cloud.speech.v1p1beta1.PhraseSet.html">PhraseSet</a>&gt;</td>
        <td></td>
      </tr>
    </tbody>
  </table>
  <a id="com_google_cloud_speech_v1p1beta1_ListPhraseSetResponseOrBuilder_getPhraseSetsOrBuilder_" data-uid="com.google.cloud.speech.v1p1beta1.ListPhraseSetResponseOrBuilder.getPhraseSetsOrBuilder*"></a>
  <h3 id="com_google_cloud_speech_v1p1beta1_ListPhraseSetResponseOrBuilder_getPhraseSetsOrBuilder_int_" data-uid="com.google.cloud.speech.v1p1beta1.ListPhraseSetResponseOrBuilder.getPhraseSetsOrBuilder(int)" class="notranslate">getPhraseSetsOrBuilder(int index)</h3>
  <div class="codewrapper">
    <pre><code class="prettyprint">public abstract PhraseSetOrBuilder getPhraseSetsOrBuilder(int index)</code></pre>
  </div>
  {% verbatim %}
  <div class="markdown level1 summary"><pre><code>The phrase set.
</code></pre><p><code>repeated .google.cloud.speech.v1p1beta1.PhraseSet phrase_sets = 1;</code></p>
</div>
  {% endverbatim %}
  <strong>Parameter</strong>
  <table class="table table-bordered table-striped table-condensed">
    <thead>
      <tr>
        <th>Type</th>
        <th>Name</th>
        <th>Description</th>
      </tr>
    </thead>
    <tbody>
    {% verbatim %}
      <tr>
        <td><span class="xref">int</span></td>
        <td><span class="parametername">index</span></td>
        <td></td>
      </tr>
    </tbody>
    {% endverbatim %}
  </table>
  <strong>Returns</strong>
  <table class="table table-bordered table-striped table-condensed">
    <thead>
      <tr>
        <th>Type</th>
        <th>Description</th>
      </tr>
    </thead>
    <tbody>
      <tr>
        <td><a class="xref" href="com.google.cloud.speech.v1p1beta1.PhraseSetOrBuilder.html">PhraseSetOrBuilder</a></td>
        <td></td>
      </tr>
    </tbody>
  </table>
  <a id="com_google_cloud_speech_v1p1beta1_ListPhraseSetResponseOrBuilder_getPhraseSetsOrBuilderList_" data-uid="com.google.cloud.speech.v1p1beta1.ListPhraseSetResponseOrBuilder.getPhraseSetsOrBuilderList*"></a>
  <h3 id="com_google_cloud_speech_v1p1beta1_ListPhraseSetResponseOrBuilder_getPhraseSetsOrBuilderList__" data-uid="com.google.cloud.speech.v1p1beta1.ListPhraseSetResponseOrBuilder.getPhraseSetsOrBuilderList()" class="notranslate">getPhraseSetsOrBuilderList()</h3>
  <div class="codewrapper">
    <pre><code class="prettyprint">public abstract List&lt;? extends PhraseSetOrBuilder&gt; getPhraseSetsOrBuilderList()</code></pre>
  </div>
  {% verbatim %}
  <div class="markdown level1 summary"><pre><code>The phrase set.
</code></pre><p><code>repeated .google.cloud.speech.v1p1beta1.PhraseSet phrase_sets = 1;</code></p>
</div>
  {% endverbatim %}
  <strong>Returns</strong>
  <table class="table table-bordered table-striped table-condensed">
    <thead>
      <tr>
        <th>Type</th>
        <th>Description</th>
      </tr>
    </thead>
    <tbody>
      <tr>
        <td><span class="xref">java.util.List</span>&lt;<span class="xref">? extends com.google.cloud.speech.v1p1beta1.PhraseSetOrBuilder</span>&gt;</td>
        <td></td>
      </tr>
    </tbody>
  </table>
  <h2 id="implements">Implements</h2>
  <div>
      <span class="xref">com.google.protobuf.MessageOrBuilder</span>
  </div>
</article>
    </div>
  </body>
</html>
