<!DOCTYPE html>
<html devsite="">
  <head>
    <meta name="project_path" value="/java/_project.yaml">
    <meta name="book_path" value="/java/_book.yaml">
  </head>
  <body>
    <div>
      <article data-uid="com.google.cloud.speech.v1p1beta1.CustomClassOrBuilder">
<h1 class="page-title">Interface CustomClassOrBuilder
</h1>
  
  
  {% verbatim %}
  <div class="codewrapper">
    <pre><code class="prettyprint">public interface CustomClassOrBuilder extends MessageOrBuilder</code></pre>
  </div>
  <div classs="implements">
    <h2>Implements</h2>
    <span><span class="xref">com.google.protobuf.MessageOrBuilder</span></span>
  </div>
  {% endverbatim %}
  <h2 id="methods">Methods
  </h2>
  <a id="com_google_cloud_speech_v1p1beta1_CustomClassOrBuilder_getCustomClassId_" data-uid="com.google.cloud.speech.v1p1beta1.CustomClassOrBuilder.getCustomClassId*"></a>
  <h3 id="com_google_cloud_speech_v1p1beta1_CustomClassOrBuilder_getCustomClassId__" data-uid="com.google.cloud.speech.v1p1beta1.CustomClassOrBuilder.getCustomClassId()" class="notranslate">getCustomClassId()</h3>
  <div class="codewrapper">
    <pre><code class="prettyprint">public abstract String getCustomClassId()</code></pre>
  </div>
  {% verbatim %}
  <div class="markdown level1 summary"><pre><code>If this custom class is a resource, the custom_class_id is the resource id
 of the CustomClass. Case sensitive.
</code></pre><p><code>string custom_class_id = 2;</code></p>
</div>
  {% endverbatim %}
  <strong>Returns</strong>
  <table class="table table-bordered table-striped table-condensed">
    <thead>
      <tr>
        <th>Type</th>
        <th>Description</th>
      </tr>
    </thead>
    <tbody>
      <tr>
        <td><span class="xref">java.lang.String</span></td>
        <td><p>The customClassId.</p>
</td>
      </tr>
    </tbody>
  </table>
  <a id="com_google_cloud_speech_v1p1beta1_CustomClassOrBuilder_getCustomClassIdBytes_" data-uid="com.google.cloud.speech.v1p1beta1.CustomClassOrBuilder.getCustomClassIdBytes*"></a>
  <h3 id="com_google_cloud_speech_v1p1beta1_CustomClassOrBuilder_getCustomClassIdBytes__" data-uid="com.google.cloud.speech.v1p1beta1.CustomClassOrBuilder.getCustomClassIdBytes()" class="notranslate">getCustomClassIdBytes()</h3>
  <div class="codewrapper">
    <pre><code class="prettyprint">public abstract ByteString getCustomClassIdBytes()</code></pre>
  </div>
  {% verbatim %}
  <div class="markdown level1 summary"><pre><code>If this custom class is a resource, the custom_class_id is the resource id
 of the CustomClass. Case sensitive.
</code></pre><p><code>string custom_class_id = 2;</code></p>
</div>
  {% endverbatim %}
  <strong>Returns</strong>
  <table class="table table-bordered table-striped table-condensed">
    <thead>
      <tr>
        <th>Type</th>
        <th>Description</th>
      </tr>
    </thead>
    <tbody>
      <tr>
        <td><span class="xref">com.google.protobuf.ByteString</span></td>
        <td><p>The bytes for customClassId.</p>
</td>
      </tr>
    </tbody>
  </table>
  <a id="com_google_cloud_speech_v1p1beta1_CustomClassOrBuilder_getItems_" data-uid="com.google.cloud.speech.v1p1beta1.CustomClassOrBuilder.getItems*"></a>
  <h3 id="com_google_cloud_speech_v1p1beta1_CustomClassOrBuilder_getItems_int_" data-uid="com.google.cloud.speech.v1p1beta1.CustomClassOrBuilder.getItems(int)" class="notranslate">getItems(int index)</h3>
  <div class="codewrapper">
    <pre><code class="prettyprint">public abstract CustomClass.ClassItem getItems(int index)</code></pre>
  </div>
  {% verbatim %}
  <div class="markdown level1 summary"><pre><code>A collection of class items.
</code></pre><p><code>repeated .google.cloud.speech.v1p1beta1.CustomClass.ClassItem items = 3;</code></p>
</div>
  {% endverbatim %}
  <strong>Parameter</strong>
  <table class="table table-bordered table-striped table-condensed">
    <thead>
      <tr>
        <th>Type</th>
        <th>Name</th>
        <th>Description</th>
      </tr>
    </thead>
    <tbody>
    {% verbatim %}
      <tr>
        <td><span class="xref">int</span></td>
        <td><span class="parametername">index</span></td>
        <td></td>
      </tr>
    </tbody>
    {% endverbatim %}
  </table>
  <strong>Returns</strong>
  <table class="table table-bordered table-striped table-condensed">
    <thead>
      <tr>
        <th>Type</th>
        <th>Description</th>
      </tr>
    </thead>
    <tbody>
      <tr>
        <td><a class="xref" href="com.google.cloud.speech.v1p1beta1.CustomClass.ClassItem.html">CustomClass.ClassItem</a></td>
        <td></td>
      </tr>
    </tbody>
  </table>
  <a id="com_google_cloud_speech_v1p1beta1_CustomClassOrBuilder_getItemsCount_" data-uid="com.google.cloud.speech.v1p1beta1.CustomClassOrBuilder.getItemsCount*"></a>
  <h3 id="com_google_cloud_speech_v1p1beta1_CustomClassOrBuilder_getItemsCount__" data-uid="com.google.cloud.speech.v1p1beta1.CustomClassOrBuilder.getItemsCount()" class="notranslate">getItemsCount()</h3>
  <div class="codewrapper">
    <pre><code class="prettyprint">public abstract int getItemsCount()</code></pre>
  </div>
  {% verbatim %}
  <div class="markdown level1 summary"><pre><code>A collection of class items.
</code></pre><p><code>repeated .google.cloud.speech.v1p1beta1.CustomClass.ClassItem items = 3;</code></p>
</div>
  {% endverbatim %}
  <strong>Returns</strong>
  <table class="table table-bordered table-striped table-condensed">
    <thead>
      <tr>
        <th>Type</th>
        <th>Description</th>
      </tr>
    </thead>
    <tbody>
      <tr>
        <td><span class="xref">int</span></td>
        <td></td>
      </tr>
    </tbody>
  </table>
  <a id="com_google_cloud_speech_v1p1beta1_CustomClassOrBuilder_getItemsList_" data-uid="com.google.cloud.speech.v1p1beta1.CustomClassOrBuilder.getItemsList*"></a>
  <h3 id="com_google_cloud_speech_v1p1beta1_CustomClassOrBuilder_getItemsList__" data-uid="com.google.cloud.speech.v1p1beta1.CustomClassOrBuilder.getItemsList()" class="notranslate">getItemsList()</h3>
  <div class="codewrapper">
    <pre><code class="prettyprint">public abstract List&lt;CustomClass.ClassItem&gt; getItemsList()</code></pre>
  </div>
  {% verbatim %}
  <div class="markdown level1 summary"><pre><code>A collection of class items.
</code></pre><p><code>repeated .google.cloud.speech.v1p1beta1.CustomClass.ClassItem items = 3;</code></p>
</div>
  {% endverbatim %}
  <strong>Returns</strong>
  <table class="table table-bordered table-striped table-condensed">
    <thead>
      <tr>
        <th>Type</th>
        <th>Description</th>
      </tr>
    </thead>
    <tbody>
      <tr>
        <td><span class="xref">java.util.List</span>&lt;<a class="xref" href="com.google.cloud.speech.v1p1beta1.CustomClass.ClassItem.html">ClassItem</a>&gt;</td>
        <td></td>
      </tr>
    </tbody>
  </table>
  <a id="com_google_cloud_speech_v1p1beta1_CustomClassOrBuilder_getItemsOrBuilder_" data-uid="com.google.cloud.speech.v1p1beta1.CustomClassOrBuilder.getItemsOrBuilder*"></a>
  <h3 id="com_google_cloud_speech_v1p1beta1_CustomClassOrBuilder_getItemsOrBuilder_int_" data-uid="com.google.cloud.speech.v1p1beta1.CustomClassOrBuilder.getItemsOrBuilder(int)" class="notranslate">getItemsOrBuilder(int index)</h3>
  <div class="codewrapper">
    <pre><code class="prettyprint">public abstract CustomClass.ClassItemOrBuilder getItemsOrBuilder(int index)</code></pre>
  </div>
  {% verbatim %}
  <div class="markdown level1 summary"><pre><code>A collection of class items.
</code></pre><p><code>repeated .google.cloud.speech.v1p1beta1.CustomClass.ClassItem items = 3;</code></p>
</div>
  {% endverbatim %}
  <strong>Parameter</strong>
  <table class="table table-bordered table-striped table-condensed">
    <thead>
      <tr>
        <th>Type</th>
        <th>Name</th>
        <th>Description</th>
      </tr>
    </thead>
    <tbody>
    {% verbatim %}
      <tr>
        <td><span class="xref">int</span></td>
        <td><span class="parametername">index</span></td>
        <td></td>
      </tr>
    </tbody>
    {% endverbatim %}
  </table>
  <strong>Returns</strong>
  <table class="table table-bordered table-striped table-condensed">
    <thead>
      <tr>
        <th>Type</th>
        <th>Description</th>
      </tr>
    </thead>
    <tbody>
      <tr>
        <td><a class="xref" href="com.google.cloud.speech.v1p1beta1.CustomClass.ClassItemOrBuilder.html">CustomClass.ClassItemOrBuilder</a></td>
        <td></td>
      </tr>
    </tbody>
  </table>
  <a id="com_google_cloud_speech_v1p1beta1_CustomClassOrBuilder_getItemsOrBuilderList_" data-uid="com.google.cloud.speech.v1p1beta1.CustomClassOrBuilder.getItemsOrBuilderList*"></a>
  <h3 id="com_google_cloud_speech_v1p1beta1_CustomClassOrBuilder_getItemsOrBuilderList__" data-uid="com.google.cloud.speech.v1p1beta1.CustomClassOrBuilder.getItemsOrBuilderList()" class="notranslate">getItemsOrBuilderList()</h3>
  <div class="codewrapper">
    <pre><code class="prettyprint">public abstract List&lt;? extends CustomClass.ClassItemOrBuilder&gt; getItemsOrBuilderList()</code></pre>
  </div>
  {% verbatim %}
  <div class="markdown level1 summary"><pre><code>A collection of class items.
</code></pre><p><code>repeated .google.cloud.speech.v1p1beta1.CustomClass.ClassItem items = 3;</code></p>
</div>
  {% endverbatim %}
  <strong>Returns</strong>
  <table class="table table-bordered table-striped table-condensed">
    <thead>
      <tr>
        <th>Type</th>
        <th>Description</th>
      </tr>
    </thead>
    <tbody>
      <tr>
        <td><span class="xref">java.util.List</span>&lt;<span class="xref">? extends com.google.cloud.speech.v1p1beta1.CustomClass.ClassItemOrBuilder</span>&gt;</td>
        <td></td>
      </tr>
    </tbody>
  </table>
  <a id="com_google_cloud_speech_v1p1beta1_CustomClassOrBuilder_getName_" data-uid="com.google.cloud.speech.v1p1beta1.CustomClassOrBuilder.getName*"></a>
  <h3 id="com_google_cloud_speech_v1p1beta1_CustomClassOrBuilder_getName__" data-uid="com.google.cloud.speech.v1p1beta1.CustomClassOrBuilder.getName()" class="notranslate">getName()</h3>
  <div class="codewrapper">
    <pre><code class="prettyprint">public abstract String getName()</code></pre>
  </div>
  {% verbatim %}
  <div class="markdown level1 summary"><pre><code>The resource name of the custom class.
</code></pre><p><code>string name = 1;</code></p>
</div>
  {% endverbatim %}
  <strong>Returns</strong>
  <table class="table table-bordered table-striped table-condensed">
    <thead>
      <tr>
        <th>Type</th>
        <th>Description</th>
      </tr>
    </thead>
    <tbody>
      <tr>
        <td><span class="xref">java.lang.String</span></td>
        <td><p>The name.</p>
</td>
      </tr>
    </tbody>
  </table>
  <a id="com_google_cloud_speech_v1p1beta1_CustomClassOrBuilder_getNameBytes_" data-uid="com.google.cloud.speech.v1p1beta1.CustomClassOrBuilder.getNameBytes*"></a>
  <h3 id="com_google_cloud_speech_v1p1beta1_CustomClassOrBuilder_getNameBytes__" data-uid="com.google.cloud.speech.v1p1beta1.CustomClassOrBuilder.getNameBytes()" class="notranslate">getNameBytes()</h3>
  <div class="codewrapper">
    <pre><code class="prettyprint">public abstract ByteString getNameBytes()</code></pre>
  </div>
  {% verbatim %}
  <div class="markdown level1 summary"><pre><code>The resource name of the custom class.
</code></pre><p><code>string name = 1;</code></p>
</div>
  {% endverbatim %}
  <strong>Returns</strong>
  <table class="table table-bordered table-striped table-condensed">
    <thead>
      <tr>
        <th>Type</th>
        <th>Description</th>
      </tr>
    </thead>
    <tbody>
      <tr>
        <td><span class="xref">com.google.protobuf.ByteString</span></td>
        <td><p>The bytes for name.</p>
</td>
      </tr>
    </tbody>
  </table>
  <h2 id="implements">Implements</h2>
  <div>
      <span class="xref">com.google.protobuf.MessageOrBuilder</span>
  </div>
</article>
    </div>
  </body>
</html>
