<!DOCTYPE html>
<html devsite="">
  <head>
    <meta name="project_path" value="/java/_project.yaml">
    <meta name="book_path" value="/java/_book.yaml">
  </head>
  <body>
    <div>
      <article data-uid="com.google.cloud.speech.v1p1beta1.stub.GrpcAdaptationStub">
<h1 class="page-title">Class GrpcAdaptationStub
</h1>
  
  
  {% verbatim %}
  <div class="codewrapper">
    <pre><code class="prettyprint">public class GrpcAdaptationStub extends AdaptationStub</code></pre>
  </div>
  <div class="markdown level0 summary"><p>gRPC stub implementation for the Adaptation service API.</p>
<p>This class is for advanced usage and reflects the underlying API directly.</p>
</div>
  <div class="inheritance">
    <h2>Inheritance</h2>
    <span><span class="xref">java.lang.Object</span></span> <span> &gt; </span>
    <span><a class="xref" href="com.google.cloud.speech.v1p1beta1.stub.AdaptationStub.html">AdaptationStub</a></span> <span> &gt; </span>
    <span class="xref">GrpcAdaptationStub</span>
  </div>
  <div class="inheritedMembers expandable">
    <h2 class="expand-control">Inherited Members</h2>
    <div>
      <a class="xref" href="com.google.cloud.speech.v1p1beta1.stub.AdaptationStub.html#com_google_cloud_speech_v1p1beta1_stub_AdaptationStub_close__">AdaptationStub.close()</a>
    </div>
    <div>
      <a class="xref" href="com.google.cloud.speech.v1p1beta1.stub.AdaptationStub.html#com_google_cloud_speech_v1p1beta1_stub_AdaptationStub_createCustomClassCallable__">AdaptationStub.createCustomClassCallable()</a>
    </div>
    <div>
      <a class="xref" href="com.google.cloud.speech.v1p1beta1.stub.AdaptationStub.html#com_google_cloud_speech_v1p1beta1_stub_AdaptationStub_createPhraseSetCallable__">AdaptationStub.createPhraseSetCallable()</a>
    </div>
    <div>
      <a class="xref" href="com.google.cloud.speech.v1p1beta1.stub.AdaptationStub.html#com_google_cloud_speech_v1p1beta1_stub_AdaptationStub_deleteCustomClassCallable__">AdaptationStub.deleteCustomClassCallable()</a>
    </div>
    <div>
      <a class="xref" href="com.google.cloud.speech.v1p1beta1.stub.AdaptationStub.html#com_google_cloud_speech_v1p1beta1_stub_AdaptationStub_deletePhraseSetCallable__">AdaptationStub.deletePhraseSetCallable()</a>
    </div>
    <div>
      <a class="xref" href="com.google.cloud.speech.v1p1beta1.stub.AdaptationStub.html#com_google_cloud_speech_v1p1beta1_stub_AdaptationStub_getCustomClassCallable__">AdaptationStub.getCustomClassCallable()</a>
    </div>
    <div>
      <a class="xref" href="com.google.cloud.speech.v1p1beta1.stub.AdaptationStub.html#com_google_cloud_speech_v1p1beta1_stub_AdaptationStub_getPhraseSetCallable__">AdaptationStub.getPhraseSetCallable()</a>
    </div>
    <div>
      <a class="xref" href="com.google.cloud.speech.v1p1beta1.stub.AdaptationStub.html#com_google_cloud_speech_v1p1beta1_stub_AdaptationStub_listCustomClassesCallable__">AdaptationStub.listCustomClassesCallable()</a>
    </div>
    <div>
      <a class="xref" href="com.google.cloud.speech.v1p1beta1.stub.AdaptationStub.html#com_google_cloud_speech_v1p1beta1_stub_AdaptationStub_listCustomClassesPagedCallable__">AdaptationStub.listCustomClassesPagedCallable()</a>
    </div>
    <div>
      <a class="xref" href="com.google.cloud.speech.v1p1beta1.stub.AdaptationStub.html#com_google_cloud_speech_v1p1beta1_stub_AdaptationStub_listPhraseSetCallable__">AdaptationStub.listPhraseSetCallable()</a>
    </div>
    <div>
      <a class="xref" href="com.google.cloud.speech.v1p1beta1.stub.AdaptationStub.html#com_google_cloud_speech_v1p1beta1_stub_AdaptationStub_listPhraseSetPagedCallable__">AdaptationStub.listPhraseSetPagedCallable()</a>
    </div>
    <div>
      <a class="xref" href="com.google.cloud.speech.v1p1beta1.stub.AdaptationStub.html#com_google_cloud_speech_v1p1beta1_stub_AdaptationStub_updateCustomClassCallable__">AdaptationStub.updateCustomClassCallable()</a>
    </div>
    <div>
      <a class="xref" href="com.google.cloud.speech.v1p1beta1.stub.AdaptationStub.html#com_google_cloud_speech_v1p1beta1_stub_AdaptationStub_updatePhraseSetCallable__">AdaptationStub.updatePhraseSetCallable()</a>
    </div>
    <div>
      <span class="xref">java.lang.Object.clone()</span>
    </div>
    <div>
      <span class="xref">java.lang.Object.equals(java.lang.Object)</span>
    </div>
    <div>
      <span class="xref">java.lang.Object.finalize()</span>
    </div>
    <div>
      <span class="xref">java.lang.Object.getClass()</span>
    </div>
    <div>
      <span class="xref">java.lang.Object.hashCode()</span>
    </div>
    <div>
      <span class="xref">java.lang.Object.notify()</span>
    </div>
    <div>
      <span class="xref">java.lang.Object.notifyAll()</span>
    </div>
    <div>
      <span class="xref">java.lang.Object.toString()</span>
    </div>
    <div>
      <span class="xref">java.lang.Object.wait()</span>
    </div>
    <div>
      <span class="xref">java.lang.Object.wait(long)</span>
    </div>
    <div>
      <span class="xref">java.lang.Object.wait(long,int)</span>
    </div>
  </div>
  {% endverbatim %}
  <h2 id="constructors">Constructors
  </h2>
  <a id="com_google_cloud_speech_v1p1beta1_stub_GrpcAdaptationStub_GrpcAdaptationStub_" data-uid="com.google.cloud.speech.v1p1beta1.stub.GrpcAdaptationStub.GrpcAdaptationStub*"></a>
  <h3 id="com_google_cloud_speech_v1p1beta1_stub_GrpcAdaptationStub_GrpcAdaptationStub_com_google_cloud_speech_v1p1beta1_stub_AdaptationStubSettings_com_google_api_gax_rpc_ClientContext_" data-uid="com.google.cloud.speech.v1p1beta1.stub.GrpcAdaptationStub.GrpcAdaptationStub(com.google.cloud.speech.v1p1beta1.stub.AdaptationStubSettings,com.google.api.gax.rpc.ClientContext)" class="notranslate">GrpcAdaptationStub(AdaptationStubSettings settings, ClientContext clientContext)</h3>
  <div class="codewrapper">
    <pre><code class="prettyprint">protected GrpcAdaptationStub(AdaptationStubSettings settings, ClientContext clientContext)</code></pre>
  </div>
  <div class="markdown level1 summary"><p>Constructs an instance of GrpcAdaptationStub, using the given settings. This is protected so that it is easy to make a subclass, but otherwise, the static factory methods should be preferred.</p>
</div>
  <strong>Parameters</strong>
  <table class="table table-bordered table-striped table-condensed">
    <thead>
      <tr>
        <th>Type</th>
        <th>Name</th>
        <th>Description</th>
      </tr>
    </thead>
    <tbody>
      <tr>
        <td><a class="xref" href="com.google.cloud.speech.v1p1beta1.stub.AdaptationStubSettings.html">AdaptationStubSettings</a></td>
        <td><span class="parametername">settings</span></td>
        <td></td>
      </tr>
      <tr>
        <td><span class="xref">com.google.api.gax.rpc.ClientContext</span></td>
        <td><span class="parametername">clientContext</span></td>
        <td></td>
      </tr>
    </tbody>
  </table>
  <a id="com_google_cloud_speech_v1p1beta1_stub_GrpcAdaptationStub_GrpcAdaptationStub_" data-uid="com.google.cloud.speech.v1p1beta1.stub.GrpcAdaptationStub.GrpcAdaptationStub*"></a>
  <h3 id="com_google_cloud_speech_v1p1beta1_stub_GrpcAdaptationStub_GrpcAdaptationStub_com_google_cloud_speech_v1p1beta1_stub_AdaptationStubSettings_com_google_api_gax_rpc_ClientContext_com_google_api_gax_grpc_GrpcStubCallableFactory_" data-uid="com.google.cloud.speech.v1p1beta1.stub.GrpcAdaptationStub.GrpcAdaptationStub(com.google.cloud.speech.v1p1beta1.stub.AdaptationStubSettings,com.google.api.gax.rpc.ClientContext,com.google.api.gax.grpc.GrpcStubCallableFactory)" class="notranslate">GrpcAdaptationStub(AdaptationStubSettings settings, ClientContext clientContext, GrpcStubCallableFactory callableFactory)</h3>
  <div class="codewrapper">
    <pre><code class="prettyprint">protected GrpcAdaptationStub(AdaptationStubSettings settings, ClientContext clientContext, GrpcStubCallableFactory callableFactory)</code></pre>
  </div>
  <div class="markdown level1 summary"><p>Constructs an instance of GrpcAdaptationStub, using the given settings. This is protected so that it is easy to make a subclass, but otherwise, the static factory methods should be preferred.</p>
</div>
  <strong>Parameters</strong>
  <table class="table table-bordered table-striped table-condensed">
    <thead>
      <tr>
        <th>Type</th>
        <th>Name</th>
        <th>Description</th>
      </tr>
    </thead>
    <tbody>
      <tr>
        <td><a class="xref" href="com.google.cloud.speech.v1p1beta1.stub.AdaptationStubSettings.html">AdaptationStubSettings</a></td>
        <td><span class="parametername">settings</span></td>
        <td></td>
      </tr>
      <tr>
        <td><span class="xref">com.google.api.gax.rpc.ClientContext</span></td>
        <td><span class="parametername">clientContext</span></td>
        <td></td>
      </tr>
      <tr>
        <td><span class="xref">com.google.api.gax.grpc.GrpcStubCallableFactory</span></td>
        <td><span class="parametername">callableFactory</span></td>
        <td></td>
      </tr>
    </tbody>
  </table>
  <h2 id="methods">Methods
  </h2>
  <a id="com_google_cloud_speech_v1p1beta1_stub_GrpcAdaptationStub_awaitTermination_" data-uid="com.google.cloud.speech.v1p1beta1.stub.GrpcAdaptationStub.awaitTermination*"></a>
  <h3 id="com_google_cloud_speech_v1p1beta1_stub_GrpcAdaptationStub_awaitTermination_long_java_util_concurrent_TimeUnit_" data-uid="com.google.cloud.speech.v1p1beta1.stub.GrpcAdaptationStub.awaitTermination(long,java.util.concurrent.TimeUnit)" class="notranslate">awaitTermination(long duration, TimeUnit unit)</h3>
  <div class="codewrapper">
    <pre><code class="prettyprint">public boolean awaitTermination(long duration, TimeUnit unit)</code></pre>
  </div>
  <strong>Parameters</strong>
  <table class="table table-bordered table-striped table-condensed">
    <thead>
      <tr>
        <th>Type</th>
        <th>Name</th>
        <th>Description</th>
      </tr>
    </thead>
    <tbody>
      <tr>
        <td><span class="xref">long</span></td>
        <td><span class="parametername">duration</span></td>
        <td></td>
      </tr>
      <tr>
        <td><span class="xref">java.util.concurrent.TimeUnit</span></td>
        <td><span class="parametername">unit</span></td>
        <td></td>
      </tr>
    </tbody>
  </table>
  <strong>Returns</strong>
  <table class="table table-bordered table-striped table-condensed">
    <thead>
      <tr>
        <th>Type</th>
        <th>Description</th>
      </tr>
    </thead>
    <tbody>
      <tr>
        <td><span class="xref">boolean</span></td>
        <td></td>
      </tr>
    </tbody>
  </table>
  <strong>Exceptions</strong>
  <table class="table table-bordered table-striped table-condensed">
    <thead>
      <tr>
        <th>Type</th>
        <th>Condition</th>
      </tr>
    </thead>
    <tbody>
      <tr>
        <td><span class="xref">java.lang.InterruptedException</span></td>
        <td></td>
      </tr>
    </tbody>
  </table>
  <a id="com_google_cloud_speech_v1p1beta1_stub_GrpcAdaptationStub_close_" data-uid="com.google.cloud.speech.v1p1beta1.stub.GrpcAdaptationStub.close*"></a>
  <h3 id="com_google_cloud_speech_v1p1beta1_stub_GrpcAdaptationStub_close__" data-uid="com.google.cloud.speech.v1p1beta1.stub.GrpcAdaptationStub.close()" class="notranslate">close()</h3>
  <div class="codewrapper">
    <pre><code class="prettyprint">public final void close()</code></pre>
  </div>
  <strong>Overrides</strong>
  <div><a class="xref" href="com.google.cloud.speech.v1p1beta1.stub.AdaptationStub.html#com_google_cloud_speech_v1p1beta1_stub_AdaptationStub_close__">AdaptationStub.close()</a></div>
  <a id="com_google_cloud_speech_v1p1beta1_stub_GrpcAdaptationStub_create_" data-uid="com.google.cloud.speech.v1p1beta1.stub.GrpcAdaptationStub.create*"></a>
  <h3 id="com_google_cloud_speech_v1p1beta1_stub_GrpcAdaptationStub_create_com_google_api_gax_rpc_ClientContext_" data-uid="com.google.cloud.speech.v1p1beta1.stub.GrpcAdaptationStub.create(com.google.api.gax.rpc.ClientContext)" class="notranslate">create(ClientContext clientContext)</h3>
  <div class="codewrapper">
    <pre><code class="prettyprint">public static final GrpcAdaptationStub create(ClientContext clientContext)</code></pre>
  </div>
  <strong>Parameter</strong>
  <table class="table table-bordered table-striped table-condensed">
    <thead>
      <tr>
        <th>Type</th>
        <th>Name</th>
        <th>Description</th>
      </tr>
    </thead>
    <tbody>
      <tr>
        <td><span class="xref">com.google.api.gax.rpc.ClientContext</span></td>
        <td><span class="parametername">clientContext</span></td>
        <td></td>
      </tr>
    </tbody>
  </table>
  <strong>Returns</strong>
  <table class="table table-bordered table-striped table-condensed">
    <thead>
      <tr>
        <th>Type</th>
        <th>Description</th>
      </tr>
    </thead>
    <tbody>
      <tr>
        <td></td>
        <td></td>
      </tr>
    </tbody>
  </table>
  <strong>Exceptions</strong>
  <table class="table table-bordered table-striped table-condensed">
    <thead>
      <tr>
        <th>Type</th>
        <th>Condition</th>
      </tr>
    </thead>
    <tbody>
      <tr>
        <td><span class="xref">java.io.IOException</span></td>
        <td></td>
      </tr>
    </tbody>
  </table>
  <a id="com_google_cloud_speech_v1p1beta1_stub_GrpcAdaptationStub_create_" data-uid="com.google.cloud.speech.v1p1beta1.stub.GrpcAdaptationStub.create*"></a>
  <h3 id="com_google_cloud_speech_v1p1beta1_stub_GrpcAdaptationStub_create_com_google_api_gax_rpc_ClientContext_com_google_api_gax_grpc_GrpcStubCallableFactory_" data-uid="com.google.cloud.speech.v1p1beta1.stub.GrpcAdaptationStub.create(com.google.api.gax.rpc.ClientContext,com.google.api.gax.grpc.GrpcStubCallableFactory)" class="notranslate">create(ClientContext clientContext, GrpcStubCallableFactory callableFactory)</h3>
  <div class="codewrapper">
    <pre><code class="prettyprint">public static final GrpcAdaptationStub create(ClientContext clientContext, GrpcStubCallableFactory callableFactory)</code></pre>
  </div>
  <strong>Parameters</strong>
  <table class="table table-bordered table-striped table-condensed">
    <thead>
      <tr>
        <th>Type</th>
        <th>Name</th>
        <th>Description</th>
      </tr>
    </thead>
    <tbody>
      <tr>
        <td><span class="xref">com.google.api.gax.rpc.ClientContext</span></td>
        <td><span class="parametername">clientContext</span></td>
        <td></td>
      </tr>
      <tr>
        <td><span class="xref">com.google.api.gax.grpc.GrpcStubCallableFactory</span></td>
        <td><span class="parametername">callableFactory</span></td>
        <td></td>
      </tr>
    </tbody>
  </table>
  <strong>Returns</strong>
  <table class="table table-bordered table-striped table-condensed">
    <thead>
      <tr>
        <th>Type</th>
        <th>Description</th>
      </tr>
    </thead>
    <tbody>
      <tr>
        <td></td>
        <td></td>
      </tr>
    </tbody>
  </table>
  <strong>Exceptions</strong>
  <table class="table table-bordered table-striped table-condensed">
    <thead>
      <tr>
        <th>Type</th>
        <th>Condition</th>
      </tr>
    </thead>
    <tbody>
      <tr>
        <td><span class="xref">java.io.IOException</span></td>
        <td></td>
      </tr>
    </tbody>
  </table>
  <a id="com_google_cloud_speech_v1p1beta1_stub_GrpcAdaptationStub_create_" data-uid="com.google.cloud.speech.v1p1beta1.stub.GrpcAdaptationStub.create*"></a>
  <h3 id="com_google_cloud_speech_v1p1beta1_stub_GrpcAdaptationStub_create_com_google_cloud_speech_v1p1beta1_stub_AdaptationStubSettings_" data-uid="com.google.cloud.speech.v1p1beta1.stub.GrpcAdaptationStub.create(com.google.cloud.speech.v1p1beta1.stub.AdaptationStubSettings)" class="notranslate">create(AdaptationStubSettings settings)</h3>
  <div class="codewrapper">
    <pre><code class="prettyprint">public static final GrpcAdaptationStub create(AdaptationStubSettings settings)</code></pre>
  </div>
  <strong>Parameter</strong>
  <table class="table table-bordered table-striped table-condensed">
    <thead>
      <tr>
        <th>Type</th>
        <th>Name</th>
        <th>Description</th>
      </tr>
    </thead>
    <tbody>
      <tr>
        <td><a class="xref" href="com.google.cloud.speech.v1p1beta1.stub.AdaptationStubSettings.html">AdaptationStubSettings</a></td>
        <td><span class="parametername">settings</span></td>
        <td></td>
      </tr>
    </tbody>
  </table>
  <strong>Returns</strong>
  <table class="table table-bordered table-striped table-condensed">
    <thead>
      <tr>
        <th>Type</th>
        <th>Description</th>
      </tr>
    </thead>
    <tbody>
      <tr>
        <td></td>
        <td></td>
      </tr>
    </tbody>
  </table>
  <strong>Exceptions</strong>
  <table class="table table-bordered table-striped table-condensed">
    <thead>
      <tr>
        <th>Type</th>
        <th>Condition</th>
      </tr>
    </thead>
    <tbody>
      <tr>
        <td><span class="xref">java.io.IOException</span></td>
        <td></td>
      </tr>
    </tbody>
  </table>
  <a id="com_google_cloud_speech_v1p1beta1_stub_GrpcAdaptationStub_createCustomClassCallable_" data-uid="com.google.cloud.speech.v1p1beta1.stub.GrpcAdaptationStub.createCustomClassCallable*"></a>
  <h3 id="com_google_cloud_speech_v1p1beta1_stub_GrpcAdaptationStub_createCustomClassCallable__" data-uid="com.google.cloud.speech.v1p1beta1.stub.GrpcAdaptationStub.createCustomClassCallable()" class="notranslate">createCustomClassCallable()</h3>
  <div class="codewrapper">
    <pre><code class="prettyprint">public UnaryCallable&lt;CreateCustomClassRequest,CustomClass&gt; createCustomClassCallable()</code></pre>
  </div>
  <strong>Returns</strong>
  <table class="table table-bordered table-striped table-condensed">
    <thead>
      <tr>
        <th>Type</th>
        <th>Description</th>
      </tr>
    </thead>
    <tbody>
      <tr>
        <td><span class="xref">com.google.api.gax.rpc.UnaryCallable</span>&lt;<a class="xref" href="com.google.cloud.speech.v1p1beta1.CreateCustomClassRequest.html">CreateCustomClassRequest</a>,<a class="xref" href="com.google.cloud.speech.v1p1beta1.CustomClass.html">CustomClass</a>&gt;</td>
        <td></td>
      </tr>
    </tbody>
  </table>
  <strong>Overrides</strong>
  <div><a class="xref" href="com.google.cloud.speech.v1p1beta1.stub.AdaptationStub.html#com_google_cloud_speech_v1p1beta1_stub_AdaptationStub_createCustomClassCallable__">AdaptationStub.createCustomClassCallable()</a></div>
  <a id="com_google_cloud_speech_v1p1beta1_stub_GrpcAdaptationStub_createPhraseSetCallable_" data-uid="com.google.cloud.speech.v1p1beta1.stub.GrpcAdaptationStub.createPhraseSetCallable*"></a>
  <h3 id="com_google_cloud_speech_v1p1beta1_stub_GrpcAdaptationStub_createPhraseSetCallable__" data-uid="com.google.cloud.speech.v1p1beta1.stub.GrpcAdaptationStub.createPhraseSetCallable()" class="notranslate">createPhraseSetCallable()</h3>
  <div class="codewrapper">
    <pre><code class="prettyprint">public UnaryCallable&lt;CreatePhraseSetRequest,PhraseSet&gt; createPhraseSetCallable()</code></pre>
  </div>
  <strong>Returns</strong>
  <table class="table table-bordered table-striped table-condensed">
    <thead>
      <tr>
        <th>Type</th>
        <th>Description</th>
      </tr>
    </thead>
    <tbody>
      <tr>
        <td><span class="xref">com.google.api.gax.rpc.UnaryCallable</span>&lt;<a class="xref" href="com.google.cloud.speech.v1p1beta1.CreatePhraseSetRequest.html">CreatePhraseSetRequest</a>,<a class="xref" href="com.google.cloud.speech.v1p1beta1.PhraseSet.html">PhraseSet</a>&gt;</td>
        <td></td>
      </tr>
    </tbody>
  </table>
  <strong>Overrides</strong>
  <div><a class="xref" href="com.google.cloud.speech.v1p1beta1.stub.AdaptationStub.html#com_google_cloud_speech_v1p1beta1_stub_AdaptationStub_createPhraseSetCallable__">AdaptationStub.createPhraseSetCallable()</a></div>
  <a id="com_google_cloud_speech_v1p1beta1_stub_GrpcAdaptationStub_deleteCustomClassCallable_" data-uid="com.google.cloud.speech.v1p1beta1.stub.GrpcAdaptationStub.deleteCustomClassCallable*"></a>
  <h3 id="com_google_cloud_speech_v1p1beta1_stub_GrpcAdaptationStub_deleteCustomClassCallable__" data-uid="com.google.cloud.speech.v1p1beta1.stub.GrpcAdaptationStub.deleteCustomClassCallable()" class="notranslate">deleteCustomClassCallable()</h3>
  <div class="codewrapper">
    <pre><code class="prettyprint">public UnaryCallable&lt;DeleteCustomClassRequest,Empty&gt; deleteCustomClassCallable()</code></pre>
  </div>
  <strong>Returns</strong>
  <table class="table table-bordered table-striped table-condensed">
    <thead>
      <tr>
        <th>Type</th>
        <th>Description</th>
      </tr>
    </thead>
    <tbody>
      <tr>
        <td><span class="xref">com.google.api.gax.rpc.UnaryCallable</span>&lt;<a class="xref" href="com.google.cloud.speech.v1p1beta1.DeleteCustomClassRequest.html">DeleteCustomClassRequest</a>,<span class="xref">com.google.protobuf.Empty</span>&gt;</td>
        <td></td>
      </tr>
    </tbody>
  </table>
  <strong>Overrides</strong>
  <div><a class="xref" href="com.google.cloud.speech.v1p1beta1.stub.AdaptationStub.html#com_google_cloud_speech_v1p1beta1_stub_AdaptationStub_deleteCustomClassCallable__">AdaptationStub.deleteCustomClassCallable()</a></div>
  <a id="com_google_cloud_speech_v1p1beta1_stub_GrpcAdaptationStub_deletePhraseSetCallable_" data-uid="com.google.cloud.speech.v1p1beta1.stub.GrpcAdaptationStub.deletePhraseSetCallable*"></a>
  <h3 id="com_google_cloud_speech_v1p1beta1_stub_GrpcAdaptationStub_deletePhraseSetCallable__" data-uid="com.google.cloud.speech.v1p1beta1.stub.GrpcAdaptationStub.deletePhraseSetCallable()" class="notranslate">deletePhraseSetCallable()</h3>
  <div class="codewrapper">
    <pre><code class="prettyprint">public UnaryCallable&lt;DeletePhraseSetRequest,Empty&gt; deletePhraseSetCallable()</code></pre>
  </div>
  <strong>Returns</strong>
  <table class="table table-bordered table-striped table-condensed">
    <thead>
      <tr>
        <th>Type</th>
        <th>Description</th>
      </tr>
    </thead>
    <tbody>
      <tr>
        <td><span class="xref">com.google.api.gax.rpc.UnaryCallable</span>&lt;<a class="xref" href="com.google.cloud.speech.v1p1beta1.DeletePhraseSetRequest.html">DeletePhraseSetRequest</a>,<span class="xref">com.google.protobuf.Empty</span>&gt;</td>
        <td></td>
      </tr>
    </tbody>
  </table>
  <strong>Overrides</strong>
  <div><a class="xref" href="com.google.cloud.speech.v1p1beta1.stub.AdaptationStub.html#com_google_cloud_speech_v1p1beta1_stub_AdaptationStub_deletePhraseSetCallable__">AdaptationStub.deletePhraseSetCallable()</a></div>
  <a id="com_google_cloud_speech_v1p1beta1_stub_GrpcAdaptationStub_getCustomClassCallable_" data-uid="com.google.cloud.speech.v1p1beta1.stub.GrpcAdaptationStub.getCustomClassCallable*"></a>
  <h3 id="com_google_cloud_speech_v1p1beta1_stub_GrpcAdaptationStub_getCustomClassCallable__" data-uid="com.google.cloud.speech.v1p1beta1.stub.GrpcAdaptationStub.getCustomClassCallable()" class="notranslate">getCustomClassCallable()</h3>
  <div class="codewrapper">
    <pre><code class="prettyprint">public UnaryCallable&lt;GetCustomClassRequest,CustomClass&gt; getCustomClassCallable()</code></pre>
  </div>
  <strong>Returns</strong>
  <table class="table table-bordered table-striped table-condensed">
    <thead>
      <tr>
        <th>Type</th>
        <th>Description</th>
      </tr>
    </thead>
    <tbody>
      <tr>
        <td><span class="xref">com.google.api.gax.rpc.UnaryCallable</span>&lt;<a class="xref" href="com.google.cloud.speech.v1p1beta1.GetCustomClassRequest.html">GetCustomClassRequest</a>,<a class="xref" href="com.google.cloud.speech.v1p1beta1.CustomClass.html">CustomClass</a>&gt;</td>
        <td></td>
      </tr>
    </tbody>
  </table>
  <strong>Overrides</strong>
  <div><a class="xref" href="com.google.cloud.speech.v1p1beta1.stub.AdaptationStub.html#com_google_cloud_speech_v1p1beta1_stub_AdaptationStub_getCustomClassCallable__">AdaptationStub.getCustomClassCallable()</a></div>
  <a id="com_google_cloud_speech_v1p1beta1_stub_GrpcAdaptationStub_getOperationsStub_" data-uid="com.google.cloud.speech.v1p1beta1.stub.GrpcAdaptationStub.getOperationsStub*"></a>
  <h3 id="com_google_cloud_speech_v1p1beta1_stub_GrpcAdaptationStub_getOperationsStub__" data-uid="com.google.cloud.speech.v1p1beta1.stub.GrpcAdaptationStub.getOperationsStub()" class="notranslate">getOperationsStub()</h3>
  <div class="codewrapper">
    <pre><code class="prettyprint">public GrpcOperationsStub getOperationsStub()</code></pre>
  </div>
  <strong>Returns</strong>
  <table class="table table-bordered table-striped table-condensed">
    <thead>
      <tr>
        <th>Type</th>
        <th>Description</th>
      </tr>
    </thead>
    <tbody>
      <tr>
        <td><span class="xref">com.google.longrunning.stub.GrpcOperationsStub</span></td>
        <td></td>
      </tr>
    </tbody>
  </table>
  <a id="com_google_cloud_speech_v1p1beta1_stub_GrpcAdaptationStub_getPhraseSetCallable_" data-uid="com.google.cloud.speech.v1p1beta1.stub.GrpcAdaptationStub.getPhraseSetCallable*"></a>
  <h3 id="com_google_cloud_speech_v1p1beta1_stub_GrpcAdaptationStub_getPhraseSetCallable__" data-uid="com.google.cloud.speech.v1p1beta1.stub.GrpcAdaptationStub.getPhraseSetCallable()" class="notranslate">getPhraseSetCallable()</h3>
  <div class="codewrapper">
    <pre><code class="prettyprint">public UnaryCallable&lt;GetPhraseSetRequest,PhraseSet&gt; getPhraseSetCallable()</code></pre>
  </div>
  <strong>Returns</strong>
  <table class="table table-bordered table-striped table-condensed">
    <thead>
      <tr>
        <th>Type</th>
        <th>Description</th>
      </tr>
    </thead>
    <tbody>
      <tr>
        <td><span class="xref">com.google.api.gax.rpc.UnaryCallable</span>&lt;<a class="xref" href="com.google.cloud.speech.v1p1beta1.GetPhraseSetRequest.html">GetPhraseSetRequest</a>,<a class="xref" href="com.google.cloud.speech.v1p1beta1.PhraseSet.html">PhraseSet</a>&gt;</td>
        <td></td>
      </tr>
    </tbody>
  </table>
  <strong>Overrides</strong>
  <div><a class="xref" href="com.google.cloud.speech.v1p1beta1.stub.AdaptationStub.html#com_google_cloud_speech_v1p1beta1_stub_AdaptationStub_getPhraseSetCallable__">AdaptationStub.getPhraseSetCallable()</a></div>
  <a id="com_google_cloud_speech_v1p1beta1_stub_GrpcAdaptationStub_isShutdown_" data-uid="com.google.cloud.speech.v1p1beta1.stub.GrpcAdaptationStub.isShutdown*"></a>
  <h3 id="com_google_cloud_speech_v1p1beta1_stub_GrpcAdaptationStub_isShutdown__" data-uid="com.google.cloud.speech.v1p1beta1.stub.GrpcAdaptationStub.isShutdown()" class="notranslate">isShutdown()</h3>
  <div class="codewrapper">
    <pre><code class="prettyprint">public boolean isShutdown()</code></pre>
  </div>
  <strong>Returns</strong>
  <table class="table table-bordered table-striped table-condensed">
    <thead>
      <tr>
        <th>Type</th>
        <th>Description</th>
      </tr>
    </thead>
    <tbody>
      <tr>
        <td><span class="xref">boolean</span></td>
        <td></td>
      </tr>
    </tbody>
  </table>
  <a id="com_google_cloud_speech_v1p1beta1_stub_GrpcAdaptationStub_isTerminated_" data-uid="com.google.cloud.speech.v1p1beta1.stub.GrpcAdaptationStub.isTerminated*"></a>
  <h3 id="com_google_cloud_speech_v1p1beta1_stub_GrpcAdaptationStub_isTerminated__" data-uid="com.google.cloud.speech.v1p1beta1.stub.GrpcAdaptationStub.isTerminated()" class="notranslate">isTerminated()</h3>
  <div class="codewrapper">
    <pre><code class="prettyprint">public boolean isTerminated()</code></pre>
  </div>
  <strong>Returns</strong>
  <table class="table table-bordered table-striped table-condensed">
    <thead>
      <tr>
        <th>Type</th>
        <th>Description</th>
      </tr>
    </thead>
    <tbody>
      <tr>
        <td><span class="xref">boolean</span></td>
        <td></td>
      </tr>
    </tbody>
  </table>
  <a id="com_google_cloud_speech_v1p1beta1_stub_GrpcAdaptationStub_listCustomClassesCallable_" data-uid="com.google.cloud.speech.v1p1beta1.stub.GrpcAdaptationStub.listCustomClassesCallable*"></a>
  <h3 id="com_google_cloud_speech_v1p1beta1_stub_GrpcAdaptationStub_listCustomClassesCallable__" data-uid="com.google.cloud.speech.v1p1beta1.stub.GrpcAdaptationStub.listCustomClassesCallable()" class="notranslate">listCustomClassesCallable()</h3>
  <div class="codewrapper">
    <pre><code class="prettyprint">public UnaryCallable&lt;ListCustomClassesRequest,ListCustomClassesResponse&gt; listCustomClassesCallable()</code></pre>
  </div>
  <strong>Returns</strong>
  <table class="table table-bordered table-striped table-condensed">
    <thead>
      <tr>
        <th>Type</th>
        <th>Description</th>
      </tr>
    </thead>
    <tbody>
      <tr>
        <td><span class="xref">com.google.api.gax.rpc.UnaryCallable</span>&lt;<a class="xref" href="com.google.cloud.speech.v1p1beta1.ListCustomClassesRequest.html">ListCustomClassesRequest</a>,<a class="xref" href="com.google.cloud.speech.v1p1beta1.ListCustomClassesResponse.html">ListCustomClassesResponse</a>&gt;</td>
        <td></td>
      </tr>
    </tbody>
  </table>
  <strong>Overrides</strong>
  <div><a class="xref" href="com.google.cloud.speech.v1p1beta1.stub.AdaptationStub.html#com_google_cloud_speech_v1p1beta1_stub_AdaptationStub_listCustomClassesCallable__">AdaptationStub.listCustomClassesCallable()</a></div>
  <a id="com_google_cloud_speech_v1p1beta1_stub_GrpcAdaptationStub_listCustomClassesPagedCallable_" data-uid="com.google.cloud.speech.v1p1beta1.stub.GrpcAdaptationStub.listCustomClassesPagedCallable*"></a>
  <h3 id="com_google_cloud_speech_v1p1beta1_stub_GrpcAdaptationStub_listCustomClassesPagedCallable__" data-uid="com.google.cloud.speech.v1p1beta1.stub.GrpcAdaptationStub.listCustomClassesPagedCallable()" class="notranslate">listCustomClassesPagedCallable()</h3>
  <div class="codewrapper">
    <pre><code class="prettyprint">public UnaryCallable&lt;ListCustomClassesRequest,AdaptationClient.ListCustomClassesPagedResponse&gt; listCustomClassesPagedCallable()</code></pre>
  </div>
  <strong>Returns</strong>
  <table class="table table-bordered table-striped table-condensed">
    <thead>
      <tr>
        <th>Type</th>
        <th>Description</th>
      </tr>
    </thead>
    <tbody>
      <tr>
        <td><span class="xref">com.google.api.gax.rpc.UnaryCallable</span>&lt;<a class="xref" href="com.google.cloud.speech.v1p1beta1.ListCustomClassesRequest.html">ListCustomClassesRequest</a>,<a class="xref" href="com.google.cloud.speech.v1p1beta1.AdaptationClient.ListCustomClassesPagedResponse.html#com_google_cloud_speech_v1p1beta1_AdaptationClient_ListCustomClassesPagedResponse">ListCustomClassesPagedResponse</a>&gt;</td>
        <td></td>
      </tr>
    </tbody>
  </table>
  <strong>Overrides</strong>
  <div><a class="xref" href="com.google.cloud.speech.v1p1beta1.stub.AdaptationStub.html#com_google_cloud_speech_v1p1beta1_stub_AdaptationStub_listCustomClassesPagedCallable__">AdaptationStub.listCustomClassesPagedCallable()</a></div>
  <a id="com_google_cloud_speech_v1p1beta1_stub_GrpcAdaptationStub_listPhraseSetCallable_" data-uid="com.google.cloud.speech.v1p1beta1.stub.GrpcAdaptationStub.listPhraseSetCallable*"></a>
  <h3 id="com_google_cloud_speech_v1p1beta1_stub_GrpcAdaptationStub_listPhraseSetCallable__" data-uid="com.google.cloud.speech.v1p1beta1.stub.GrpcAdaptationStub.listPhraseSetCallable()" class="notranslate">listPhraseSetCallable()</h3>
  <div class="codewrapper">
    <pre><code class="prettyprint">public UnaryCallable&lt;ListPhraseSetRequest,ListPhraseSetResponse&gt; listPhraseSetCallable()</code></pre>
  </div>
  <strong>Returns</strong>
  <table class="table table-bordered table-striped table-condensed">
    <thead>
      <tr>
        <th>Type</th>
        <th>Description</th>
      </tr>
    </thead>
    <tbody>
      <tr>
        <td><span class="xref">com.google.api.gax.rpc.UnaryCallable</span>&lt;<a class="xref" href="com.google.cloud.speech.v1p1beta1.ListPhraseSetRequest.html">ListPhraseSetRequest</a>,<a class="xref" href="com.google.cloud.speech.v1p1beta1.ListPhraseSetResponse.html">ListPhraseSetResponse</a>&gt;</td>
        <td></td>
      </tr>
    </tbody>
  </table>
  <strong>Overrides</strong>
  <div><a class="xref" href="com.google.cloud.speech.v1p1beta1.stub.AdaptationStub.html#com_google_cloud_speech_v1p1beta1_stub_AdaptationStub_listPhraseSetCallable__">AdaptationStub.listPhraseSetCallable()</a></div>
  <a id="com_google_cloud_speech_v1p1beta1_stub_GrpcAdaptationStub_listPhraseSetPagedCallable_" data-uid="com.google.cloud.speech.v1p1beta1.stub.GrpcAdaptationStub.listPhraseSetPagedCallable*"></a>
  <h3 id="com_google_cloud_speech_v1p1beta1_stub_GrpcAdaptationStub_listPhraseSetPagedCallable__" data-uid="com.google.cloud.speech.v1p1beta1.stub.GrpcAdaptationStub.listPhraseSetPagedCallable()" class="notranslate">listPhraseSetPagedCallable()</h3>
  <div class="codewrapper">
    <pre><code class="prettyprint">public UnaryCallable&lt;ListPhraseSetRequest,AdaptationClient.ListPhraseSetPagedResponse&gt; listPhraseSetPagedCallable()</code></pre>
  </div>
  <strong>Returns</strong>
  <table class="table table-bordered table-striped table-condensed">
    <thead>
      <tr>
        <th>Type</th>
        <th>Description</th>
      </tr>
    </thead>
    <tbody>
      <tr>
        <td><span class="xref">com.google.api.gax.rpc.UnaryCallable</span>&lt;<a class="xref" href="com.google.cloud.speech.v1p1beta1.ListPhraseSetRequest.html">ListPhraseSetRequest</a>,<a class="xref" href="com.google.cloud.speech.v1p1beta1.AdaptationClient.ListPhraseSetPagedResponse.html#com_google_cloud_speech_v1p1beta1_AdaptationClient_ListPhraseSetPagedResponse">ListPhraseSetPagedResponse</a>&gt;</td>
        <td></td>
      </tr>
    </tbody>
  </table>
  <strong>Overrides</strong>
  <div><a class="xref" href="com.google.cloud.speech.v1p1beta1.stub.AdaptationStub.html#com_google_cloud_speech_v1p1beta1_stub_AdaptationStub_listPhraseSetPagedCallable__">AdaptationStub.listPhraseSetPagedCallable()</a></div>
  <a id="com_google_cloud_speech_v1p1beta1_stub_GrpcAdaptationStub_shutdown_" data-uid="com.google.cloud.speech.v1p1beta1.stub.GrpcAdaptationStub.shutdown*"></a>
  <h3 id="com_google_cloud_speech_v1p1beta1_stub_GrpcAdaptationStub_shutdown__" data-uid="com.google.cloud.speech.v1p1beta1.stub.GrpcAdaptationStub.shutdown()" class="notranslate">shutdown()</h3>
  <div class="codewrapper">
    <pre><code class="prettyprint">public void shutdown()</code></pre>
  </div>
  <a id="com_google_cloud_speech_v1p1beta1_stub_GrpcAdaptationStub_shutdownNow_" data-uid="com.google.cloud.speech.v1p1beta1.stub.GrpcAdaptationStub.shutdownNow*"></a>
  <h3 id="com_google_cloud_speech_v1p1beta1_stub_GrpcAdaptationStub_shutdownNow__" data-uid="com.google.cloud.speech.v1p1beta1.stub.GrpcAdaptationStub.shutdownNow()" class="notranslate">shutdownNow()</h3>
  <div class="codewrapper">
    <pre><code class="prettyprint">public void shutdownNow()</code></pre>
  </div>
  <a id="com_google_cloud_speech_v1p1beta1_stub_GrpcAdaptationStub_updateCustomClassCallable_" data-uid="com.google.cloud.speech.v1p1beta1.stub.GrpcAdaptationStub.updateCustomClassCallable*"></a>
  <h3 id="com_google_cloud_speech_v1p1beta1_stub_GrpcAdaptationStub_updateCustomClassCallable__" data-uid="com.google.cloud.speech.v1p1beta1.stub.GrpcAdaptationStub.updateCustomClassCallable()" class="notranslate">updateCustomClassCallable()</h3>
  <div class="codewrapper">
    <pre><code class="prettyprint">public UnaryCallable&lt;UpdateCustomClassRequest,CustomClass&gt; updateCustomClassCallable()</code></pre>
  </div>
  <strong>Returns</strong>
  <table class="table table-bordered table-striped table-condensed">
    <thead>
      <tr>
        <th>Type</th>
        <th>Description</th>
      </tr>
    </thead>
    <tbody>
      <tr>
        <td><span class="xref">com.google.api.gax.rpc.UnaryCallable</span>&lt;<a class="xref" href="com.google.cloud.speech.v1p1beta1.UpdateCustomClassRequest.html">UpdateCustomClassRequest</a>,<a class="xref" href="com.google.cloud.speech.v1p1beta1.CustomClass.html">CustomClass</a>&gt;</td>
        <td></td>
      </tr>
    </tbody>
  </table>
  <strong>Overrides</strong>
  <div><a class="xref" href="com.google.cloud.speech.v1p1beta1.stub.AdaptationStub.html#com_google_cloud_speech_v1p1beta1_stub_AdaptationStub_updateCustomClassCallable__">AdaptationStub.updateCustomClassCallable()</a></div>
  <a id="com_google_cloud_speech_v1p1beta1_stub_GrpcAdaptationStub_updatePhraseSetCallable_" data-uid="com.google.cloud.speech.v1p1beta1.stub.GrpcAdaptationStub.updatePhraseSetCallable*"></a>
  <h3 id="com_google_cloud_speech_v1p1beta1_stub_GrpcAdaptationStub_updatePhraseSetCallable__" data-uid="com.google.cloud.speech.v1p1beta1.stub.GrpcAdaptationStub.updatePhraseSetCallable()" class="notranslate">updatePhraseSetCallable()</h3>
  <div class="codewrapper">
    <pre><code class="prettyprint">public UnaryCallable&lt;UpdatePhraseSetRequest,PhraseSet&gt; updatePhraseSetCallable()</code></pre>
  </div>
  <strong>Returns</strong>
  <table class="table table-bordered table-striped table-condensed">
    <thead>
      <tr>
        <th>Type</th>
        <th>Description</th>
      </tr>
    </thead>
    <tbody>
      <tr>
        <td><span class="xref">com.google.api.gax.rpc.UnaryCallable</span>&lt;<a class="xref" href="com.google.cloud.speech.v1p1beta1.UpdatePhraseSetRequest.html">UpdatePhraseSetRequest</a>,<a class="xref" href="com.google.cloud.speech.v1p1beta1.PhraseSet.html">PhraseSet</a>&gt;</td>
        <td></td>
      </tr>
    </tbody>
  </table>
  <strong>Overrides</strong>
  <div><a class="xref" href="com.google.cloud.speech.v1p1beta1.stub.AdaptationStub.html#com_google_cloud_speech_v1p1beta1_stub_AdaptationStub_updatePhraseSetCallable__">AdaptationStub.updatePhraseSetCallable()</a></div>
</article>
    </div>
  </body>
</html>
