<!DOCTYPE html>
<html devsite="">
  <head>
    <meta name="project_path" value="/java/_project.yaml">
    <meta name="book_path" value="/java/_book.yaml">
  </head>
  <body>
    {% verbatim %}
    <div>
      <article data-uid="com.google.cloud.speech.v1p1beta1.ListCustomClassesResponseOrBuilder">
<h1 class="page-title">Interface ListCustomClassesResponseOrBuilder
</h1>
  
  
  <div class="codewrapper">
    <pre class="prettyprint"><code>public interface ListCustomClassesResponseOrBuilder extends MessageOrBuilder</code></pre>
  </div>
  <div classs="implements">
    <h2>Implements</h2>
    <span><a class="xref" href="https://cloud.google.com/java/docs/reference/protobuf/latest/com.google.protobuf.MessageOrBuilder.html">MessageOrBuilder</a></span>
  </div>
  <h2 id="methods">Methods
  </h2>
  <a id="com_google_cloud_speech_v1p1beta1_ListCustomClassesResponseOrBuilder_getCustomClasses_" data-uid="com.google.cloud.speech.v1p1beta1.ListCustomClassesResponseOrBuilder.getCustomClasses*"></a>
  <h3 id="com_google_cloud_speech_v1p1beta1_ListCustomClassesResponseOrBuilder_getCustomClasses_int_" data-uid="com.google.cloud.speech.v1p1beta1.ListCustomClassesResponseOrBuilder.getCustomClasses(int)" class="notranslate">getCustomClasses(int index)</h3>
  <div class="codewrapper">
    <pre class="prettyprint"><code>public abstract CustomClass getCustomClasses(int index)</code></pre>
  </div>
  <div class="markdown level1 summary"><pre><code>The custom classes.
</code></pre><p><code>repeated .google.cloud.speech.v1p1beta1.CustomClass custom_classes = 1;</code></p>
</div>
  <strong>Parameter</strong>
  <table class="table table-bordered table-striped table-condensed">
    <thead>
      <tr>
        <th>Type</th>
        <th>Name</th>
        <th>Description</th>
      </tr>
    </thead>
    <tbody>
      <tr>
        <td><a class="xref" href="https://docs.oracle.com/javase/tutorial/java/nutsandbolts/datatypes.html">int</a></td>
        <td><span class="parametername">index</span></td>
        <td></td>
      </tr>
    </tbody>
  </table>
  <strong>Returns</strong>
  <table class="table table-bordered table-striped table-condensed">
    <thead>
      <tr>
        <th>Type</th>
        <th>Description</th>
      </tr>
    </thead>
    <tbody>
      <tr>
        <td><a class="xref" href="com.google.cloud.speech.v1p1beta1.CustomClass.html">CustomClass</a></td>
        <td></td>
      </tr>
    </tbody>
  </table>
  <a id="com_google_cloud_speech_v1p1beta1_ListCustomClassesResponseOrBuilder_getCustomClassesCount_" data-uid="com.google.cloud.speech.v1p1beta1.ListCustomClassesResponseOrBuilder.getCustomClassesCount*"></a>
  <h3 id="com_google_cloud_speech_v1p1beta1_ListCustomClassesResponseOrBuilder_getCustomClassesCount__" data-uid="com.google.cloud.speech.v1p1beta1.ListCustomClassesResponseOrBuilder.getCustomClassesCount()" class="notranslate">getCustomClassesCount()</h3>
  <div class="codewrapper">
    <pre class="prettyprint"><code>public abstract int getCustomClassesCount()</code></pre>
  </div>
  <div class="markdown level1 summary"><pre><code>The custom classes.
</code></pre><p><code>repeated .google.cloud.speech.v1p1beta1.CustomClass custom_classes = 1;</code></p>
</div>
  <strong>Returns</strong>
  <table class="table table-bordered table-striped table-condensed">
    <thead>
      <tr>
        <th>Type</th>
        <th>Description</th>
      </tr>
    </thead>
    <tbody>
      <tr>
        <td><a class="xref" href="https://docs.oracle.com/javase/tutorial/java/nutsandbolts/datatypes.html">int</a></td>
        <td></td>
      </tr>
    </tbody>
  </table>
  <a id="com_google_cloud_speech_v1p1beta1_ListCustomClassesResponseOrBuilder_getCustomClassesList_" data-uid="com.google.cloud.speech.v1p1beta1.ListCustomClassesResponseOrBuilder.getCustomClassesList*"></a>
  <h3 id="com_google_cloud_speech_v1p1beta1_ListCustomClassesResponseOrBuilder_getCustomClassesList__" data-uid="com.google.cloud.speech.v1p1beta1.ListCustomClassesResponseOrBuilder.getCustomClassesList()" class="notranslate">getCustomClassesList()</h3>
  <div class="codewrapper">
    <pre class="prettyprint"><code>public abstract List&lt;CustomClass&gt; getCustomClassesList()</code></pre>
  </div>
  <div class="markdown level1 summary"><pre><code>The custom classes.
</code></pre><p><code>repeated .google.cloud.speech.v1p1beta1.CustomClass custom_classes = 1;</code></p>
</div>
  <strong>Returns</strong>
  <table class="table table-bordered table-striped table-condensed">
    <thead>
      <tr>
        <th>Type</th>
        <th>Description</th>
      </tr>
    </thead>
    <tbody>
      <tr>
        <td><a class="xref" href="https://docs.oracle.com/javase/8/docs/api/java/util/List.html">List</a>&lt;<a class="xref" href="com.google.cloud.speech.v1p1beta1.CustomClass.html">CustomClass</a>&gt;</td>
        <td></td>
      </tr>
    </tbody>
  </table>
  <a id="com_google_cloud_speech_v1p1beta1_ListCustomClassesResponseOrBuilder_getCustomClassesOrBuilder_" data-uid="com.google.cloud.speech.v1p1beta1.ListCustomClassesResponseOrBuilder.getCustomClassesOrBuilder*"></a>
  <h3 id="com_google_cloud_speech_v1p1beta1_ListCustomClassesResponseOrBuilder_getCustomClassesOrBuilder_int_" data-uid="com.google.cloud.speech.v1p1beta1.ListCustomClassesResponseOrBuilder.getCustomClassesOrBuilder(int)" class="notranslate">getCustomClassesOrBuilder(int index)</h3>
  <div class="codewrapper">
    <pre class="prettyprint"><code>public abstract CustomClassOrBuilder getCustomClassesOrBuilder(int index)</code></pre>
  </div>
  <div class="markdown level1 summary"><pre><code>The custom classes.
</code></pre><p><code>repeated .google.cloud.speech.v1p1beta1.CustomClass custom_classes = 1;</code></p>
</div>
  <strong>Parameter</strong>
  <table class="table table-bordered table-striped table-condensed">
    <thead>
      <tr>
        <th>Type</th>
        <th>Name</th>
        <th>Description</th>
      </tr>
    </thead>
    <tbody>
      <tr>
        <td><a class="xref" href="https://docs.oracle.com/javase/tutorial/java/nutsandbolts/datatypes.html">int</a></td>
        <td><span class="parametername">index</span></td>
        <td></td>
      </tr>
    </tbody>
  </table>
  <strong>Returns</strong>
  <table class="table table-bordered table-striped table-condensed">
    <thead>
      <tr>
        <th>Type</th>
        <th>Description</th>
      </tr>
    </thead>
    <tbody>
      <tr>
        <td><a class="xref" href="com.google.cloud.speech.v1p1beta1.CustomClassOrBuilder.html">CustomClassOrBuilder</a></td>
        <td></td>
      </tr>
    </tbody>
  </table>
  <a id="com_google_cloud_speech_v1p1beta1_ListCustomClassesResponseOrBuilder_getCustomClassesOrBuilderList_" data-uid="com.google.cloud.speech.v1p1beta1.ListCustomClassesResponseOrBuilder.getCustomClassesOrBuilderList*"></a>
  <h3 id="com_google_cloud_speech_v1p1beta1_ListCustomClassesResponseOrBuilder_getCustomClassesOrBuilderList__" data-uid="com.google.cloud.speech.v1p1beta1.ListCustomClassesResponseOrBuilder.getCustomClassesOrBuilderList()" class="notranslate">getCustomClassesOrBuilderList()</h3>
  <div class="codewrapper">
    <pre class="prettyprint"><code>public abstract List&lt;? extends CustomClassOrBuilder&gt; getCustomClassesOrBuilderList()</code></pre>
  </div>
  <div class="markdown level1 summary"><pre><code>The custom classes.
</code></pre><p><code>repeated .google.cloud.speech.v1p1beta1.CustomClass custom_classes = 1;</code></p>
</div>
  <strong>Returns</strong>
  <table class="table table-bordered table-striped table-condensed">
    <thead>
      <tr>
        <th>Type</th>
        <th>Description</th>
      </tr>
    </thead>
    <tbody>
      <tr>
        <td><a class="xref" href="https://docs.oracle.com/javase/8/docs/api/java/util/List.html">List</a>&lt;<span class="xref">? extends com.google.cloud.speech.v1p1beta1.CustomClassOrBuilder</span>&gt;</td>
        <td></td>
      </tr>
    </tbody>
  </table>
  <a id="com_google_cloud_speech_v1p1beta1_ListCustomClassesResponseOrBuilder_getNextPageToken_" data-uid="com.google.cloud.speech.v1p1beta1.ListCustomClassesResponseOrBuilder.getNextPageToken*"></a>
  <h3 id="com_google_cloud_speech_v1p1beta1_ListCustomClassesResponseOrBuilder_getNextPageToken__" data-uid="com.google.cloud.speech.v1p1beta1.ListCustomClassesResponseOrBuilder.getNextPageToken()" class="notranslate">getNextPageToken()</h3>
  <div class="codewrapper">
    <pre class="prettyprint"><code>public abstract String getNextPageToken()</code></pre>
  </div>
  <div class="markdown level1 summary"><pre><code>A token, which can be sent as `page_token` to retrieve the next page.
 If this field is omitted, there are no subsequent pages.
</code></pre><p><code>string next_page_token = 2;</code></p>
</div>
  <strong>Returns</strong>
  <table class="table table-bordered table-striped table-condensed">
    <thead>
      <tr>
        <th>Type</th>
        <th>Description</th>
      </tr>
    </thead>
    <tbody>
      <tr>
        <td><a class="xref" href="https://docs.oracle.com/javase/8/docs/api/java/lang/String.html">String</a></td>
        <td><p>The nextPageToken.</p>
</td>
      </tr>
    </tbody>
  </table>
  <a id="com_google_cloud_speech_v1p1beta1_ListCustomClassesResponseOrBuilder_getNextPageTokenBytes_" data-uid="com.google.cloud.speech.v1p1beta1.ListCustomClassesResponseOrBuilder.getNextPageTokenBytes*"></a>
  <h3 id="com_google_cloud_speech_v1p1beta1_ListCustomClassesResponseOrBuilder_getNextPageTokenBytes__" data-uid="com.google.cloud.speech.v1p1beta1.ListCustomClassesResponseOrBuilder.getNextPageTokenBytes()" class="notranslate">getNextPageTokenBytes()</h3>
  <div class="codewrapper">
    <pre class="prettyprint"><code>public abstract ByteString getNextPageTokenBytes()</code></pre>
  </div>
  <div class="markdown level1 summary"><pre><code>A token, which can be sent as `page_token` to retrieve the next page.
 If this field is omitted, there are no subsequent pages.
</code></pre><p><code>string next_page_token = 2;</code></p>
</div>
  <strong>Returns</strong>
  <table class="table table-bordered table-striped table-condensed">
    <thead>
      <tr>
        <th>Type</th>
        <th>Description</th>
      </tr>
    </thead>
    <tbody>
      <tr>
        <td><a class="xref" href="https://cloud.google.com/java/docs/reference/protobuf/latest/com.google.protobuf.ByteString.html">ByteString</a></td>
        <td><p>The bytes for nextPageToken.</p>
</td>
      </tr>
    </tbody>
  </table>
</article>
    </div>
    {% endverbatim %}
  </body>
</html>
