<!DOCTYPE html>
<html devsite="">
  <head>
    <meta name="project_path" value="/java/_project.yaml">
    <meta name="book_path" value="/java/_book.yaml">
  </head>
  <body>
    <div>
      <article data-uid="com.google.cloud.speech.v1p1beta1.stub.SpeechStubSettings.Builder">
<h1 class="page-title">Class SpeechStubSettings.Builder
</h1>
  
  
  <div class="codewrapper">
    <pre><code class="prettyprint">public static class SpeechStubSettings.Builder extends StubSettings.Builder&lt;SpeechStubSettings,SpeechStubSettings.Builder&gt;</code></pre>
  </div>
  <div class="markdown level0 summary"><p>Builder for SpeechStubSettings.</p>
</div>
  <div class="markdown level0 conceptual"></div>
  <div class="inheritance">
    <h2>Inheritance</h2>
    <span><span class="xref">java.lang.Object</span></span> <span> &gt; </span>
    <span><span class="xref">com.google.api.gax.rpc.StubSettings.Builder</span></span> <span> &gt; </span>
    <span class="xref">SpeechStubSettings.Builder</span>
  </div>
  <div class="inheritedMembers">
    <h2>Inherited Members</h2>
    <div>
      <span class="xref">com.google.api.gax.rpc.StubSettings.Builder.&lt;B&gt;build()</span>
    </div>
    <div>
      <span class="xref">com.google.api.gax.rpc.StubSettings.Builder.applyToAllUnaryMethods(java.lang.Iterable&lt;com.google.api.gax.rpc.UnaryCallSettings.Builder&lt;?,?&gt;&gt;,com.google.api.core.ApiFunction&lt;com.google.api.gax.rpc.UnaryCallSettings.Builder&lt;?,?&gt;,java.lang.Void&gt;)</span>
    </div>
    <div>
      <span class="xref">com.google.api.gax.rpc.StubSettings.Builder.getClock()</span>
    </div>
    <div>
      <span class="xref">com.google.api.gax.rpc.StubSettings.Builder.getCredentialsProvider()</span>
    </div>
    <div>
      <span class="xref">com.google.api.gax.rpc.StubSettings.Builder.getEndpoint()</span>
    </div>
    <div>
      <span class="xref">com.google.api.gax.rpc.StubSettings.Builder.getExecutorProvider()</span>
    </div>
    <div>
      <span class="xref">com.google.api.gax.rpc.StubSettings.Builder.getHeaderProvider()</span>
    </div>
    <div>
      <span class="xref">com.google.api.gax.rpc.StubSettings.Builder.getInternalHeaderProvider()</span>
    </div>
    <div>
      <span class="xref">com.google.api.gax.rpc.StubSettings.Builder.getQuotaProjectId()</span>
    </div>
    <div>
      <span class="xref">com.google.api.gax.rpc.StubSettings.Builder.getStreamWatchdogCheckInterval()</span>
    </div>
    <div>
      <span class="xref">com.google.api.gax.rpc.StubSettings.Builder.getStreamWatchdogProvider()</span>
    </div>
    <div>
      <span class="xref">com.google.api.gax.rpc.StubSettings.Builder.getTracerFactory()</span>
    </div>
    <div>
      <span class="xref">com.google.api.gax.rpc.StubSettings.Builder.getTransportChannelProvider()</span>
    </div>
    <div>
      <span class="xref">com.google.api.gax.rpc.StubSettings.Builder.self()</span>
    </div>
    <div>
      <span class="xref">com.google.api.gax.rpc.StubSettings.Builder.setClock(com.google.api.core.ApiClock)</span>
    </div>
    <div>
      <span class="xref">com.google.api.gax.rpc.StubSettings.Builder.setCredentialsProvider(com.google.api.gax.core.CredentialsProvider)</span>
    </div>
    <div>
      <span class="xref">com.google.api.gax.rpc.StubSettings.Builder.setEndpoint(java.lang.String)</span>
    </div>
    <div>
      <span class="xref">com.google.api.gax.rpc.StubSettings.Builder.setExecutorProvider(com.google.api.gax.core.ExecutorProvider)</span>
    </div>
    <div>
      <span class="xref">com.google.api.gax.rpc.StubSettings.Builder.setHeaderProvider(com.google.api.gax.rpc.HeaderProvider)</span>
    </div>
    <div>
      <span class="xref">com.google.api.gax.rpc.StubSettings.Builder.setInternalHeaderProvider(com.google.api.gax.rpc.HeaderProvider)</span>
    </div>
    <div>
      <span class="xref">com.google.api.gax.rpc.StubSettings.Builder.setQuotaProjectId(java.lang.String)</span>
    </div>
    <div>
      <span class="xref">com.google.api.gax.rpc.StubSettings.Builder.setStreamWatchdogCheckInterval(org.threeten.bp.Duration)</span>
    </div>
    <div>
      <span class="xref">com.google.api.gax.rpc.StubSettings.Builder.setStreamWatchdogProvider(com.google.api.gax.rpc.WatchdogProvider)</span>
    </div>
    <div>
      <span class="xref">com.google.api.gax.rpc.StubSettings.Builder.setTracerFactory(com.google.api.gax.tracing.ApiTracerFactory)</span>
    </div>
    <div>
      <span class="xref">com.google.api.gax.rpc.StubSettings.Builder.setTransportChannelProvider(com.google.api.gax.rpc.TransportChannelProvider)</span>
    </div>
    <div>
      <span class="xref">com.google.api.gax.rpc.StubSettings.Builder.toString()</span>
    </div>
    <div>
      <span class="xref">java.lang.Object.clone()</span>
    </div>
    <div>
      <span class="xref">java.lang.Object.equals(java.lang.Object)</span>
    </div>
    <div>
      <span class="xref">java.lang.Object.finalize()</span>
    </div>
    <div>
      <span class="xref">java.lang.Object.getClass()</span>
    </div>
    <div>
      <span class="xref">java.lang.Object.hashCode()</span>
    </div>
    <div>
      <span class="xref">java.lang.Object.notify()</span>
    </div>
    <div>
      <span class="xref">java.lang.Object.notifyAll()</span>
    </div>
    <div>
      <span class="xref">java.lang.Object.wait()</span>
    </div>
    <div>
      <span class="xref">java.lang.Object.wait(long)</span>
    </div>
    <div>
      <span class="xref">java.lang.Object.wait(long,int)</span>
    </div>
  </div>
  <h2>Namespace</h2>
  
  <h2>Assembly</h2>
  <p>.dll</p>
  <h2 id="constructors">Constructors
  </h2>
  <a id="com_google_cloud_speech_v1p1beta1_stub_SpeechStubSettings_Builder_Builder_" data-uid="com.google.cloud.speech.v1p1beta1.stub.SpeechStubSettings.Builder.Builder*"></a>
  <h3 id="com_google_cloud_speech_v1p1beta1_stub_SpeechStubSettings_Builder_Builder__" data-uid="com.google.cloud.speech.v1p1beta1.stub.SpeechStubSettings.Builder.Builder()" class="notranslate">Builder()</h3>
  <div class="codewrapper">
    <pre><code class="prettyprint">protected Builder()</code></pre>
  </div>
  <div class="markdown level1 summary"></div>
  <div class="markdown level1 conceptual"></div>
  <a id="com_google_cloud_speech_v1p1beta1_stub_SpeechStubSettings_Builder_Builder_" data-uid="com.google.cloud.speech.v1p1beta1.stub.SpeechStubSettings.Builder.Builder*"></a>
  <h3 id="com_google_cloud_speech_v1p1beta1_stub_SpeechStubSettings_Builder_Builder_com_google_api_gax_rpc_ClientContext_" data-uid="com.google.cloud.speech.v1p1beta1.stub.SpeechStubSettings.Builder.Builder(com.google.api.gax.rpc.ClientContext)" class="notranslate">Builder(ClientContext clientContext)</h3>
  <div class="codewrapper">
    <pre><code class="prettyprint">protected Builder(ClientContext clientContext)</code></pre>
  </div>
  <div class="markdown level1 summary"></div>
  <div class="markdown level1 conceptual"></div>
  <strong>Parameters</strong>
  <table class="table table-bordered table-striped table-condensed">
    <thead>
      <tr>
        <th>Type</th>
        <th>Name</th>
        <th>Description</th>
      </tr>
    </thead>
    <tbody>
      <tr>
        <td><span class="xref">com.google.api.gax.rpc.ClientContext</span></td>
        <td><span class="parametername">clientContext</span></td>
        <td></td>
      </tr>
    </tbody>
  </table>
  <a id="com_google_cloud_speech_v1p1beta1_stub_SpeechStubSettings_Builder_Builder_" data-uid="com.google.cloud.speech.v1p1beta1.stub.SpeechStubSettings.Builder.Builder*"></a>
  <h3 id="com_google_cloud_speech_v1p1beta1_stub_SpeechStubSettings_Builder_Builder_com_google_cloud_speech_v1p1beta1_stub_SpeechStubSettings_" data-uid="com.google.cloud.speech.v1p1beta1.stub.SpeechStubSettings.Builder.Builder(com.google.cloud.speech.v1p1beta1.stub.SpeechStubSettings)" class="notranslate">Builder(SpeechStubSettings settings)</h3>
  <div class="codewrapper">
    <pre><code class="prettyprint">protected Builder(SpeechStubSettings settings)</code></pre>
  </div>
  <div class="markdown level1 summary"></div>
  <div class="markdown level1 conceptual"></div>
  <strong>Parameters</strong>
  <table class="table table-bordered table-striped table-condensed">
    <thead>
      <tr>
        <th>Type</th>
        <th>Name</th>
        <th>Description</th>
      </tr>
    </thead>
    <tbody>
      <tr>
        <td><a class="xref" href="com.google.cloud.speech.v1p1beta1.stub.SpeechStubSettings.html">SpeechStubSettings</a></td>
        <td><span class="parametername">settings</span></td>
        <td></td>
      </tr>
    </tbody>
  </table>
  <h2 id="methods">Methods
  </h2>
  <a id="com_google_cloud_speech_v1p1beta1_stub_SpeechStubSettings_Builder_applyToAllUnaryMethods_" data-uid="com.google.cloud.speech.v1p1beta1.stub.SpeechStubSettings.Builder.applyToAllUnaryMethods*"></a>
  <h3 id="com_google_cloud_speech_v1p1beta1_stub_SpeechStubSettings_Builder_applyToAllUnaryMethods_com_google_api_core_ApiFunction_com_google_api_gax_rpc_UnaryCallSettings_Builder______java_lang_Void__" data-uid="com.google.cloud.speech.v1p1beta1.stub.SpeechStubSettings.Builder.applyToAllUnaryMethods(com.google.api.core.ApiFunction&lt;com.google.api.gax.rpc.UnaryCallSettings.Builder&lt;?,?&gt;,java.lang.Void&gt;)" class="notranslate">applyToAllUnaryMethods(ApiFunction&lt;UnaryCallSettings.Builder&lt;?,?&gt;,Void&gt; settingsUpdater)</h3>
  <div class="codewrapper">
    <pre><code class="prettyprint">public SpeechStubSettings.Builder applyToAllUnaryMethods(ApiFunction&lt;UnaryCallSettings.Builder&lt;?,?&gt;,Void&gt; settingsUpdater)</code></pre>
  </div>
  <div class="markdown level1 summary"><p>Applies the given settings updater function to all of the unary API methods in this service.</p>
<p>Note: This method does not support applying settings to streaming methods.</p>
</div>
  <div class="markdown level1 conceptual"></div>
  <strong>Parameters</strong>
  <table class="table table-bordered table-striped table-condensed">
    <thead>
      <tr>
        <th>Type</th>
        <th>Name</th>
        <th>Description</th>
      </tr>
    </thead>
    <tbody>
      <tr>
        <td><span class="xref">com.google.api.core.ApiFunction</span>&lt;<span class="xref">com.google.api.gax.rpc.UnaryCallSettings.Builder</span>&lt;<span class="xref">?</span>,<span class="xref">?</span>&gt;,<span class="xref">java.lang.Void</span>&gt;</td>
        <td><span class="parametername">settingsUpdater</span></td>
        <td></td>
      </tr>
    </tbody>
  </table>
  <strong>Returns</strong>
  <table class="table table-bordered table-striped table-condensed">
    <thead>
      <tr>
        <th>Type</th>
        <th>Description</th>
      </tr>
    </thead>
    <tbody>
      <tr>
        <td></td>
        <td></td>
      </tr>
    </tbody>
  </table>
  <strong>Exceptions</strong>
  <table class="table table-bordered table-striped table-condensed">
    <thead>
      <tr>
        <th>Type</th>
        <th>Condition</th>
      </tr>
    </thead>
    <tbody>
      <tr>
        <td><span class="xref">java.lang.Exception</span></td>
        <td></td>
      </tr>
    </tbody>
  </table>
  <a id="com_google_cloud_speech_v1p1beta1_stub_SpeechStubSettings_Builder_build_" data-uid="com.google.cloud.speech.v1p1beta1.stub.SpeechStubSettings.Builder.build*"></a>
  <h3 id="com_google_cloud_speech_v1p1beta1_stub_SpeechStubSettings_Builder_build__" data-uid="com.google.cloud.speech.v1p1beta1.stub.SpeechStubSettings.Builder.build()" class="notranslate">build()</h3>
  <div class="codewrapper">
    <pre><code class="prettyprint">public SpeechStubSettings build()</code></pre>
  </div>
  <div class="markdown level1 summary"></div>
  <div class="markdown level1 conceptual"></div>
  <strong>Returns</strong>
  <table class="table table-bordered table-striped table-condensed">
    <thead>
      <tr>
        <th>Type</th>
        <th>Description</th>
      </tr>
    </thead>
    <tbody>
      <tr>
        <td><a class="xref" href="com.google.cloud.speech.v1p1beta1.stub.SpeechStubSettings.html">SpeechStubSettings</a></td>
        <td></td>
      </tr>
    </tbody>
  </table>
  <strong>Overrides</strong>
  <div><span class="xref">com.google.api.gax.rpc.StubSettings.Builder.&lt;B&gt;build()</span></div>
  <strong>Exceptions</strong>
  <table class="table table-bordered table-striped table-condensed">
    <thead>
      <tr>
        <th>Type</th>
        <th>Condition</th>
      </tr>
    </thead>
    <tbody>
      <tr>
        <td><span class="xref">java.io.IOException</span></td>
        <td></td>
      </tr>
    </tbody>
  </table>
  <a id="com_google_cloud_speech_v1p1beta1_stub_SpeechStubSettings_Builder_longRunningRecognizeOperationSettings_" data-uid="com.google.cloud.speech.v1p1beta1.stub.SpeechStubSettings.Builder.longRunningRecognizeOperationSettings*"></a>
  <h3 id="com_google_cloud_speech_v1p1beta1_stub_SpeechStubSettings_Builder_longRunningRecognizeOperationSettings__" data-uid="com.google.cloud.speech.v1p1beta1.stub.SpeechStubSettings.Builder.longRunningRecognizeOperationSettings()" class="notranslate">longRunningRecognizeOperationSettings()</h3>
  <div class="codewrapper">
    <pre><code class="prettyprint">public OperationCallSettings.Builder&lt;LongRunningRecognizeRequest,LongRunningRecognizeResponse,LongRunningRecognizeMetadata&gt; longRunningRecognizeOperationSettings()</code></pre>
  </div>
  <div class="markdown level1 summary"><p>Returns the builder for the settings used for calls to longRunningRecognize.</p>
</div>
  <div class="markdown level1 conceptual"></div>
  <strong>Returns</strong>
  <table class="table table-bordered table-striped table-condensed">
    <thead>
      <tr>
        <th>Type</th>
        <th>Description</th>
      </tr>
    </thead>
    <tbody>
      <tr>
        <td><span class="xref">com.google.api.gax.rpc.OperationCallSettings.Builder</span>&lt;<a class="xref" href="com.google.cloud.speech.v1p1beta1.LongRunningRecognizeRequest.html">LongRunningRecognizeRequest</a>,<a class="xref" href="com.google.cloud.speech.v1p1beta1.LongRunningRecognizeResponse.html">LongRunningRecognizeResponse</a>,<a class="xref" href="com.google.cloud.speech.v1p1beta1.LongRunningRecognizeMetadata.html">LongRunningRecognizeMetadata</a>&gt;</td>
        <td></td>
      </tr>
    </tbody>
  </table>
  <a id="com_google_cloud_speech_v1p1beta1_stub_SpeechStubSettings_Builder_longRunningRecognizeSettings_" data-uid="com.google.cloud.speech.v1p1beta1.stub.SpeechStubSettings.Builder.longRunningRecognizeSettings*"></a>
  <h3 id="com_google_cloud_speech_v1p1beta1_stub_SpeechStubSettings_Builder_longRunningRecognizeSettings__" data-uid="com.google.cloud.speech.v1p1beta1.stub.SpeechStubSettings.Builder.longRunningRecognizeSettings()" class="notranslate">longRunningRecognizeSettings()</h3>
  <div class="codewrapper">
    <pre><code class="prettyprint">public UnaryCallSettings.Builder&lt;LongRunningRecognizeRequest,Operation&gt; longRunningRecognizeSettings()</code></pre>
  </div>
  <div class="markdown level1 summary"><p>Returns the builder for the settings used for calls to longRunningRecognize.</p>
</div>
  <div class="markdown level1 conceptual"></div>
  <strong>Returns</strong>
  <table class="table table-bordered table-striped table-condensed">
    <thead>
      <tr>
        <th>Type</th>
        <th>Description</th>
      </tr>
    </thead>
    <tbody>
      <tr>
        <td><span class="xref">com.google.api.gax.rpc.UnaryCallSettings.Builder</span>&lt;<a class="xref" href="com.google.cloud.speech.v1p1beta1.LongRunningRecognizeRequest.html">LongRunningRecognizeRequest</a>,<span class="xref">com.google.longrunning.Operation</span>&gt;</td>
        <td></td>
      </tr>
    </tbody>
  </table>
  <a id="com_google_cloud_speech_v1p1beta1_stub_SpeechStubSettings_Builder_recognizeSettings_" data-uid="com.google.cloud.speech.v1p1beta1.stub.SpeechStubSettings.Builder.recognizeSettings*"></a>
  <h3 id="com_google_cloud_speech_v1p1beta1_stub_SpeechStubSettings_Builder_recognizeSettings__" data-uid="com.google.cloud.speech.v1p1beta1.stub.SpeechStubSettings.Builder.recognizeSettings()" class="notranslate">recognizeSettings()</h3>
  <div class="codewrapper">
    <pre><code class="prettyprint">public UnaryCallSettings.Builder&lt;RecognizeRequest,RecognizeResponse&gt; recognizeSettings()</code></pre>
  </div>
  <div class="markdown level1 summary"><p>Returns the builder for the settings used for calls to recognize.</p>
</div>
  <div class="markdown level1 conceptual"></div>
  <strong>Returns</strong>
  <table class="table table-bordered table-striped table-condensed">
    <thead>
      <tr>
        <th>Type</th>
        <th>Description</th>
      </tr>
    </thead>
    <tbody>
      <tr>
        <td><span class="xref">com.google.api.gax.rpc.UnaryCallSettings.Builder</span>&lt;<a class="xref" href="com.google.cloud.speech.v1p1beta1.RecognizeRequest.html">RecognizeRequest</a>,<a class="xref" href="com.google.cloud.speech.v1p1beta1.RecognizeResponse.html">RecognizeResponse</a>&gt;</td>
        <td></td>
      </tr>
    </tbody>
  </table>
  <a id="com_google_cloud_speech_v1p1beta1_stub_SpeechStubSettings_Builder_streamingRecognizeSettings_" data-uid="com.google.cloud.speech.v1p1beta1.stub.SpeechStubSettings.Builder.streamingRecognizeSettings*"></a>
  <h3 id="com_google_cloud_speech_v1p1beta1_stub_SpeechStubSettings_Builder_streamingRecognizeSettings__" data-uid="com.google.cloud.speech.v1p1beta1.stub.SpeechStubSettings.Builder.streamingRecognizeSettings()" class="notranslate">streamingRecognizeSettings()</h3>
  <div class="codewrapper">
    <pre><code class="prettyprint">public StreamingCallSettings.Builder&lt;StreamingRecognizeRequest,StreamingRecognizeResponse&gt; streamingRecognizeSettings()</code></pre>
  </div>
  <div class="markdown level1 summary"><p>Returns the builder for the settings used for calls to streamingRecognize.</p>
</div>
  <div class="markdown level1 conceptual"></div>
  <strong>Returns</strong>
  <table class="table table-bordered table-striped table-condensed">
    <thead>
      <tr>
        <th>Type</th>
        <th>Description</th>
      </tr>
    </thead>
    <tbody>
      <tr>
        <td><span class="xref">com.google.api.gax.rpc.StreamingCallSettings.Builder</span>&lt;<a class="xref" href="com.google.cloud.speech.v1p1beta1.StreamingRecognizeRequest.html">StreamingRecognizeRequest</a>,<a class="xref" href="com.google.cloud.speech.v1p1beta1.StreamingRecognizeResponse.html">StreamingRecognizeResponse</a>&gt;</td>
        <td></td>
      </tr>
    </tbody>
  </table>
  <a id="com_google_cloud_speech_v1p1beta1_stub_SpeechStubSettings_Builder_unaryMethodSettingsBuilders_" data-uid="com.google.cloud.speech.v1p1beta1.stub.SpeechStubSettings.Builder.unaryMethodSettingsBuilders*"></a>
  <h3 id="com_google_cloud_speech_v1p1beta1_stub_SpeechStubSettings_Builder_unaryMethodSettingsBuilders__" data-uid="com.google.cloud.speech.v1p1beta1.stub.SpeechStubSettings.Builder.unaryMethodSettingsBuilders()" class="notranslate">unaryMethodSettingsBuilders()</h3>
  <div class="codewrapper">
    <pre><code class="prettyprint">public ImmutableList&lt;UnaryCallSettings.Builder&lt;?,?&gt;&gt; unaryMethodSettingsBuilders()</code></pre>
  </div>
  <div class="markdown level1 summary"></div>
  <div class="markdown level1 conceptual"></div>
  <strong>Returns</strong>
  <table class="table table-bordered table-striped table-condensed">
    <thead>
      <tr>
        <th>Type</th>
        <th>Description</th>
      </tr>
    </thead>
    <tbody>
      <tr>
        <td><span class="xref">com.google.common.collect.ImmutableList</span>&lt;<span class="xref">com.google.api.gax.rpc.UnaryCallSettings.Builder</span>&lt;<span class="xref">?</span>,<span class="xref">?</span>&gt;&gt;</td>
        <td></td>
      </tr>
    </tbody>
  </table>
</article>
    </div>
  </body>
</html>
