<!DOCTYPE html>
<html devsite="">
  <head>
    <meta name="project_path" value="/java/_project.yaml">
    <meta name="book_path" value="/java/_book.yaml">
  </head>
  <body>
    <div>
      <article data-uid="com.google.cloud.memcache.v1.MemcacheVersion">
<h1 class="page-title">Enum MemcacheVersion
</h1>
  
  
  <div class="markdown level0 summary"><pre><code>Memcached versions supported by our service.
</code></pre><p>Protobuf enum <code>google.cloud.memcache.v1.MemcacheVersion</code></p>
</div>
  <div class="markdown level0 conceptual"></div>
  <div classs="implements">
    <h5>Implements</h5>
    <span><span class="xref">com.google.protobuf.ProtocolMessageEnum</span></span>
  </div>
  <div class="inheritedMembers">
    <h5>Inherited Members</h5>
    <div>
      <span class="xref">java.lang.Enum.&lt;T&gt;valueOf(java.lang.Class&lt;T&gt;,java.lang.String)</span>
    </div>
    <div>
      <span class="xref">java.lang.Enum.clone()</span>
    </div>
    <div>
      <span class="xref">java.lang.Enum.compareTo(E)</span>
    </div>
    <div>
      <span class="xref">java.lang.Enum.equals(java.lang.Object)</span>
    </div>
    <div>
      <span class="xref">java.lang.Enum.finalize()</span>
    </div>
    <div>
      <span class="xref">java.lang.Enum.getDeclaringClass()</span>
    </div>
    <div>
      <span class="xref">java.lang.Enum.hashCode()</span>
    </div>
    <div>
      <span class="xref">java.lang.Enum.name()</span>
    </div>
    <div>
      <span class="xref">java.lang.Enum.ordinal()</span>
    </div>
    <div>
      <span class="xref">java.lang.Enum.toString()</span>
    </div>
    <div>
      <span class="xref">java.lang.Object.getClass()</span>
    </div>
    <div>
      <span class="xref">java.lang.Object.notify()</span>
    </div>
    <div>
      <span class="xref">java.lang.Object.notifyAll()</span>
    </div>
    <div>
      <span class="xref">java.lang.Object.wait()</span>
    </div>
    <div>
      <span class="xref">java.lang.Object.wait(long)</span>
    </div>
    <div>
      <span class="xref">java.lang.Object.wait(long,int)</span>
    </div>
  </div>
  <h6><strong>Namespace</strong>: </h6>
  <h6><strong>Assembly</strong>: .dll</h6>
  <h5 id="com_google_cloud_memcache_v1_MemcacheVersion_syntax">Syntax</h5>
  <div class="codewrapper">
    <pre><code class="prettyprint">public enum MemcacheVersion extends Enum&lt;MemcacheVersion&gt; implements ProtocolMessageEnum</code></pre>
  </div>
  <h3 id="fields">Fields
  </h3>
  <table class="table table-bordered table-striped table-condensed">
    <thead>
      <tr>
        <th>Name</th>
        <th>Description</th>
      </tr>
    <thead>
    <tbody>
      <tr>
        <td id="com_google_cloud_memcache_v1_MemcacheVersion_MEMCACHE_1_5">MEMCACHE_1_5</td>
        <td><pre><code>Memcached 1.5 version.
</code></pre><p><code>MEMCACHE_1_5 = 1;</code></p>
</td>
      </tr>
      <tr>
        <td id="com_google_cloud_memcache_v1_MemcacheVersion_MEMCACHE_1_5_VALUE">MEMCACHE_1_5_VALUE</td>
        <td><pre><code>Memcached 1.5 version.
</code></pre><p><code>MEMCACHE_1_5 = 1;</code></p>
</td>
      </tr>
      <tr>
        <td id="com_google_cloud_memcache_v1_MemcacheVersion_MEMCACHE_VERSION_UNSPECIFIED">MEMCACHE_VERSION_UNSPECIFIED</td>
        <td><p><code>MEMCACHE_VERSION_UNSPECIFIED = 0;</code></p>
</td>
      </tr>
      <tr>
        <td id="com_google_cloud_memcache_v1_MemcacheVersion_MEMCACHE_VERSION_UNSPECIFIED_VALUE">MEMCACHE_VERSION_UNSPECIFIED_VALUE</td>
        <td><p><code>MEMCACHE_VERSION_UNSPECIFIED = 0;</code></p>
</td>
      </tr>
      <tr>
        <td id="com_google_cloud_memcache_v1_MemcacheVersion_UNRECOGNIZED">UNRECOGNIZED</td>
        <td></td>
      </tr>
    </tbody>
  </thead></thead></table>
  <h3 id="methods">Methods
  </h3>
  <table class="table table-bordered table-striped table-condensed">
    <thead>
      <tr>
        <th>Name</th>
        <th>Description</th>
      </tr>
    <thead>
    <tbody>
      <tr>
        <td id="com_google_cloud_memcache_v1_MemcacheVersion_forNumber_int_">forNumber(int value)</td>
        <td></td>
      </tr>
      <tr>
        <td id="com_google_cloud_memcache_v1_MemcacheVersion_getDescriptor__">getDescriptor()</td>
        <td></td>
      </tr>
      <tr>
        <td id="com_google_cloud_memcache_v1_MemcacheVersion_getDescriptorForType__">getDescriptorForType()</td>
        <td></td>
      </tr>
      <tr>
        <td id="com_google_cloud_memcache_v1_MemcacheVersion_getNumber__">getNumber()</td>
        <td></td>
      </tr>
      <tr>
        <td id="com_google_cloud_memcache_v1_MemcacheVersion_getValueDescriptor__">getValueDescriptor()</td>
        <td></td>
      </tr>
      <tr>
        <td id="com_google_cloud_memcache_v1_MemcacheVersion_internalGetValueMap__">internalGetValueMap()</td>
        <td></td>
      </tr>
      <tr>
        <td id="com_google_cloud_memcache_v1_MemcacheVersion_valueOf_com_google_protobuf_Descriptors_EnumValueDescriptor_">valueOf(Descriptors.EnumValueDescriptor desc)</td>
        <td></td>
      </tr>
      <tr>
        <td id="com_google_cloud_memcache_v1_MemcacheVersion_valueOf_int_">valueOf(int value)</td>
        <td></td>
      </tr>
      <tr>
        <td id="com_google_cloud_memcache_v1_MemcacheVersion_valueOf_java_lang_String_">valueOf(String name)</td>
        <td></td>
      </tr>
      <tr>
        <td id="com_google_cloud_memcache_v1_MemcacheVersion_values__">values()</td>
        <td></td>
      </tr>
    </tbody>
  </thead></thead></table>
</article>
    </div>
  </body>
</html>
