<!DOCTYPE html>
<html devsite="">
  <head>
    <meta name="project_path" value="/php/docs/reference/_project.yaml">
    <meta name="book_path" value="/php/docs/reference/vision/latest/_book.yaml">
  </head>
  <body>
    {% verbatim %}
    <div>
      <article data-uid="\Google\Cloud\Vision\V1\CropHintsAnnotation">
<h1 class="page-title">Class CropHintsAnnotation (v2.2.2)</h1>
  
  
  <div class="markdown level0 summary"><p>Set of crop hints that are used to generate new crops when serving images.</p>
<p>Generated from protobuf message <code>google.cloud.vision.v1.CropHintsAnnotation</code></p>
</div>
  <h2 id="methods">Methods
  </h2>
  <h3 id="_Google_Cloud_Vision_V1_CropHintsAnnotation____construct__" data-uid="\Google\Cloud\Vision\V1\CropHintsAnnotation::__construct()" class="notranslate">__construct</h3>
  <div class="markdown level1 summary"><p>Constructor.</p>
</div>
  <strong>Parameters</strong>
  <table class="responsive">
    <tbody>
      <tr>
        <td><strong>Name</strong></td>
        <td><strong>Description</strong></td>
      </tr>
      <tr>
        <td>data</td>
        <td>
          <code>array</code>
          <br>
          <p>Optional. Data for populating the Message object.</p>

          
        </td>
      </tr>
      <tr>
        <td>↳ crop_hints</td>
        <td>
          <code>array&lt;<a class="xref" href="V1.CropHint.html">Google\Cloud\Vision\V1\CropHint</a>&gt;</code>
          <br>
          <p>Crop hint results.</p>

          
        </td>
      </tr>
    </tbody>
  </table>
  <h3 id="_Google_Cloud_Vision_V1_CropHintsAnnotation__getCropHints__" data-uid="\Google\Cloud\Vision\V1\CropHintsAnnotation::getCropHints()" class="notranslate">getCropHints</h3>
  <div class="markdown level1 summary"><p>Crop hint results.</p>
<p>Generated from protobuf field <code>repeated .google.cloud.vision.v1.CropHint crop_hints = 1;</code></p>
</div>
  <strong>Returns</strong>
  <table class="responsive">
    <tbody>
      <tr>
        <td><strong>Type</strong></td>
        <td><strong>Description</strong></td>
      </tr>
      <tr>
        <td>Google\Protobuf\Internal\RepeatedField</td>
        <td></td>
      </tr>
    </tbody>
  </table>
  <h3 id="_Google_Cloud_Vision_V1_CropHintsAnnotation__setCropHints__" data-uid="\Google\Cloud\Vision\V1\CropHintsAnnotation::setCropHints()" class="notranslate">setCropHints</h3>
  <div class="markdown level1 summary"><p>Crop hint results.</p>
<p>Generated from protobuf field <code>repeated .google.cloud.vision.v1.CropHint crop_hints = 1;</code></p>
</div>
  <strong>Parameter</strong>
  <table class="responsive">
    <tbody>
      <tr>
        <td><strong>Name</strong></td>
        <td><strong>Description</strong></td>
      </tr>
      <tr>
        <td>var</td>
        <td>
          <code>array&lt;<a class="xref" href="V1.CropHint.html">Google\Cloud\Vision\V1\CropHint</a>&gt;</code>
          <br>
          
          
        </td>
      </tr>
    </tbody>
  </table>
  <strong>Returns</strong>
  <table class="responsive">
    <tbody>
      <tr>
        <td><strong>Type</strong></td>
        <td><strong>Description</strong></td>
      </tr>
      <tr>
        <td>$this</td>
        <td></td>
      </tr>
    </tbody>
  </table>
</article>
    </div>
    {% endverbatim %}
  </body>
</html>
