<!DOCTYPE html>
<html devsite="">
  <head>
    <meta name="project_path" value="/php/docs/reference/_project.yaml">
    <meta name="book_path" value="/php/docs/reference/vision/latest/_book.yaml">
  </head>
  <body>
    {% verbatim %}
    <div>
      <article data-uid="\Google\Cloud\Vision\V1\GcsDestination">
<h1 class="page-title">Class GcsDestination (v2.2.2)</h1>
  
  
  <div class="markdown level0 summary"><p>The Google Cloud Storage location where the output will be written to.</p>
<p>Generated from protobuf message <code>google.cloud.vision.v1.GcsDestination</code></p>
</div>
  <h2 id="methods">Methods
  </h2>
  <h3 id="_Google_Cloud_Vision_V1_GcsDestination____construct__" data-uid="\Google\Cloud\Vision\V1\GcsDestination::__construct()" class="notranslate">__construct</h3>
  <div class="markdown level1 summary"><p>Constructor.</p>
</div>
  <strong>Parameters</strong>
  <table class="responsive">
    <tbody>
      <tr>
        <td><strong>Name</strong></td>
        <td><strong>Description</strong></td>
      </tr>
      <tr>
        <td>data</td>
        <td>
          <code>array</code>
          <br>
          <p>Optional. Data for populating the Message object.</p>

          
        </td>
      </tr>
      <tr>
        <td>↳ uri</td>
        <td>
          <code>string</code>
          <br>
          <p>Google Cloud Storage URI prefix where the results will be stored. Results will be in JSON format and preceded by its corresponding input URI prefix. This field can either represent a gcs file prefix or gcs directory. In either case, the uri should be unique because in order to get all of the output files, you will need to do a wildcard gcs search on the uri prefix you provide. Examples: * File Prefix: gs://bucket-name/here/filenameprefix The output files will be created in gs://bucket-name/here/ and the names of the output files will begin with &quot;filenameprefix&quot;. * Directory Prefix: gs://bucket-name/some/location/ The output files will be created in gs://bucket-name/some/location/ and the names of the output files could be anything because there was no filename prefix specified. If multiple outputs, each response is still AnnotateFileResponse, each of which contains some subset of the full list of AnnotateImageResponse. Multiple outputs can happen if, for example, the output JSON is too large and overflows into multiple sharded files.</p>

          
        </td>
      </tr>
    </tbody>
  </table>
  <h3 id="_Google_Cloud_Vision_V1_GcsDestination__getUri__" data-uid="\Google\Cloud\Vision\V1\GcsDestination::getUri()" class="notranslate">getUri</h3>
  <div class="markdown level1 summary"><p>Google Cloud Storage URI prefix where the results will be stored. Results
will be in JSON format and preceded by its corresponding input URI prefix.</p>
<p>This field can either represent a gcs file prefix or gcs directory. In
either case, the uri should be unique because in order to get all of the
output files, you will need to do a wildcard gcs search on the uri prefix
you provide.
Examples:</p>
<ul>
<li>File Prefix: gs://bucket-name/here/filenameprefix   The output files
will be created in gs://bucket-name/here/ and the names of the
output files will begin with &quot;filenameprefix&quot;.</li>
<li>Directory Prefix: gs://bucket-name/some/location/   The output files
will be created in gs://bucket-name/some/location/ and the names of the
output files could be anything because there was no filename prefix
specified.
If multiple outputs, each response is still AnnotateFileResponse, each of
which contains some subset of the full list of AnnotateImageResponse.
Multiple outputs can happen if, for example, the output JSON is too large
and overflows into multiple sharded files.</li>
</ul>
<p>Generated from protobuf field <code>string uri = 1;</code></p>
</div>
  <strong>Returns</strong>
  <table class="responsive">
    <tbody>
      <tr>
        <td><strong>Type</strong></td>
        <td><strong>Description</strong></td>
      </tr>
      <tr>
        <td><span class="xref">string</span></td>
        <td></td>
      </tr>
    </tbody>
  </table>
  <h3 id="_Google_Cloud_Vision_V1_GcsDestination__setUri__" data-uid="\Google\Cloud\Vision\V1\GcsDestination::setUri()" class="notranslate">setUri</h3>
  <div class="markdown level1 summary"><p>Google Cloud Storage URI prefix where the results will be stored. Results
will be in JSON format and preceded by its corresponding input URI prefix.</p>
<p>This field can either represent a gcs file prefix or gcs directory. In
either case, the uri should be unique because in order to get all of the
output files, you will need to do a wildcard gcs search on the uri prefix
you provide.
Examples:</p>
<ul>
<li>File Prefix: gs://bucket-name/here/filenameprefix   The output files
will be created in gs://bucket-name/here/ and the names of the
output files will begin with &quot;filenameprefix&quot;.</li>
<li>Directory Prefix: gs://bucket-name/some/location/   The output files
will be created in gs://bucket-name/some/location/ and the names of the
output files could be anything because there was no filename prefix
specified.
If multiple outputs, each response is still AnnotateFileResponse, each of
which contains some subset of the full list of AnnotateImageResponse.
Multiple outputs can happen if, for example, the output JSON is too large
and overflows into multiple sharded files.</li>
</ul>
<p>Generated from protobuf field <code>string uri = 1;</code></p>
</div>
  <strong>Parameter</strong>
  <table class="responsive">
    <tbody>
      <tr>
        <td><strong>Name</strong></td>
        <td><strong>Description</strong></td>
      </tr>
      <tr>
        <td>var</td>
        <td>
          <code>string</code>
          <br>
          
          
        </td>
      </tr>
    </tbody>
  </table>
  <strong>Returns</strong>
  <table class="responsive">
    <tbody>
      <tr>
        <td><strong>Type</strong></td>
        <td><strong>Description</strong></td>
      </tr>
      <tr>
        <td><span class="xref">$this</span></td>
        <td></td>
      </tr>
    </tbody>
  </table>
</article>
    </div>
    {% endverbatim %}
  </body>
</html>
