<!DOCTYPE html>
<html devsite="">
  <head>
    <meta name="project_path" value="/php/docs/reference/_project.yaml">
    <meta name="book_path" value="/php/docs/reference/vision/latest/_book.yaml">
  </head>
  <body>
    {% verbatim %}
    <div>
      <article data-uid="\Google\Cloud\Vision\V1\GcsSource">
<h1 class="page-title">Class GcsSource (v2.2.2)</h1>
  
  
  <div class="markdown level0 summary"><p>The Google Cloud Storage location where the input will be read from.</p>
<p>Generated from protobuf message <code>google.cloud.vision.v1.GcsSource</code></p>
</div>
  <h2 id="methods">Methods
  </h2>
  <h3 id="_Google_Cloud_Vision_V1_GcsSource____construct__" data-uid="\Google\Cloud\Vision\V1\GcsSource::__construct()" class="notranslate">__construct</h3>
  <div class="markdown level1 summary"><p>Constructor.</p>
</div>
  <strong>Parameters</strong>
  <table class="responsive">
    <tbody>
      <tr>
        <td><strong>Name</strong></td>
        <td><strong>Description</strong></td>
      </tr>
      <tr>
        <td>data</td>
        <td>
          <code>array</code>
          <br>
          <p>Optional. Data for populating the Message object.</p>

          
        </td>
      </tr>
      <tr>
        <td>↳ uri</td>
        <td>
          <code>string</code>
          <br>
          <p>Google Cloud Storage URI for the input file. This must only be a Google Cloud Storage object. Wildcards are not currently supported.</p>

          
        </td>
      </tr>
    </tbody>
  </table>
  <h3 id="_Google_Cloud_Vision_V1_GcsSource__getUri__" data-uid="\Google\Cloud\Vision\V1\GcsSource::getUri()" class="notranslate">getUri</h3>
  <div class="markdown level1 summary"><p>Google Cloud Storage URI for the input file. This must only be a
Google Cloud Storage object. Wildcards are not currently supported.</p>
<p>Generated from protobuf field <code>string uri = 1;</code></p>
</div>
  <strong>Returns</strong>
  <table class="responsive">
    <tbody>
      <tr>
        <td><strong>Type</strong></td>
        <td><strong>Description</strong></td>
      </tr>
      <tr>
        <td><span class="xref">string</span></td>
        <td></td>
      </tr>
    </tbody>
  </table>
  <h3 id="_Google_Cloud_Vision_V1_GcsSource__setUri__" data-uid="\Google\Cloud\Vision\V1\GcsSource::setUri()" class="notranslate">setUri</h3>
  <div class="markdown level1 summary"><p>Google Cloud Storage URI for the input file. This must only be a
Google Cloud Storage object. Wildcards are not currently supported.</p>
<p>Generated from protobuf field <code>string uri = 1;</code></p>
</div>
  <strong>Parameter</strong>
  <table class="responsive">
    <tbody>
      <tr>
        <td><strong>Name</strong></td>
        <td><strong>Description</strong></td>
      </tr>
      <tr>
        <td>var</td>
        <td>
          <code>string</code>
          <br>
          
          
        </td>
      </tr>
    </tbody>
  </table>
  <strong>Returns</strong>
  <table class="responsive">
    <tbody>
      <tr>
        <td><strong>Type</strong></td>
        <td><strong>Description</strong></td>
      </tr>
      <tr>
        <td><span class="xref">$this</span></td>
        <td></td>
      </tr>
    </tbody>
  </table>
</article>
    </div>
    {% endverbatim %}
  </body>
</html>
