<!DOCTYPE html>
<html devsite="">
  <head>
    <meta name="project_path" value="/php/docs/reference/_project.yaml">
    <meta name="book_path" value="/php/docs/reference/vision/latest/_book.yaml">
  </head>
  <body>
    {% verbatim %}
    <div>
      <article data-uid="\Google\Cloud\Vision\V1\ListProductSetsResponse">
<h1 class="page-title">Class ListProductSetsResponse (2.2.2)</h1>
  
  
  <div class="markdown level0 summary"><p>Response message for the <code>ListProductSets</code> method.</p>
<p>Generated from protobuf message <code>google.cloud.vision.v1.ListProductSetsResponse</code></p>
</div>
  <h2 id="methods">Methods
  </h2>
  <h3 id="_Google_Cloud_Vision_V1_ListProductSetsResponse____construct__" data-uid="\Google\Cloud\Vision\V1\ListProductSetsResponse::__construct()" class="notranslate">__construct</h3>
  <div class="markdown level1 summary"><p>Constructor.</p>
</div>
  <strong>Parameters</strong>
  <table class="responsive">
    <tbody>
      <tr>
        <td><strong>Name</strong></td>
        <td><strong>Description</strong></td>
      </tr>
      <tr>
        <td>data</td>
        <td>
          <code>array</code>
          <br>
          <p>Optional. Data for populating the Message object.</p>

          
        </td>
      </tr>
      <tr>
        <td>↳ product_sets</td>
        <td>
          <code>array&lt;<a class="xref" href="V1.ProductSet.html">Google\Cloud\Vision\V1\ProductSet</a>&gt;</code>
          <br>
          <p>List of ProductSets.</p>

          
        </td>
      </tr>
      <tr>
        <td>↳ next_page_token</td>
        <td>
          <code>string</code>
          <br>
          <p>Token to retrieve the next page of results, or empty if there are no more results in the list.</p>

          
        </td>
      </tr>
    </tbody>
  </table>
  <h3 id="_Google_Cloud_Vision_V1_ListProductSetsResponse__getProductSets__" data-uid="\Google\Cloud\Vision\V1\ListProductSetsResponse::getProductSets()" class="notranslate">getProductSets</h3>
  <div class="markdown level1 summary"><p>List of ProductSets.</p>
<p>Generated from protobuf field <code>repeated .google.cloud.vision.v1.ProductSet product_sets = 1;</code></p>
</div>
  <strong>Returns</strong>
  <table class="responsive">
    <tbody>
      <tr>
        <td><strong>Type</strong></td>
        <td><strong>Description</strong></td>
      </tr>
      <tr>
        <td><span class="xref">\Google\Protobuf\Internal\RepeatedField</span></td>
        <td></td>
      </tr>
    </tbody>
  </table>
  <h3 id="_Google_Cloud_Vision_V1_ListProductSetsResponse__setProductSets__" data-uid="\Google\Cloud\Vision\V1\ListProductSetsResponse::setProductSets()" class="notranslate">setProductSets</h3>
  <div class="markdown level1 summary"><p>List of ProductSets.</p>
<p>Generated from protobuf field <code>repeated .google.cloud.vision.v1.ProductSet product_sets = 1;</code></p>
</div>
  <strong>Parameter</strong>
  <table class="responsive">
    <tbody>
      <tr>
        <td><strong>Name</strong></td>
        <td><strong>Description</strong></td>
      </tr>
      <tr>
        <td>var</td>
        <td>
          <code>array&lt;<a class="xref" href="V1.ProductSet.html">Google\Cloud\Vision\V1\ProductSet</a>&gt;</code>
          <br>
          
          
        </td>
      </tr>
    </tbody>
  </table>
  <strong>Returns</strong>
  <table class="responsive">
    <tbody>
      <tr>
        <td><strong>Type</strong></td>
        <td><strong>Description</strong></td>
      </tr>
      <tr>
        <td><span class="xref">$this</span></td>
        <td></td>
      </tr>
    </tbody>
  </table>
  <h3 id="_Google_Cloud_Vision_V1_ListProductSetsResponse__getNextPageToken__" data-uid="\Google\Cloud\Vision\V1\ListProductSetsResponse::getNextPageToken()" class="notranslate">getNextPageToken</h3>
  <div class="markdown level1 summary"><p>Token to retrieve the next page of results, or empty if there are no more
results in the list.</p>
<p>Generated from protobuf field <code>string next_page_token = 2;</code></p>
</div>
  <strong>Returns</strong>
  <table class="responsive">
    <tbody>
      <tr>
        <td><strong>Type</strong></td>
        <td><strong>Description</strong></td>
      </tr>
      <tr>
        <td><span class="xref">string</span></td>
        <td></td>
      </tr>
    </tbody>
  </table>
  <h3 id="_Google_Cloud_Vision_V1_ListProductSetsResponse__setNextPageToken__" data-uid="\Google\Cloud\Vision\V1\ListProductSetsResponse::setNextPageToken()" class="notranslate">setNextPageToken</h3>
  <div class="markdown level1 summary"><p>Token to retrieve the next page of results, or empty if there are no more
results in the list.</p>
<p>Generated from protobuf field <code>string next_page_token = 2;</code></p>
</div>
  <strong>Parameter</strong>
  <table class="responsive">
    <tbody>
      <tr>
        <td><strong>Name</strong></td>
        <td><strong>Description</strong></td>
      </tr>
      <tr>
        <td>var</td>
        <td>
          <code>string</code>
          <br>
          
          
        </td>
      </tr>
    </tbody>
  </table>
  <strong>Returns</strong>
  <table class="responsive">
    <tbody>
      <tr>
        <td><strong>Type</strong></td>
        <td><strong>Description</strong></td>
      </tr>
      <tr>
        <td><span class="xref">$this</span></td>
        <td></td>
      </tr>
    </tbody>
  </table>
</article>
    </div>
    {% endverbatim %}
  </body>
</html>
