<!DOCTYPE html>
<html devsite="">
  <head>
    <meta name="project_path" value="/php/docs/reference/_project.yaml">
    <meta name="book_path" value="/php/docs/reference/vision/latest/_book.yaml">
  </head>
  <body>
    {% verbatim %}
    <div>
      <article data-uid="\Google\Cloud\Vision\V1\NormalizedVertex">
<h1 class="page-title">Class NormalizedVertex (v2.2.2)</h1>
  
  
  <div class="markdown level0 summary"><p>A vertex represents a 2D point in the image.</p>
<p>NOTE: the normalized vertex coordinates are relative to the original image
and range from 0 to 1.</p>
<p>Generated from protobuf message <code>google.cloud.vision.v1.NormalizedVertex</code></p>
</div>
  <h2 id="methods">Methods
  </h2>
  <h3 id="_Google_Cloud_Vision_V1_NormalizedVertex____construct__" data-uid="\Google\Cloud\Vision\V1\NormalizedVertex::__construct()" class="notranslate">__construct</h3>
  <div class="markdown level1 summary"><p>Constructor.</p>
</div>
  <strong>Parameters</strong>
  <table class="responsive">
    <tbody>
      <tr>
        <td><strong>Name</strong></td>
        <td><strong>Description</strong></td>
      </tr>
      <tr>
        <td>data</td>
        <td>
          <code>array</code>
          <br>
          <p>Optional. Data for populating the Message object.</p>

          
        </td>
      </tr>
      <tr>
        <td>↳ x</td>
        <td>
          <code>float</code>
          <br>
          <p>X coordinate.</p>

          
        </td>
      </tr>
      <tr>
        <td>↳ y</td>
        <td>
          <code>float</code>
          <br>
          <p>Y coordinate.</p>

          
        </td>
      </tr>
    </tbody>
  </table>
  <h3 id="_Google_Cloud_Vision_V1_NormalizedVertex__getX__" data-uid="\Google\Cloud\Vision\V1\NormalizedVertex::getX()" class="notranslate">getX</h3>
  <div class="markdown level1 summary"><p>X coordinate.</p>
<p>Generated from protobuf field <code>float x = 1;</code></p>
</div>
  <strong>Returns</strong>
  <table class="responsive">
    <tbody>
      <tr>
        <td><strong>Type</strong></td>
        <td><strong>Description</strong></td>
      </tr>
      <tr>
        <td>float</td>
        <td></td>
      </tr>
    </tbody>
  </table>
  <h3 id="_Google_Cloud_Vision_V1_NormalizedVertex__setX__" data-uid="\Google\Cloud\Vision\V1\NormalizedVertex::setX()" class="notranslate">setX</h3>
  <div class="markdown level1 summary"><p>X coordinate.</p>
<p>Generated from protobuf field <code>float x = 1;</code></p>
</div>
  <strong>Parameter</strong>
  <table class="responsive">
    <tbody>
      <tr>
        <td><strong>Name</strong></td>
        <td><strong>Description</strong></td>
      </tr>
      <tr>
        <td>var</td>
        <td>
          <code>float</code>
          <br>
          
          
        </td>
      </tr>
    </tbody>
  </table>
  <strong>Returns</strong>
  <table class="responsive">
    <tbody>
      <tr>
        <td><strong>Type</strong></td>
        <td><strong>Description</strong></td>
      </tr>
      <tr>
        <td>$this</td>
        <td></td>
      </tr>
    </tbody>
  </table>
  <h3 id="_Google_Cloud_Vision_V1_NormalizedVertex__getY__" data-uid="\Google\Cloud\Vision\V1\NormalizedVertex::getY()" class="notranslate">getY</h3>
  <div class="markdown level1 summary"><p>Y coordinate.</p>
<p>Generated from protobuf field <code>float y = 2;</code></p>
</div>
  <strong>Returns</strong>
  <table class="responsive">
    <tbody>
      <tr>
        <td><strong>Type</strong></td>
        <td><strong>Description</strong></td>
      </tr>
      <tr>
        <td>float</td>
        <td></td>
      </tr>
    </tbody>
  </table>
  <h3 id="_Google_Cloud_Vision_V1_NormalizedVertex__setY__" data-uid="\Google\Cloud\Vision\V1\NormalizedVertex::setY()" class="notranslate">setY</h3>
  <div class="markdown level1 summary"><p>Y coordinate.</p>
<p>Generated from protobuf field <code>float y = 2;</code></p>
</div>
  <strong>Parameter</strong>
  <table class="responsive">
    <tbody>
      <tr>
        <td><strong>Name</strong></td>
        <td><strong>Description</strong></td>
      </tr>
      <tr>
        <td>var</td>
        <td>
          <code>float</code>
          <br>
          
          
        </td>
      </tr>
    </tbody>
  </table>
  <strong>Returns</strong>
  <table class="responsive">
    <tbody>
      <tr>
        <td><strong>Type</strong></td>
        <td><strong>Description</strong></td>
      </tr>
      <tr>
        <td>$this</td>
        <td></td>
      </tr>
    </tbody>
  </table>
</article>
    </div>
    {% endverbatim %}
  </body>
</html>
