<!DOCTYPE html>
<html devsite="">
  <head>
    <meta name="project_path" value="/php/docs/reference/_project.yaml">
    <meta name="book_path" value="/php/docs/reference/vision/latest/_book.yaml">
  </head>
  <body>
    {% verbatim %}
    <div>
      <article data-uid="\Google\Cloud\Vision\V1\Word">
<h1 class="page-title">Class Word (v2.2.2)</h1>
  
  
  <div class="markdown level0 summary"><p>A word representation.</p>
<p>Generated from protobuf message <code>google.cloud.vision.v1.Word</code></p>
</div>
  <h2 id="methods">Methods
  </h2>
  <h3 id="_Google_Cloud_Vision_V1_Word____construct__" data-uid="\Google\Cloud\Vision\V1\Word::__construct()" class="notranslate">__construct</h3>
  <div class="markdown level1 summary"><p>Constructor.</p>
</div>
  <strong>Parameters</strong>
  <table class="responsive">
    <tbody>
      <tr>
        <td><strong>Name</strong></td>
        <td><strong>Description</strong></td>
      </tr>
      <tr>
        <td>data</td>
        <td>
          <code>array</code>
          <br>
          <p>Optional. Data for populating the Message object.</p>

          
        </td>
      </tr>
      <tr>
        <td>↳ property</td>
        <td>
          <code><a class="xref" href="V1.TextAnnotation.TextProperty.html">Google\Cloud\Vision\V1\TextAnnotation\TextProperty</a></code>
          <br>
          <p>Additional information detected for the word.</p>

          
        </td>
      </tr>
      <tr>
        <td>↳ bounding_box</td>
        <td>
          <code><a class="xref" href="V1.BoundingPoly.html">Google\Cloud\Vision\V1\BoundingPoly</a></code>
          <br>
          <p>The bounding box for the word. The vertices are in the order of top-left, top-right, bottom-right, bottom-left. When a rotation of the bounding box is detected the rotation is represented as around the top-left corner as defined when the text is read in the &#39;natural&#39; orientation. For example: * when the text is horizontal it might look like: 0----1 | | 3----2 * when it&#39;s rotated 180 degrees around the top-left corner it becomes: 2----3 | | 1----0 and the vertex order will still be (0, 1, 2, 3).</p>

          
        </td>
      </tr>
      <tr>
        <td>↳ symbols</td>
        <td>
          <code>array&lt;<a class="xref" href="V1.Symbol.html">Google\Cloud\Vision\V1\Symbol</a>&gt;</code>
          <br>
          <p>List of symbols in the word. The order of the symbols follows the natural reading order.</p>

          
        </td>
      </tr>
      <tr>
        <td>↳ confidence</td>
        <td>
          <code>float</code>
          <br>
          <p>Confidence of the OCR results for the word. Range [0, 1].</p>

          
        </td>
      </tr>
    </tbody>
  </table>
  <h3 id="_Google_Cloud_Vision_V1_Word__getProperty__" data-uid="\Google\Cloud\Vision\V1\Word::getProperty()" class="notranslate">getProperty</h3>
  <div class="markdown level1 summary"><p>Additional information detected for the word.</p>
<p>Generated from protobuf field <code>.google.cloud.vision.v1.TextAnnotation.TextProperty property = 1;</code></p>
</div>
  <strong>Returns</strong>
  <table class="responsive">
    <tbody>
      <tr>
        <td><strong>Type</strong></td>
        <td><strong>Description</strong></td>
      </tr>
      <tr>
        <td><a class="xref" href="V1.TextAnnotation.TextProperty.html">Google\Cloud\Vision\V1\TextAnnotation\TextProperty</a>|null</td>
        <td></td>
      </tr>
    </tbody>
  </table>
  <h3 id="_Google_Cloud_Vision_V1_Word__hasProperty__" data-uid="\Google\Cloud\Vision\V1\Word::hasProperty()" class="notranslate">hasProperty</h3>
  <h3 id="_Google_Cloud_Vision_V1_Word__clearProperty__" data-uid="\Google\Cloud\Vision\V1\Word::clearProperty()" class="notranslate">clearProperty</h3>
  <h3 id="_Google_Cloud_Vision_V1_Word__setProperty__" data-uid="\Google\Cloud\Vision\V1\Word::setProperty()" class="notranslate">setProperty</h3>
  <div class="markdown level1 summary"><p>Additional information detected for the word.</p>
<p>Generated from protobuf field <code>.google.cloud.vision.v1.TextAnnotation.TextProperty property = 1;</code></p>
</div>
  <strong>Parameter</strong>
  <table class="responsive">
    <tbody>
      <tr>
        <td><strong>Name</strong></td>
        <td><strong>Description</strong></td>
      </tr>
      <tr>
        <td>var</td>
        <td>
          <code><a class="xref" href="V1.TextAnnotation.TextProperty.html">Google\Cloud\Vision\V1\TextAnnotation\TextProperty</a></code>
          <br>
          
          
        </td>
      </tr>
    </tbody>
  </table>
  <strong>Returns</strong>
  <table class="responsive">
    <tbody>
      <tr>
        <td><strong>Type</strong></td>
        <td><strong>Description</strong></td>
      </tr>
      <tr>
        <td>$this</td>
        <td></td>
      </tr>
    </tbody>
  </table>
  <h3 id="_Google_Cloud_Vision_V1_Word__getBoundingBox__" data-uid="\Google\Cloud\Vision\V1\Word::getBoundingBox()" class="notranslate">getBoundingBox</h3>
  <div class="markdown level1 summary"><p>The bounding box for the word.</p>
<p>The vertices are in the order of top-left, top-right, bottom-right,
bottom-left. When a rotation of the bounding box is detected the rotation
is represented as around the top-left corner as defined when the text is
read in the &#39;natural&#39; orientation.
For example:</p>
<ul>
<li>when the text is horizontal it might look like:
 0----1
 |    |
 3----2</li>
<li>when it&#39;s rotated 180 degrees around the top-left corner it becomes:
 2----3
 |    |
 1----0
and the vertex order will still be (0, 1, 2, 3).</li>
</ul>
<p>Generated from protobuf field <code>.google.cloud.vision.v1.BoundingPoly bounding_box = 2;</code></p>
</div>
  <strong>Returns</strong>
  <table class="responsive">
    <tbody>
      <tr>
        <td><strong>Type</strong></td>
        <td><strong>Description</strong></td>
      </tr>
      <tr>
        <td><a class="xref" href="V1.BoundingPoly.html">Google\Cloud\Vision\V1\BoundingPoly</a>|null</td>
        <td></td>
      </tr>
    </tbody>
  </table>
  <h3 id="_Google_Cloud_Vision_V1_Word__hasBoundingBox__" data-uid="\Google\Cloud\Vision\V1\Word::hasBoundingBox()" class="notranslate">hasBoundingBox</h3>
  <h3 id="_Google_Cloud_Vision_V1_Word__clearBoundingBox__" data-uid="\Google\Cloud\Vision\V1\Word::clearBoundingBox()" class="notranslate">clearBoundingBox</h3>
  <h3 id="_Google_Cloud_Vision_V1_Word__setBoundingBox__" data-uid="\Google\Cloud\Vision\V1\Word::setBoundingBox()" class="notranslate">setBoundingBox</h3>
  <div class="markdown level1 summary"><p>The bounding box for the word.</p>
<p>The vertices are in the order of top-left, top-right, bottom-right,
bottom-left. When a rotation of the bounding box is detected the rotation
is represented as around the top-left corner as defined when the text is
read in the &#39;natural&#39; orientation.
For example:</p>
<ul>
<li>when the text is horizontal it might look like:
 0----1
 |    |
 3----2</li>
<li>when it&#39;s rotated 180 degrees around the top-left corner it becomes:
 2----3
 |    |
 1----0
and the vertex order will still be (0, 1, 2, 3).</li>
</ul>
<p>Generated from protobuf field <code>.google.cloud.vision.v1.BoundingPoly bounding_box = 2;</code></p>
</div>
  <strong>Parameter</strong>
  <table class="responsive">
    <tbody>
      <tr>
        <td><strong>Name</strong></td>
        <td><strong>Description</strong></td>
      </tr>
      <tr>
        <td>var</td>
        <td>
          <code><a class="xref" href="V1.BoundingPoly.html">Google\Cloud\Vision\V1\BoundingPoly</a></code>
          <br>
          
          
        </td>
      </tr>
    </tbody>
  </table>
  <strong>Returns</strong>
  <table class="responsive">
    <tbody>
      <tr>
        <td><strong>Type</strong></td>
        <td><strong>Description</strong></td>
      </tr>
      <tr>
        <td>$this</td>
        <td></td>
      </tr>
    </tbody>
  </table>
  <h3 id="_Google_Cloud_Vision_V1_Word__getSymbols__" data-uid="\Google\Cloud\Vision\V1\Word::getSymbols()" class="notranslate">getSymbols</h3>
  <div class="markdown level1 summary"><p>List of symbols in the word.</p>
<p>The order of the symbols follows the natural reading order.</p>
<p>Generated from protobuf field <code>repeated .google.cloud.vision.v1.Symbol symbols = 3;</code></p>
</div>
  <strong>Returns</strong>
  <table class="responsive">
    <tbody>
      <tr>
        <td><strong>Type</strong></td>
        <td><strong>Description</strong></td>
      </tr>
      <tr>
        <td>Google\Protobuf\Internal\RepeatedField</td>
        <td></td>
      </tr>
    </tbody>
  </table>
  <h3 id="_Google_Cloud_Vision_V1_Word__setSymbols__" data-uid="\Google\Cloud\Vision\V1\Word::setSymbols()" class="notranslate">setSymbols</h3>
  <div class="markdown level1 summary"><p>List of symbols in the word.</p>
<p>The order of the symbols follows the natural reading order.</p>
<p>Generated from protobuf field <code>repeated .google.cloud.vision.v1.Symbol symbols = 3;</code></p>
</div>
  <strong>Parameter</strong>
  <table class="responsive">
    <tbody>
      <tr>
        <td><strong>Name</strong></td>
        <td><strong>Description</strong></td>
      </tr>
      <tr>
        <td>var</td>
        <td>
          <code>array&lt;<a class="xref" href="V1.Symbol.html">Google\Cloud\Vision\V1\Symbol</a>&gt;</code>
          <br>
          
          
        </td>
      </tr>
    </tbody>
  </table>
  <strong>Returns</strong>
  <table class="responsive">
    <tbody>
      <tr>
        <td><strong>Type</strong></td>
        <td><strong>Description</strong></td>
      </tr>
      <tr>
        <td>$this</td>
        <td></td>
      </tr>
    </tbody>
  </table>
  <h3 id="_Google_Cloud_Vision_V1_Word__getConfidence__" data-uid="\Google\Cloud\Vision\V1\Word::getConfidence()" class="notranslate">getConfidence</h3>
  <div class="markdown level1 summary"><p>Confidence of the OCR results for the word. Range [0, 1].</p>
<p>Generated from protobuf field <code>float confidence = 4;</code></p>
</div>
  <strong>Returns</strong>
  <table class="responsive">
    <tbody>
      <tr>
        <td><strong>Type</strong></td>
        <td><strong>Description</strong></td>
      </tr>
      <tr>
        <td>float</td>
        <td></td>
      </tr>
    </tbody>
  </table>
  <h3 id="_Google_Cloud_Vision_V1_Word__setConfidence__" data-uid="\Google\Cloud\Vision\V1\Word::setConfidence()" class="notranslate">setConfidence</h3>
  <div class="markdown level1 summary"><p>Confidence of the OCR results for the word. Range [0, 1].</p>
<p>Generated from protobuf field <code>float confidence = 4;</code></p>
</div>
  <strong>Parameter</strong>
  <table class="responsive">
    <tbody>
      <tr>
        <td><strong>Name</strong></td>
        <td><strong>Description</strong></td>
      </tr>
      <tr>
        <td>var</td>
        <td>
          <code>float</code>
          <br>
          
          
        </td>
      </tr>
    </tbody>
  </table>
  <strong>Returns</strong>
  <table class="responsive">
    <tbody>
      <tr>
        <td><strong>Type</strong></td>
        <td><strong>Description</strong></td>
      </tr>
      <tr>
        <td>$this</td>
        <td></td>
      </tr>
    </tbody>
  </table>
</article>
    </div>
    {% endverbatim %}
  </body>
</html>
