<!DOCTYPE html>
<!--[if IE]><![endif]-->
<html devsite="">
  
  <head>
    <meta charset="utf-8">
    <meta http-equiv="X-UA-Compatible" content="IE=edge,chrome=1">
    <title>Class IamPolicyAnalysisOutputConfig.Types.BigQueryDestination
  </title>
    <meta name="viewport" content="width=device-width">
    <meta name="title" content="Class IamPolicyAnalysisOutputConfig.Types.BigQueryDestination
  ">
    
    <link rel="shortcut icon" href="../favicon.ico">
    <meta name="project_path" value="/dotnet/_project.yaml">
    <meta name="book_path" value="/dotnet/_book.yaml">
    
  </head>
  <body data-spy="scroll" data-target="#affix" data-offset="120">
    <div id="wrapper">
      <header>
      </header>
      <div role="main" class="container body-content hide-when-search">
        <div class="article row grid">
          <div class="col-md-12">
            <article class="content wrap" id="_content" data-uid="Google.Cloud.Asset.V1.IamPolicyAnalysisOutputConfig.Types.BigQueryDestination">
  
  
  <div class="markdown level0 summary"><p>A BigQuery destination.</p>
</div>
  <div class="markdown level0 conceptual"></div>
  <div class="inheritance">
    <h5>Inheritance</h5>
    <div class="level0"><span class="xref">System.Object</span></div>
    <div class="level1"><span class="xref">IamPolicyAnalysisOutputConfig.Types.BigQueryDestination</span></div>
  </div>
  <div classs="implements">
    <h5>Implements</h5>
    <div><span class="xref">Google.Protobuf.IMessage</span>&lt;<a class="xref" href="Google.Cloud.Asset.V1.IamPolicyAnalysisOutputConfig.Types.BigQueryDestination.html">IamPolicyAnalysisOutputConfig.Types.BigQueryDestination</a>&gt;</div>
    <div><span class="xref">Google.Protobuf.IMessage</span></div>
    <div><span class="xref">System.IEquatable</span>&lt;<a class="xref" href="Google.Cloud.Asset.V1.IamPolicyAnalysisOutputConfig.Types.BigQueryDestination.html">IamPolicyAnalysisOutputConfig.Types.BigQueryDestination</a>&gt;</div>
    <div><span class="xref">Google.Protobuf.IDeepCloneable</span>&lt;<a class="xref" href="Google.Cloud.Asset.V1.IamPolicyAnalysisOutputConfig.Types.BigQueryDestination.html">IamPolicyAnalysisOutputConfig.Types.BigQueryDestination</a>&gt;</div>
  </div>
  <div class="inheritedMembers">
    <h5>Inherited Members</h5>
    <div>
      <span class="xref">System.Object.ToString()</span>
    </div>
    <div>
      <span class="xref">System.Object.GetHashCode()</span>
    </div>
    <div>
      <span class="xref">System.Object.GetType()</span>
    </div>
    <div>
      <span class="xref">System.Object.MemberwiseClone()</span>
    </div>
  </div>
  <h6><strong>Namespace</strong>: <a class="xref" href="Google.Cloud.Asset.V1.html">Google.Cloud.Asset.V1</a></h6>
  <h6><strong>Assembly</strong>: Google.Cloud.Asset.V1.dll</h6>
  <h5 id="Google_Cloud_Asset_V1_IamPolicyAnalysisOutputConfig_Types_BigQueryDestination_syntax">Syntax</h5>
  <div class="codewrapper">
    <pre><code class="prettyprint">public sealed class BigQueryDestination : IMessage&lt;IamPolicyAnalysisOutputConfig.Types.BigQueryDestination&gt;, IMessage, IEquatable&lt;IamPolicyAnalysisOutputConfig.Types.BigQueryDestination&gt;, IDeepCloneable&lt;IamPolicyAnalysisOutputConfig.Types.BigQueryDestination&gt;</code></pre>
  </div>
  <h2 id="constructors">Constructors
  </h2>
  <a id="Google_Cloud_Asset_V1_IamPolicyAnalysisOutputConfig_Types_BigQueryDestination__ctor_" data-uid="Google.Cloud.Asset.V1.IamPolicyAnalysisOutputConfig.Types.BigQueryDestination.#ctor*"></a>
  <h3 id="Google_Cloud_Asset_V1_IamPolicyAnalysisOutputConfig_Types_BigQueryDestination__ctor" data-uid="Google.Cloud.Asset.V1.IamPolicyAnalysisOutputConfig.Types.BigQueryDestination.#ctor">BigQueryDestination()</h3>
  <div class="markdown level1 summary"></div>
  <div class="markdown level1 conceptual"></div>
  <h4 class="decalaration">Declaration</h4>
  <div class="codewrapper">
    <pre><code class="prettyprint">public BigQueryDestination()</code></pre>
  </div>
  <a id="Google_Cloud_Asset_V1_IamPolicyAnalysisOutputConfig_Types_BigQueryDestination__ctor_" data-uid="Google.Cloud.Asset.V1.IamPolicyAnalysisOutputConfig.Types.BigQueryDestination.#ctor*"></a>
  <h3 id="Google_Cloud_Asset_V1_IamPolicyAnalysisOutputConfig_Types_BigQueryDestination__ctor_Google_Cloud_Asset_V1_IamPolicyAnalysisOutputConfig_Types_BigQueryDestination_" data-uid="Google.Cloud.Asset.V1.IamPolicyAnalysisOutputConfig.Types.BigQueryDestination.#ctor(Google.Cloud.Asset.V1.IamPolicyAnalysisOutputConfig.Types.BigQueryDestination)">BigQueryDestination(IamPolicyAnalysisOutputConfig.Types.BigQueryDestination)</h3>
  <div class="markdown level1 summary"></div>
  <div class="markdown level1 conceptual"></div>
  <h4 class="decalaration">Declaration</h4>
  <div class="codewrapper">
    <pre><code class="prettyprint">public BigQueryDestination(IamPolicyAnalysisOutputConfig.Types.BigQueryDestination other)</code></pre>
  </div>
  <h4 class="parameters">Parameters</h4>
  <table class="table table-bordered table-striped table-condensed">
    <thead>
      <tr>
        <th>Type</th>
        <th>Name</th>
        <th>Description</th>
      </tr>
    </thead>
    <tbody>
      <tr>
        <td><a class="xref" href="Google.Cloud.Asset.V1.IamPolicyAnalysisOutputConfig.Types.BigQueryDestination.html">IamPolicyAnalysisOutputConfig.Types.BigQueryDestination</a></td>
        <td><span class="parametername">other</span></td>
        <td></td>
      </tr>
    </tbody>
  </table>
  <h2 id="properties">Properties
  </h2>
  <a id="Google_Cloud_Asset_V1_IamPolicyAnalysisOutputConfig_Types_BigQueryDestination_Dataset_" data-uid="Google.Cloud.Asset.V1.IamPolicyAnalysisOutputConfig.Types.BigQueryDestination.Dataset*"></a>
  <h3 id="Google_Cloud_Asset_V1_IamPolicyAnalysisOutputConfig_Types_BigQueryDestination_Dataset" data-uid="Google.Cloud.Asset.V1.IamPolicyAnalysisOutputConfig.Types.BigQueryDestination.Dataset">Dataset</h3>
  <div class="markdown level1 summary"><p>The BigQuery dataset in format &quot;projects/projectId/datasets/datasetId&quot;,
to which the analysis results should be exported. If this dataset does
not exist, the export call will return an INVALID_ARGUMENT error.</p>
</div>
  <div class="markdown level1 conceptual"></div>
  <h4 class="decalaration">Declaration</h4>
  <div class="codewrapper">
    <pre><code class="prettyprint">public string Dataset { get; set; }</code></pre>
  </div>
  <h4 class="propertyValue">Property Value</h4>
  <table class="table table-bordered table-striped table-condensed">
    <thead>
      <tr>
        <th>Type</th>
        <th>Description</th>
      </tr>
    </thead>
    <tbody>
      <tr>
        <td><span class="xref">System.String</span></td>
        <td></td>
      </tr>
    </tbody>
  </table>
  <a id="Google_Cloud_Asset_V1_IamPolicyAnalysisOutputConfig_Types_BigQueryDestination_PartitionKey_" data-uid="Google.Cloud.Asset.V1.IamPolicyAnalysisOutputConfig.Types.BigQueryDestination.PartitionKey*"></a>
  <h3 id="Google_Cloud_Asset_V1_IamPolicyAnalysisOutputConfig_Types_BigQueryDestination_PartitionKey" data-uid="Google.Cloud.Asset.V1.IamPolicyAnalysisOutputConfig.Types.BigQueryDestination.PartitionKey">PartitionKey</h3>
  <div class="markdown level1 summary"><p>The partition key for BigQuery partitioned table.</p>
</div>
  <div class="markdown level1 conceptual"></div>
  <h4 class="decalaration">Declaration</h4>
  <div class="codewrapper">
    <pre><code class="prettyprint">public IamPolicyAnalysisOutputConfig.Types.BigQueryDestination.Types.PartitionKey PartitionKey { get; set; }</code></pre>
  </div>
  <h4 class="propertyValue">Property Value</h4>
  <table class="table table-bordered table-striped table-condensed">
    <thead>
      <tr>
        <th>Type</th>
        <th>Description</th>
      </tr>
    </thead>
    <tbody>
      <tr>
        <td><a class="xref" href="Google.Cloud.Asset.V1.IamPolicyAnalysisOutputConfig.Types.BigQueryDestination.Types.PartitionKey.html">IamPolicyAnalysisOutputConfig.Types.BigQueryDestination.Types.PartitionKey</a></td>
        <td></td>
      </tr>
    </tbody>
  </table>
  <a id="Google_Cloud_Asset_V1_IamPolicyAnalysisOutputConfig_Types_BigQueryDestination_TablePrefix_" data-uid="Google.Cloud.Asset.V1.IamPolicyAnalysisOutputConfig.Types.BigQueryDestination.TablePrefix*"></a>
  <h3 id="Google_Cloud_Asset_V1_IamPolicyAnalysisOutputConfig_Types_BigQueryDestination_TablePrefix" data-uid="Google.Cloud.Asset.V1.IamPolicyAnalysisOutputConfig.Types.BigQueryDestination.TablePrefix">TablePrefix</h3>
  <div class="markdown level1 summary"><p>The prefix of the BigQuery tables to which the analysis results will be
written. Tables will be created based on this table_prefix if not exist:</p>
<ul>
<li>&lt;table_prefix&gt;_analysis table will contain export operation&apos;s metadata.</li>
<li>&lt;table_prefix&gt;_analysis_result will contain all the
[IamPolicyAnalysisResult][].
When [partition_key] is specified, both tables will be partitioned based
on the [partition_key].</li>
</ul>
</div>
  <div class="markdown level1 conceptual"></div>
  <h4 class="decalaration">Declaration</h4>
  <div class="codewrapper">
    <pre><code class="prettyprint">public string TablePrefix { get; set; }</code></pre>
  </div>
  <h4 class="propertyValue">Property Value</h4>
  <table class="table table-bordered table-striped table-condensed">
    <thead>
      <tr>
        <th>Type</th>
        <th>Description</th>
      </tr>
    </thead>
    <tbody>
      <tr>
        <td><span class="xref">System.String</span></td>
        <td></td>
      </tr>
    </tbody>
  </table>
  <a id="Google_Cloud_Asset_V1_IamPolicyAnalysisOutputConfig_Types_BigQueryDestination_WriteMode_" data-uid="Google.Cloud.Asset.V1.IamPolicyAnalysisOutputConfig.Types.BigQueryDestination.WriteMode*"></a>
  <h3 id="Google_Cloud_Asset_V1_IamPolicyAnalysisOutputConfig_Types_BigQueryDestination_WriteMode" data-uid="Google.Cloud.Asset.V1.IamPolicyAnalysisOutputConfig.Types.BigQueryDestination.WriteMode">WriteMode</h3>
  <div class="markdown level1 summary"><p>The write mode when table exists. WriteMode is ignored when no existing
tables, or no existing partitions are found.</p>
</div>
  <div class="markdown level1 conceptual"></div>
  <h4 class="decalaration">Declaration</h4>
  <div class="codewrapper">
    <pre><code class="prettyprint">public IamPolicyAnalysisOutputConfig.Types.BigQueryDestination.Types.WriteMode WriteMode { get; set; }</code></pre>
  </div>
  <h4 class="propertyValue">Property Value</h4>
  <table class="table table-bordered table-striped table-condensed">
    <thead>
      <tr>
        <th>Type</th>
        <th>Description</th>
      </tr>
    </thead>
    <tbody>
      <tr>
        <td><a class="xref" href="Google.Cloud.Asset.V1.IamPolicyAnalysisOutputConfig.Types.BigQueryDestination.Types.WriteMode.html">IamPolicyAnalysisOutputConfig.Types.BigQueryDestination.Types.WriteMode</a></td>
        <td></td>
      </tr>
    </tbody>
  </table>
  <h2 id="implements">Implements</h2>
  <div>
      <span class="xref">Google.Protobuf.IMessage&lt;T&gt;</span>
  </div>
  <div>
      <span class="xref">Google.Protobuf.IMessage</span>
  </div>
  <div>
      <span class="xref">System.IEquatable&lt;T&gt;</span>
  </div>
  <div>
      <span class="xref">Google.Protobuf.IDeepCloneable&lt;T&gt;</span>
  </div>
</article>
          </div>
        </div>
      </div>
    </div>
      </body>
</html>
