<!DOCTYPE html>
<html devsite="">
  <head>
    <meta name="project_path" value="/dotnet/_project.yaml">
    <meta name="book_path" value="/dotnet/_book.yaml">
  </head>
  <body>
    <div>
      <article data-uid="Google.Cloud.Asset.V1.IamPolicySearchResult.Types.Explanation.Types.Permissions">
<h1 class="page-title">Class IamPolicySearchResult.Types.Explanation.Types.Permissions
</h1>
  
  
  {% verbatim %}
  <div class="markdown level0 summary"><p>IAM permissions</p>
</div>
  <div class="inheritance">
    <h5>Inheritance</h5>
    <span><span class="xref">System.Object</span></span> <span> &gt; </span>
    <span class="xref">IamPolicySearchResult.Types.Explanation.Types.Permissions</span>
  </div>
  <div classs="implements">
    <h5>Implements</h5>
    <span><span class="xref">Google.Protobuf.IMessage</span>&lt;<a class="xref" href="Google.Cloud.Asset.V1.IamPolicySearchResult.Types.Explanation.Types.Permissions.html">IamPolicySearchResult.Types.Explanation.Types.Permissions</a>&gt;,</span>
    <span><span class="xref">Google.Protobuf.IMessage</span>,</span>
    <span><span class="xref">System.IEquatable</span>&lt;<a class="xref" href="Google.Cloud.Asset.V1.IamPolicySearchResult.Types.Explanation.Types.Permissions.html">IamPolicySearchResult.Types.Explanation.Types.Permissions</a>&gt;,</span>
    <span><span class="xref">Google.Protobuf.IDeepCloneable</span>&lt;<a class="xref" href="Google.Cloud.Asset.V1.IamPolicySearchResult.Types.Explanation.Types.Permissions.html">IamPolicySearchResult.Types.Explanation.Types.Permissions</a>&gt;</span>
  </div>
  <div class="inheritedMembers">
    <h5>Inherited Members</h5>
    <div>
      <span class="xref">System.Object.ToString()</span>
    </div>
    <div>
      <span class="xref">System.Object.GetHashCode()</span>
    </div>
    <div>
      <span class="xref">System.Object.GetType()</span>
    </div>
    <div>
      <span class="xref">System.Object.MemberwiseClone()</span>
    </div>
  </div>
  <h6><strong>Namespace</strong>: <a class="xref" href="Google.Cloud.Asset.V1.html">Google.Cloud.Asset.V1</a></h6>
  <h6><strong>Assembly</strong>: Google.Cloud.Asset.V1.dll</h6>
  <h5 id="Google_Cloud_Asset_V1_IamPolicySearchResult_Types_Explanation_Types_Permissions_syntax">Syntax</h5>
  <div class="codewrapper">
    <pre><code class="prettyprint">public sealed class Permissions : IMessage&lt;IamPolicySearchResult.Types.Explanation.Types.Permissions&gt;, IMessage, IEquatable&lt;IamPolicySearchResult.Types.Explanation.Types.Permissions&gt;, IDeepCloneable&lt;IamPolicySearchResult.Types.Explanation.Types.Permissions&gt;</code></pre>
  </div>
  {% endverbatim %}
  <h2 id="constructors">Constructors
  </h2>
  <a id="Google_Cloud_Asset_V1_IamPolicySearchResult_Types_Explanation_Types_Permissions__ctor_" data-uid="Google.Cloud.Asset.V1.IamPolicySearchResult.Types.Explanation.Types.Permissions.#ctor*"></a>
  <h3 id="Google_Cloud_Asset_V1_IamPolicySearchResult_Types_Explanation_Types_Permissions__ctor" data-uid="Google.Cloud.Asset.V1.IamPolicySearchResult.Types.Explanation.Types.Permissions.#ctor" class="notranslate">Permissions()</h3>
  <div class="codewrapper">
    <pre><code class="prettyprint">public Permissions()</code></pre>
  </div>
  <a id="Google_Cloud_Asset_V1_IamPolicySearchResult_Types_Explanation_Types_Permissions__ctor_" data-uid="Google.Cloud.Asset.V1.IamPolicySearchResult.Types.Explanation.Types.Permissions.#ctor*"></a>
  <h3 id="Google_Cloud_Asset_V1_IamPolicySearchResult_Types_Explanation_Types_Permissions__ctor_Google_Cloud_Asset_V1_IamPolicySearchResult_Types_Explanation_Types_Permissions_" data-uid="Google.Cloud.Asset.V1.IamPolicySearchResult.Types.Explanation.Types.Permissions.#ctor(Google.Cloud.Asset.V1.IamPolicySearchResult.Types.Explanation.Types.Permissions)" class="notranslate">Permissions(IamPolicySearchResult.Types.Explanation.Types.Permissions)</h3>
  <div class="codewrapper">
    <pre><code class="prettyprint">public Permissions(IamPolicySearchResult.Types.Explanation.Types.Permissions other)</code></pre>
  </div>
  <strong>Parameters</strong>
  <table class="table table-bordered table-striped table-condensed">
    <thead>
      <tr>
        <th>Type</th>
        <th>Name</th>
        <th>Description</th>
      </tr>
    </thead>
    <tbody>
      <tr>
        <td><a class="xref" href="Google.Cloud.Asset.V1.IamPolicySearchResult.Types.Explanation.Types.Permissions.html">IamPolicySearchResult.Types.Explanation.Types.Permissions</a></td>
        <td><span class="parametername">other</span></td>
        <td></td>
      </tr>
    </tbody>
  </table>
  <h2 id="properties">Properties
  </h2>
  <a id="Google_Cloud_Asset_V1_IamPolicySearchResult_Types_Explanation_Types_Permissions_Permissions__" data-uid="Google.Cloud.Asset.V1.IamPolicySearchResult.Types.Explanation.Types.Permissions.Permissions_*"></a>
  <h3 id="Google_Cloud_Asset_V1_IamPolicySearchResult_Types_Explanation_Types_Permissions_Permissions_" data-uid="Google.Cloud.Asset.V1.IamPolicySearchResult.Types.Explanation.Types.Permissions.Permissions_" class="notranslate">Permissions_</h3>
  <div class="codewrapper">
    <pre><code class="prettyprint">public RepeatedField&lt;string&gt; Permissions_ { get; }</code></pre>
  </div>
  <div class="markdown level1 summary"><p>A list of permissions. A sample permission string: <code>compute.disk.get</code>.</p>
</div>
  <strong>Property Value</strong>
  <table class="table table-bordered table-striped table-condensed">
    <thead>
      <tr>
        <th>Type</th>
        <th>Description</th>
      </tr>
    </thead>
    <tbody>
      <tr>
        <td><span class="xref">Google.Protobuf.Collections.RepeatedField</span>&lt;<span class="xref">System.String</span>&gt;</td>
        <td></td>
      </tr>
    </tbody>
  </table>
  <h2 id="implements">Implements</h2>
  <div>
      <span class="xref">Google.Protobuf.IMessage&lt;T&gt;</span>
  </div>
  <div>
      <span class="xref">Google.Protobuf.IMessage</span>
  </div>
  <div>
      <span class="xref">System.IEquatable&lt;T&gt;</span>
  </div>
  <div>
      <span class="xref">Google.Protobuf.IDeepCloneable&lt;T&gt;</span>
  </div>
</article>
    </div>
  </body>
</html>
