<!DOCTYPE html>
<!--[if IE]><![endif]-->
<html devsite="">
  
  <head>
    <meta charset="utf-8">
    <meta http-equiv="X-UA-Compatible" content="IE=edge,chrome=1">
    <title>Enum ContentType
  </title>
    <meta name="viewport" content="width=device-width">
    <meta name="title" content="Enum ContentType
  ">
    
    <link rel="shortcut icon" href="../favicon.ico">
    <meta name="project_path" value="/dotnet/_project.yaml">
    <meta name="book_path" value="/dotnet/_book.yaml">
    
  </head>
  <body data-spy="scroll" data-target="#affix" data-offset="120">
    <div id="wrapper">
      <header>
      </header>
      <div role="main" class="container body-content hide-when-search">
        <div class="article row grid">
          <div class="col-md-12">
            <article class="content wrap" id="_content" data-uid="Google.Cloud.Asset.V1.ContentType">
  
  
  <div class="markdown level0 summary"><p>Asset content type.</p>
</div>
  <div class="markdown level0 conceptual"></div>
  <h6><strong>Namespace</strong>: <a class="xref" href="Google.Cloud.Asset.V1.html">Google.Cloud.Asset.V1</a></h6>
  <h6><strong>Assembly</strong>: Google.Cloud.Asset.V1.dll</h6>
  <h5 id="Google_Cloud_Asset_V1_ContentType_syntax">Syntax</h5>
  <div class="codewrapper">
    <pre><code class="prettyprint">public enum ContentType</code></pre>
  </div>
  <h3 id="fields">Fields
  </h3>
  <table class="table table-bordered table-striped table-condensed">
    <thead>
      <tr>
        <th>Name</th>
        <th>Description</th>
      </tr>
    <thead>
    <tbody>
      <tr>
        <td id="Google_Cloud_Asset_V1_ContentType_AccessPolicy">AccessPolicy</td>
        <td><p>The Cloud Access context manager Policy set on an asset.</p>
</td>
      </tr>
      <tr>
        <td id="Google_Cloud_Asset_V1_ContentType_IamPolicy">IamPolicy</td>
        <td><p>The actual IAM policy set on a resource.</p>
</td>
      </tr>
      <tr>
        <td id="Google_Cloud_Asset_V1_ContentType_OrgPolicy">OrgPolicy</td>
        <td><p>The Cloud Organization Policy set on an asset.</p>
</td>
      </tr>
      <tr>
        <td id="Google_Cloud_Asset_V1_ContentType_Resource">Resource</td>
        <td><p>Resource metadata.</p>
</td>
      </tr>
      <tr>
        <td id="Google_Cloud_Asset_V1_ContentType_Unspecified">Unspecified</td>
        <td><p>Unspecified content type.</p>
</td>
      </tr>
    </tbody>
  </thead></thead></table>
</article>
          </div>
        </div>
      </div>
    </div>
      </body>
</html>
