<!DOCTYPE html>
<!--[if IE]><![endif]-->
<html devsite="">
  
  <head>
    <meta charset="utf-8">
    <meta http-equiv="X-UA-Compatible" content="IE=edge,chrome=1">
    <title>Class ExportIamPolicyAnalysisRequest
  </title>
    <meta name="viewport" content="width=device-width">
    <meta name="title" content="Class ExportIamPolicyAnalysisRequest
  ">
    
    <link rel="shortcut icon" href="../favicon.ico">
    <meta name="project_path" value="/dotnet/_project.yaml">
    <meta name="book_path" value="/dotnet/_book.yaml">
    
  </head>
  <body data-spy="scroll" data-target="#affix" data-offset="120">
    <div id="wrapper">
      <header>
      </header>
      <div role="main" class="container body-content hide-when-search">
        <div class="article row grid">
          <div class="col-md-12">
            <article class="content wrap" id="_content" data-uid="Google.Cloud.Asset.V1.ExportIamPolicyAnalysisRequest">
  
  
  <div class="markdown level0 summary"><p>A request message for [AssetService.ExportIamPolicyAnalysis][].</p>
</div>
  <div class="markdown level0 conceptual"></div>
  <div class="inheritance">
    <h5>Inheritance</h5>
    <div class="level0"><span class="xref">System.Object</span></div>
    <div class="level1"><span class="xref">ExportIamPolicyAnalysisRequest</span></div>
  </div>
  <div classs="implements">
    <h5>Implements</h5>
    <div><span class="xref">Google.Protobuf.IMessage</span>&lt;<a class="xref" href="Google.Cloud.Asset.V1.ExportIamPolicyAnalysisRequest.html">ExportIamPolicyAnalysisRequest</a>&gt;</div>
    <div><span class="xref">Google.Protobuf.IMessage</span></div>
    <div><span class="xref">System.IEquatable</span>&lt;<a class="xref" href="Google.Cloud.Asset.V1.ExportIamPolicyAnalysisRequest.html">ExportIamPolicyAnalysisRequest</a>&gt;</div>
    <div><span class="xref">Google.Protobuf.IDeepCloneable</span>&lt;<a class="xref" href="Google.Cloud.Asset.V1.ExportIamPolicyAnalysisRequest.html">ExportIamPolicyAnalysisRequest</a>&gt;</div>
  </div>
  <div class="inheritedMembers">
    <h5>Inherited Members</h5>
    <div>
      <span class="xref">System.Object.ToString()</span>
    </div>
    <div>
      <span class="xref">System.Object.GetHashCode()</span>
    </div>
    <div>
      <span class="xref">System.Object.GetType()</span>
    </div>
    <div>
      <span class="xref">System.Object.MemberwiseClone()</span>
    </div>
  </div>
  <h6><strong>Namespace</strong>: <a class="xref" href="Google.Cloud.Asset.V1.html">Google.Cloud.Asset.V1</a></h6>
  <h6><strong>Assembly</strong>: Google.Cloud.Asset.V1.dll</h6>
  <h5 id="Google_Cloud_Asset_V1_ExportIamPolicyAnalysisRequest_syntax">Syntax</h5>
  <div class="codewrapper">
    <pre><code class="prettyprint">public sealed class ExportIamPolicyAnalysisRequest : IMessage&lt;ExportIamPolicyAnalysisRequest&gt;, IMessage, IEquatable&lt;ExportIamPolicyAnalysisRequest&gt;, IDeepCloneable&lt;ExportIamPolicyAnalysisRequest&gt;</code></pre>
  </div>
  <h2 id="constructors">Constructors
  </h2>
  <a id="Google_Cloud_Asset_V1_ExportIamPolicyAnalysisRequest__ctor_" data-uid="Google.Cloud.Asset.V1.ExportIamPolicyAnalysisRequest.#ctor*"></a>
  <h3 id="Google_Cloud_Asset_V1_ExportIamPolicyAnalysisRequest__ctor" data-uid="Google.Cloud.Asset.V1.ExportIamPolicyAnalysisRequest.#ctor">ExportIamPolicyAnalysisRequest()</h3>
  <div class="markdown level1 summary"></div>
  <div class="markdown level1 conceptual"></div>
  <h4 class="decalaration">Declaration</h4>
  <div class="codewrapper">
    <pre><code class="prettyprint">public ExportIamPolicyAnalysisRequest()</code></pre>
  </div>
  <a id="Google_Cloud_Asset_V1_ExportIamPolicyAnalysisRequest__ctor_" data-uid="Google.Cloud.Asset.V1.ExportIamPolicyAnalysisRequest.#ctor*"></a>
  <h3 id="Google_Cloud_Asset_V1_ExportIamPolicyAnalysisRequest__ctor_Google_Cloud_Asset_V1_ExportIamPolicyAnalysisRequest_" data-uid="Google.Cloud.Asset.V1.ExportIamPolicyAnalysisRequest.#ctor(Google.Cloud.Asset.V1.ExportIamPolicyAnalysisRequest)">ExportIamPolicyAnalysisRequest(ExportIamPolicyAnalysisRequest)</h3>
  <div class="markdown level1 summary"></div>
  <div class="markdown level1 conceptual"></div>
  <h4 class="decalaration">Declaration</h4>
  <div class="codewrapper">
    <pre><code class="prettyprint">public ExportIamPolicyAnalysisRequest(ExportIamPolicyAnalysisRequest other)</code></pre>
  </div>
  <h4 class="parameters">Parameters</h4>
  <table class="table table-bordered table-striped table-condensed">
    <thead>
      <tr>
        <th>Type</th>
        <th>Name</th>
        <th>Description</th>
      </tr>
    </thead>
    <tbody>
      <tr>
        <td><a class="xref" href="Google.Cloud.Asset.V1.ExportIamPolicyAnalysisRequest.html">ExportIamPolicyAnalysisRequest</a></td>
        <td><span class="parametername">other</span></td>
        <td></td>
      </tr>
    </tbody>
  </table>
  <h2 id="properties">Properties
  </h2>
  <a id="Google_Cloud_Asset_V1_ExportIamPolicyAnalysisRequest_AnalysisQuery_" data-uid="Google.Cloud.Asset.V1.ExportIamPolicyAnalysisRequest.AnalysisQuery*"></a>
  <h3 id="Google_Cloud_Asset_V1_ExportIamPolicyAnalysisRequest_AnalysisQuery" data-uid="Google.Cloud.Asset.V1.ExportIamPolicyAnalysisRequest.AnalysisQuery">AnalysisQuery</h3>
  <div class="markdown level1 summary"><p>The request query.</p>
</div>
  <div class="markdown level1 conceptual"></div>
  <h4 class="decalaration">Declaration</h4>
  <div class="codewrapper">
    <pre><code class="prettyprint">public IamPolicyAnalysisQuery AnalysisQuery { get; set; }</code></pre>
  </div>
  <h4 class="propertyValue">Property Value</h4>
  <table class="table table-bordered table-striped table-condensed">
    <thead>
      <tr>
        <th>Type</th>
        <th>Description</th>
      </tr>
    </thead>
    <tbody>
      <tr>
        <td><a class="xref" href="Google.Cloud.Asset.V1.IamPolicyAnalysisQuery.html">IamPolicyAnalysisQuery</a></td>
        <td></td>
      </tr>
    </tbody>
  </table>
  <a id="Google_Cloud_Asset_V1_ExportIamPolicyAnalysisRequest_OutputConfig_" data-uid="Google.Cloud.Asset.V1.ExportIamPolicyAnalysisRequest.OutputConfig*"></a>
  <h3 id="Google_Cloud_Asset_V1_ExportIamPolicyAnalysisRequest_OutputConfig" data-uid="Google.Cloud.Asset.V1.ExportIamPolicyAnalysisRequest.OutputConfig">OutputConfig</h3>
  <div class="markdown level1 summary"><p>Output configuration indicating where the results will be output to.</p>
</div>
  <div class="markdown level1 conceptual"></div>
  <h4 class="decalaration">Declaration</h4>
  <div class="codewrapper">
    <pre><code class="prettyprint">public IamPolicyAnalysisOutputConfig OutputConfig { get; set; }</code></pre>
  </div>
  <h4 class="propertyValue">Property Value</h4>
  <table class="table table-bordered table-striped table-condensed">
    <thead>
      <tr>
        <th>Type</th>
        <th>Description</th>
      </tr>
    </thead>
    <tbody>
      <tr>
        <td><a class="xref" href="Google.Cloud.Asset.V1.IamPolicyAnalysisOutputConfig.html">IamPolicyAnalysisOutputConfig</a></td>
        <td></td>
      </tr>
    </tbody>
  </table>
  <h2 id="implements">Implements</h2>
  <div>
      <span class="xref">Google.Protobuf.IMessage&lt;T&gt;</span>
  </div>
  <div>
      <span class="xref">Google.Protobuf.IMessage</span>
  </div>
  <div>
      <span class="xref">System.IEquatable&lt;T&gt;</span>
  </div>
  <div>
      <span class="xref">Google.Protobuf.IDeepCloneable&lt;T&gt;</span>
  </div>
</article>
          </div>
        </div>
      </div>
    </div>
      </body>
</html>
