<!DOCTYPE html>
<!--[if IE]><![endif]-->
<html devsite="">
  
  <head>
    <meta charset="utf-8">
    <meta http-equiv="X-UA-Compatible" content="IE=edge,chrome=1">
    <title>Class TemporalAsset
  </title>
    <meta name="viewport" content="width=device-width">
    <meta name="title" content="Class TemporalAsset
  ">
    
    <link rel="shortcut icon" href="../favicon.ico">
    <meta name="project_path" value="/dotnet/_project.yaml">
    <meta name="book_path" value="/dotnet/_book.yaml">
    
  </head>
  <body data-spy="scroll" data-target="#affix" data-offset="120">
    <div id="wrapper">
      <header>
      </header>
      <div role="main" class="container body-content hide-when-search">
        <div class="article row grid">
          <div class="col-md-12">
            <article class="content wrap" id="_content" data-uid="Google.Cloud.Asset.V1.TemporalAsset">
  
  
  <div class="markdown level0 summary"><p>An asset in Google Cloud and its temporal metadata, including the time window
when it was observed and its status during that window.</p>
</div>
  <div class="markdown level0 conceptual"></div>
  <div class="inheritance">
    <h5>Inheritance</h5>
    <div class="level0"><span class="xref">System.Object</span></div>
    <div class="level1"><span class="xref">TemporalAsset</span></div>
  </div>
  <div classs="implements">
    <h5>Implements</h5>
    <div><span class="xref">Google.Protobuf.IMessage</span>&lt;<a class="xref" href="Google.Cloud.Asset.V1.TemporalAsset.html">TemporalAsset</a>&gt;</div>
    <div><span class="xref">Google.Protobuf.IMessage</span></div>
    <div><span class="xref">System.IEquatable</span>&lt;<a class="xref" href="Google.Cloud.Asset.V1.TemporalAsset.html">TemporalAsset</a>&gt;</div>
    <div><span class="xref">Google.Protobuf.IDeepCloneable</span>&lt;<a class="xref" href="Google.Cloud.Asset.V1.TemporalAsset.html">TemporalAsset</a>&gt;</div>
  </div>
  <div class="inheritedMembers">
    <h5>Inherited Members</h5>
    <div>
      <span class="xref">System.Object.ToString()</span>
    </div>
    <div>
      <span class="xref">System.Object.GetHashCode()</span>
    </div>
    <div>
      <span class="xref">System.Object.GetType()</span>
    </div>
    <div>
      <span class="xref">System.Object.MemberwiseClone()</span>
    </div>
  </div>
  <h6><strong>Namespace</strong>: <a class="xref" href="Google.Cloud.Asset.V1.html">Google.Cloud.Asset.V1</a></h6>
  <h6><strong>Assembly</strong>: Google.Cloud.Asset.V1.dll</h6>
  <h5 id="Google_Cloud_Asset_V1_TemporalAsset_syntax">Syntax</h5>
  <div class="codewrapper">
    <pre><code class="prettyprint">public sealed class TemporalAsset : IMessage&lt;TemporalAsset&gt;, IMessage, IEquatable&lt;TemporalAsset&gt;, IDeepCloneable&lt;TemporalAsset&gt;</code></pre>
  </div>
  <h2 id="constructors">Constructors
  </h2>
  <a id="Google_Cloud_Asset_V1_TemporalAsset__ctor_" data-uid="Google.Cloud.Asset.V1.TemporalAsset.#ctor*"></a>
  <h3 id="Google_Cloud_Asset_V1_TemporalAsset__ctor" data-uid="Google.Cloud.Asset.V1.TemporalAsset.#ctor">TemporalAsset()</h3>
  <div class="markdown level1 summary"></div>
  <div class="markdown level1 conceptual"></div>
  <h4 class="decalaration">Declaration</h4>
  <div class="codewrapper">
    <pre><code class="prettyprint">public TemporalAsset()</code></pre>
  </div>
  <a id="Google_Cloud_Asset_V1_TemporalAsset__ctor_" data-uid="Google.Cloud.Asset.V1.TemporalAsset.#ctor*"></a>
  <h3 id="Google_Cloud_Asset_V1_TemporalAsset__ctor_Google_Cloud_Asset_V1_TemporalAsset_" data-uid="Google.Cloud.Asset.V1.TemporalAsset.#ctor(Google.Cloud.Asset.V1.TemporalAsset)">TemporalAsset(TemporalAsset)</h3>
  <div class="markdown level1 summary"></div>
  <div class="markdown level1 conceptual"></div>
  <h4 class="decalaration">Declaration</h4>
  <div class="codewrapper">
    <pre><code class="prettyprint">public TemporalAsset(TemporalAsset other)</code></pre>
  </div>
  <h4 class="parameters">Parameters</h4>
  <table class="table table-bordered table-striped table-condensed">
    <thead>
      <tr>
        <th>Type</th>
        <th>Name</th>
        <th>Description</th>
      </tr>
    </thead>
    <tbody>
      <tr>
        <td><a class="xref" href="Google.Cloud.Asset.V1.TemporalAsset.html">TemporalAsset</a></td>
        <td><span class="parametername">other</span></td>
        <td></td>
      </tr>
    </tbody>
  </table>
  <h2 id="properties">Properties
  </h2>
  <a id="Google_Cloud_Asset_V1_TemporalAsset_Asset_" data-uid="Google.Cloud.Asset.V1.TemporalAsset.Asset*"></a>
  <h3 id="Google_Cloud_Asset_V1_TemporalAsset_Asset" data-uid="Google.Cloud.Asset.V1.TemporalAsset.Asset">Asset</h3>
  <div class="markdown level1 summary"><p>An asset in Google Cloud.</p>
</div>
  <div class="markdown level1 conceptual"></div>
  <h4 class="decalaration">Declaration</h4>
  <div class="codewrapper">
    <pre><code class="prettyprint">public Asset Asset { get; set; }</code></pre>
  </div>
  <h4 class="propertyValue">Property Value</h4>
  <table class="table table-bordered table-striped table-condensed">
    <thead>
      <tr>
        <th>Type</th>
        <th>Description</th>
      </tr>
    </thead>
    <tbody>
      <tr>
        <td><a class="xref" href="Google.Cloud.Asset.V1.Asset.html">Asset</a></td>
        <td></td>
      </tr>
    </tbody>
  </table>
  <a id="Google_Cloud_Asset_V1_TemporalAsset_Deleted_" data-uid="Google.Cloud.Asset.V1.TemporalAsset.Deleted*"></a>
  <h3 id="Google_Cloud_Asset_V1_TemporalAsset_Deleted" data-uid="Google.Cloud.Asset.V1.TemporalAsset.Deleted">Deleted</h3>
  <div class="markdown level1 summary"><p>Whether the asset has been deleted or not.</p>
</div>
  <div class="markdown level1 conceptual"></div>
  <h4 class="decalaration">Declaration</h4>
  <div class="codewrapper">
    <pre><code class="prettyprint">public bool Deleted { get; set; }</code></pre>
  </div>
  <h4 class="propertyValue">Property Value</h4>
  <table class="table table-bordered table-striped table-condensed">
    <thead>
      <tr>
        <th>Type</th>
        <th>Description</th>
      </tr>
    </thead>
    <tbody>
      <tr>
        <td><span class="xref">System.Boolean</span></td>
        <td></td>
      </tr>
    </tbody>
  </table>
  <a id="Google_Cloud_Asset_V1_TemporalAsset_PriorAsset_" data-uid="Google.Cloud.Asset.V1.TemporalAsset.PriorAsset*"></a>
  <h3 id="Google_Cloud_Asset_V1_TemporalAsset_PriorAsset" data-uid="Google.Cloud.Asset.V1.TemporalAsset.PriorAsset">PriorAsset</h3>
  <div class="markdown level1 summary"><p>Prior copy of the asset. Populated if prior_asset_state is PRESENT.
Currently this is only set for responses in Real-Time Feed.</p>
</div>
  <div class="markdown level1 conceptual"></div>
  <h4 class="decalaration">Declaration</h4>
  <div class="codewrapper">
    <pre><code class="prettyprint">public Asset PriorAsset { get; set; }</code></pre>
  </div>
  <h4 class="propertyValue">Property Value</h4>
  <table class="table table-bordered table-striped table-condensed">
    <thead>
      <tr>
        <th>Type</th>
        <th>Description</th>
      </tr>
    </thead>
    <tbody>
      <tr>
        <td><a class="xref" href="Google.Cloud.Asset.V1.Asset.html">Asset</a></td>
        <td></td>
      </tr>
    </tbody>
  </table>
  <a id="Google_Cloud_Asset_V1_TemporalAsset_PriorAssetState_" data-uid="Google.Cloud.Asset.V1.TemporalAsset.PriorAssetState*"></a>
  <h3 id="Google_Cloud_Asset_V1_TemporalAsset_PriorAssetState" data-uid="Google.Cloud.Asset.V1.TemporalAsset.PriorAssetState">PriorAssetState</h3>
  <div class="markdown level1 summary"><p>State of prior_asset.</p>
</div>
  <div class="markdown level1 conceptual"></div>
  <h4 class="decalaration">Declaration</h4>
  <div class="codewrapper">
    <pre><code class="prettyprint">public TemporalAsset.Types.PriorAssetState PriorAssetState { get; set; }</code></pre>
  </div>
  <h4 class="propertyValue">Property Value</h4>
  <table class="table table-bordered table-striped table-condensed">
    <thead>
      <tr>
        <th>Type</th>
        <th>Description</th>
      </tr>
    </thead>
    <tbody>
      <tr>
        <td><a class="xref" href="Google.Cloud.Asset.V1.TemporalAsset.Types.PriorAssetState.html">TemporalAsset.Types.PriorAssetState</a></td>
        <td></td>
      </tr>
    </tbody>
  </table>
  <a id="Google_Cloud_Asset_V1_TemporalAsset_Window_" data-uid="Google.Cloud.Asset.V1.TemporalAsset.Window*"></a>
  <h3 id="Google_Cloud_Asset_V1_TemporalAsset_Window" data-uid="Google.Cloud.Asset.V1.TemporalAsset.Window">Window</h3>
  <div class="markdown level1 summary"><p>The time window when the asset data and state was observed.</p>
</div>
  <div class="markdown level1 conceptual"></div>
  <h4 class="decalaration">Declaration</h4>
  <div class="codewrapper">
    <pre><code class="prettyprint">public TimeWindow Window { get; set; }</code></pre>
  </div>
  <h4 class="propertyValue">Property Value</h4>
  <table class="table table-bordered table-striped table-condensed">
    <thead>
      <tr>
        <th>Type</th>
        <th>Description</th>
      </tr>
    </thead>
    <tbody>
      <tr>
        <td><a class="xref" href="Google.Cloud.Asset.V1.TimeWindow.html">TimeWindow</a></td>
        <td></td>
      </tr>
    </tbody>
  </table>
  <h2 id="implements">Implements</h2>
  <div>
      <span class="xref">Google.Protobuf.IMessage&lt;T&gt;</span>
  </div>
  <div>
      <span class="xref">Google.Protobuf.IMessage</span>
  </div>
  <div>
      <span class="xref">System.IEquatable&lt;T&gt;</span>
  </div>
  <div>
      <span class="xref">Google.Protobuf.IDeepCloneable&lt;T&gt;</span>
  </div>
</article>
          </div>
        </div>
      </div>
    </div>
      </body>
</html>
