<!DOCTYPE html>
<html devsite="">
  <head>
    <meta name="project_path" value="/python/_project.yaml">
    <meta name="book_path" value="/python/_book.yaml">
  </head>
  <body>
    <div>
      <article data-uid="google.cloud.bigquery_storage_v1.types.ArrowSchema">
<h1 class="page-title">Class ArrowSchema
</h1>
  
  
  {% verbatim %}
  <div class="markdown level0 summary"><p>Arrow schema as specified in
<a href="https://arrow.apache.org/docs/python/api/datatypes.html">https://arrow.apache.org/docs/python/api/datatypes.html</a> and
serialized to bytes using IPC:
<a href="https://arrow.apache.org/docs/format/Columnar.html#serialization-">https://arrow.apache.org/docs/format/Columnar.html#serialization-</a>
and-interprocess-communication-ipc
See code samples on how this message can be deserialized.</p>
<p>Attributes:
    serialized_schema (bytes):
        IPC serialized Arrow schema.</p>
</div>
  <div class="inheritance">
    <h2>Inheritance</h2>
          <span><span class="xref">builtins.object</span></span>
          <span> &gt; </span>
      <span><span class="xref">proto.message.Message</span></span>
      <span> &gt; </span>
      <span class="xref">ArrowSchema</span>
  </div>
  {% endverbatim %}
</article>
    </div>
  </body>
</html>
