<!DOCTYPE html>
<html devsite="">
  <head>
    <meta name="project_path" value="/python/_project.yaml">
    <meta name="book_path" value="/python/_book.yaml">
  </head>
  <body>
    <div>
      <article data-uid="google.cloud.bigquery_storage_v1beta2.types.TableFieldSchema.Type">
<h1 class="page-title">Class Type
</h1>
  
  
  {% verbatim %}
  <div class="inheritance">
    <h2>Inheritance</h2>
                  <span><span class="xref">builtins.object</span></span>
                  <span> &gt; </span>
              <span><span class="xref">builtins.int</span></span>
              <span> &gt; </span>
                  <span><span class="xref">builtins.object</span></span>
                  <span> &gt; </span>
              <span><span class="xref">enum.Enum</span></span>
              <span> &gt; </span>
          <span><span class="xref">enum.IntEnum</span></span>
          <span> &gt; </span>
      <span><span class="xref">proto.enums.Enum</span></span>
      <span> &gt; </span>
      <span class="xref">Type</span>
  </div>
  {% endverbatim %}
</article>
    </div>
  </body>
</html>
