<!DOCTYPE html>
<html devsite="">
  <head>
    <meta name="project_path" value="/python/_project.yaml">
    <meta name="book_path" value="/python/_book.yaml">
  </head>
  <body>
    {% verbatim %}
    <div>
      <article data-uid="google.cloud.bigquery_storage_v1beta2.types.FlushRowsRequest">
<h1 class="page-title">Class FlushRowsRequest
</h1>
  
  
  <div class="markdown level0 summary"><p>Request message for <code>FlushRows</code>.
Attributes:
    write_stream (str):
        Required. The stream that is the target of
        the flush operation.
    offset (google.protobuf.wrappers_pb2.Int64Value):
        Ending offset of the flush operation. Rows
        before this offset(including this offset) will
        be flushed.</p>
</div>
  <div class="inheritance">
    <h2>Inheritance</h2>
          <span><span class="xref">builtins.object</span></span>
          <span> &gt; </span>
      <span><span class="xref">proto.message.Message</span></span>
      <span> &gt; </span>
      <span class="xref">FlushRowsRequest</span>
  </div>
</article>
    </div>
    {% endverbatim %}
  </body>
</html>
